Archive member included to satisfy reference by file (symbol)

/usr/local/gcc-arm-none-eabi-5_4-2016q3/bin/../lib/gcc/arm-none-eabi/5.4.1/../../../../arm-none-eabi/lib/armv7e-m/fpu/libc_nano.a(lib_a-memset.o)
                              /tmp/cck3pDp6.ltrans0.ltrans.o (memset)
/usr/local/gcc-arm-none-eabi-5_4-2016q3/bin/../lib/gcc/arm-none-eabi/5.4.1/../../../../arm-none-eabi/lib/armv7e-m/fpu/libc_nano.a(lib_a-vsprintf.o)
                              /tmp/cck3pDp6.ltrans4.ltrans.o (vsprintf)
/usr/local/gcc-arm-none-eabi-5_4-2016q3/bin/../lib/gcc/arm-none-eabi/5.4.1/../../../../arm-none-eabi/lib/armv7e-m/fpu/libc_nano.a(lib_a-impure.o)
                              /usr/local/gcc-arm-none-eabi-5_4-2016q3/bin/../lib/gcc/arm-none-eabi/5.4.1/../../../../arm-none-eabi/lib/armv7e-m/fpu/libc_nano.a(lib_a-vsprintf.o) (_impure_ptr)
/usr/local/gcc-arm-none-eabi-5_4-2016q3/bin/../lib/gcc/arm-none-eabi/5.4.1/../../../../arm-none-eabi/lib/armv7e-m/fpu/libc_nano.a(lib_a-nano-svfprintf.o)
                              /usr/local/gcc-arm-none-eabi-5_4-2016q3/bin/../lib/gcc/arm-none-eabi/5.4.1/../../../../arm-none-eabi/lib/armv7e-m/fpu/libc_nano.a(lib_a-vsprintf.o) (_svfprintf_r)
/usr/local/gcc-arm-none-eabi-5_4-2016q3/bin/../lib/gcc/arm-none-eabi/5.4.1/../../../../arm-none-eabi/lib/armv7e-m/fpu/libc_nano.a(lib_a-nano-vfprintf_i.o)
                              /usr/local/gcc-arm-none-eabi-5_4-2016q3/bin/../lib/gcc/arm-none-eabi/5.4.1/../../../../arm-none-eabi/lib/armv7e-m/fpu/libc_nano.a(lib_a-nano-svfprintf.o) (_printf_i)
/usr/local/gcc-arm-none-eabi-5_4-2016q3/bin/../lib/gcc/arm-none-eabi/5.4.1/../../../../arm-none-eabi/lib/armv7e-m/fpu/libc_nano.a(lib_a-memchr.o)
                              /usr/local/gcc-arm-none-eabi-5_4-2016q3/bin/../lib/gcc/arm-none-eabi/5.4.1/../../../../arm-none-eabi/lib/armv7e-m/fpu/libc_nano.a(lib_a-nano-svfprintf.o) (memchr)
/usr/local/gcc-arm-none-eabi-5_4-2016q3/bin/../lib/gcc/arm-none-eabi/5.4.1/../../../../arm-none-eabi/lib/armv7e-m/fpu/libc_nano.a(lib_a-memcpy-stub.o)
                              /usr/local/gcc-arm-none-eabi-5_4-2016q3/bin/../lib/gcc/arm-none-eabi/5.4.1/../../../../arm-none-eabi/lib/armv7e-m/fpu/libc_nano.a(lib_a-nano-svfprintf.o) (memcpy)
/usr/local/gcc-arm-none-eabi-5_4-2016q3/bin/../lib/gcc/arm-none-eabi/5.4.1/../../../../arm-none-eabi/lib/armv7e-m/fpu/libc_nano.a(lib_a-memmove.o)
                              /usr/local/gcc-arm-none-eabi-5_4-2016q3/bin/../lib/gcc/arm-none-eabi/5.4.1/../../../../arm-none-eabi/lib/armv7e-m/fpu/libc_nano.a(lib_a-nano-svfprintf.o) (memmove)
/usr/local/gcc-arm-none-eabi-5_4-2016q3/bin/../lib/gcc/arm-none-eabi/5.4.1/../../../../arm-none-eabi/lib/armv7e-m/fpu/libc_nano.a(lib_a-nano-freer.o)
                              /usr/local/gcc-arm-none-eabi-5_4-2016q3/bin/../lib/gcc/arm-none-eabi/5.4.1/../../../../arm-none-eabi/lib/armv7e-m/fpu/libc_nano.a(lib_a-nano-svfprintf.o) (_free_r)
/usr/local/gcc-arm-none-eabi-5_4-2016q3/bin/../lib/gcc/arm-none-eabi/5.4.1/../../../../arm-none-eabi/lib/armv7e-m/fpu/libc_nano.a(lib_a-nano-mallocr.o)
                              /usr/local/gcc-arm-none-eabi-5_4-2016q3/bin/../lib/gcc/arm-none-eabi/5.4.1/../../../../arm-none-eabi/lib/armv7e-m/fpu/libc_nano.a(lib_a-nano-svfprintf.o) (_malloc_r)
/usr/local/gcc-arm-none-eabi-5_4-2016q3/bin/../lib/gcc/arm-none-eabi/5.4.1/../../../../arm-none-eabi/lib/armv7e-m/fpu/libc_nano.a(lib_a-nano-reallocr.o)
                              /usr/local/gcc-arm-none-eabi-5_4-2016q3/bin/../lib/gcc/arm-none-eabi/5.4.1/../../../../arm-none-eabi/lib/armv7e-m/fpu/libc_nano.a(lib_a-nano-svfprintf.o) (_realloc_r)
/usr/local/gcc-arm-none-eabi-5_4-2016q3/bin/../lib/gcc/arm-none-eabi/5.4.1/../../../../arm-none-eabi/lib/armv7e-m/fpu/libc_nano.a(lib_a-sbrkr.o)
                              /usr/local/gcc-arm-none-eabi-5_4-2016q3/bin/../lib/gcc/arm-none-eabi/5.4.1/../../../../arm-none-eabi/lib/armv7e-m/fpu/libc_nano.a(lib_a-nano-mallocr.o) (_sbrk_r)
/usr/local/gcc-arm-none-eabi-5_4-2016q3/bin/../lib/gcc/arm-none-eabi/5.4.1/../../../../arm-none-eabi/lib/armv7e-m/fpu/libc_nano.a(lib_a-mlock.o)
                              /usr/local/gcc-arm-none-eabi-5_4-2016q3/bin/../lib/gcc/arm-none-eabi/5.4.1/../../../../arm-none-eabi/lib/armv7e-m/fpu/libc_nano.a(lib_a-nano-freer.o) (__malloc_lock)
/usr/local/gcc-arm-none-eabi-5_4-2016q3/bin/../lib/gcc/arm-none-eabi/5.4.1/../../../../arm-none-eabi/lib/armv7e-m/fpu/libc_nano.a(lib_a-nano-msizer.o)
                              /usr/local/gcc-arm-none-eabi-5_4-2016q3/bin/../lib/gcc/arm-none-eabi/5.4.1/../../../../arm-none-eabi/lib/armv7e-m/fpu/libc_nano.a(lib_a-nano-reallocr.o) (_malloc_usable_size_r)
/usr/local/gcc-arm-none-eabi-5_4-2016q3/bin/../lib/gcc/arm-none-eabi/5.4.1/../../../../arm-none-eabi/lib/armv7e-m/fpu/libc_nano.a(lib_a-reent.o)
                              /usr/local/gcc-arm-none-eabi-5_4-2016q3/bin/../lib/gcc/arm-none-eabi/5.4.1/../../../../arm-none-eabi/lib/armv7e-m/fpu/libc_nano.a(lib_a-sbrkr.o) (errno)
[...]
Memory Configuration

Name             Origin             Length             Attributes
FLASH            0x08000000         0x0003f000         xr
FLASH_CONFIG     0x0803f000         0x00001000         r
RAM              0x20000000         0x0000a000         xrw
MEMORY_B1        0x60000000         0x00000000         xr
*default*        0x00000000         0xffffffff

Linker script and memory map

LOAD obj/I2CSniff/timer.o
LOAD /tmp/cck3pDp6.ltrans0.ltrans.o
LOAD /tmp/cck3pDp6.ltrans1.ltrans.o
LOAD /tmp/cck3pDp6.ltrans2.ltrans.o
LOAD /tmp/cck3pDp6.ltrans3.ltrans.o
LOAD /tmp/cck3pDp6.ltrans4.ltrans.o
LOAD obj/I2CSniff/timer_stm32f30x.o
LOAD obj/I2CSniff/serial_usb_vcp.o
LOAD obj/I2CSniff/startup_stm32f30x_md_gcc.o
LOAD obj/I2CSniff/target/system_stm32f30x.o
LOAD obj/I2CSniff/gpio_stm32f30x.o
LOAD obj/I2CSniff/light_led_stm32f30x.o
LOAD obj/I2CSniff/serial_uart.o
LOAD obj/I2CSniff/serial_uart_stm32f30x.o
LOAD obj/I2CSniff/system_stm32f30x.o
LOAD obj/I2CSniff/exti.o
LOAD obj/I2CSniff/io.o
LOAD obj/I2CSniff/dma.o
LOAD obj/I2CSniff/serial.o
LOAD obj/I2CSniff/system.o
LOAD obj/I2CSniff/stm32f30x_gpio.o
LOAD obj/I2CSniff/stm32f30x_rcc.o
LOAD obj/I2CSniff/stm32f30x_adc.o
LOAD obj/I2CSniff/stm32f30x_comp.o
LOAD obj/I2CSniff/stm32f30x_dac.o
LOAD obj/I2CSniff/stm32f30x_dbgmcu.o
LOAD obj/I2CSniff/stm32f30x_dma.o
LOAD obj/I2CSniff/stm32f30x_exti.o
LOAD obj/I2CSniff/stm32f30x_flash.o
LOAD obj/I2CSniff/stm32f30x_hrtim.o
LOAD obj/I2CSniff/stm32f30x_i2c.o
LOAD obj/I2CSniff/stm32f30x_iwdg.o
LOAD obj/I2CSniff/stm32f30x_misc.o
LOAD obj/I2CSniff/stm32f30x_opamp.o
LOAD obj/I2CSniff/stm32f30x_pwr.o
LOAD obj/I2CSniff/stm32f30x_rtc.o
LOAD obj/I2CSniff/stm32f30x_spi.o
LOAD obj/I2CSniff/stm32f30x_syscfg.o
LOAD obj/I2CSniff/stm32f30x_tim.o
LOAD obj/I2CSniff/stm32f30x_usart.o
LOAD obj/I2CSniff/stm32f30x_wwdg.o
LOAD obj/I2CSniff/usb_core.o
LOAD obj/I2CSniff/usb_init.o
LOAD obj/I2CSniff/usb_int.o
LOAD obj/I2CSniff/usb_mem.o
LOAD obj/I2CSniff/usb_regs.o
LOAD obj/I2CSniff/usb_sil.o
LOAD obj/I2CSniff/vcp/hw_config.o
LOAD obj/I2CSniff/vcp/stm32_it.o
LOAD obj/I2CSniff/vcp/usb_desc.o
LOAD obj/I2CSniff/vcp/usb_endp.o
LOAD obj/I2CSniff/vcp/usb_istr.o
LOAD obj/I2CSniff/vcp/usb_prop.o
LOAD obj/I2CSniff/vcp/usb_pwr.o
LOAD obj/I2CSniff/usb_io.o
LOAD obj/I2CSniff/Arduino.o
LOAD obj/I2CSniff/HardwareWire.o
LOAD obj/I2CSniff.o
LOAD /usr/local/gcc-arm-none-eabi-5_4-2016q3/bin/../lib/gcc/arm-none-eabi/5.4.1/../../../../arm-none-eabi/lib/armv7e-m/fpu/libm.a
LOAD /usr/local/gcc-arm-none-eabi-5_4-2016q3/bin/../lib/gcc/arm-none-eabi/5.4.1/../../../../arm-none-eabi/lib/armv7e-m/fpu/libc_nano.a
LOAD /usr/local/gcc-arm-none-eabi-5_4-2016q3/bin/../lib/gcc/arm-none-eabi/5.4.1/../../../../arm-none-eabi/lib/armv7e-m/fpu/libnosys.a
START GROUP
LOAD /usr/local/gcc-arm-none-eabi-5_4-2016q3/bin/../lib/gcc/arm-none-eabi/5.4.1/armv7e-m/fpu/libgcc.a
LOAD /usr/local/gcc-arm-none-eabi-5_4-2016q3/bin/../lib/gcc/arm-none-eabi/5.4.1/../../../../arm-none-eabi/lib/armv7e-m/fpu/libg_nano.a
LOAD /usr/local/gcc-arm-none-eabi-5_4-2016q3/bin/../lib/gcc/arm-none-eabi/5.4.1/../../../../arm-none-eabi/lib/armv7e-m/fpu/libc_nano.a
END GROUP
START GROUP
LOAD /usr/local/gcc-arm-none-eabi-5_4-2016q3/bin/../lib/gcc/arm-none-eabi/5.4.1/armv7e-m/fpu/libgcc.a
LOAD /usr/local/gcc-arm-none-eabi-5_4-2016q3/bin/../lib/gcc/arm-none-eabi/5.4.1/../../../../arm-none-eabi/lib/armv7e-m/fpu/libc_nano.a
END GROUP
                0x2000a000                _estack = (ORIGIN (RAM) + LENGTH (RAM))
                0x0803f000                __config_start = (ORIGIN (FLASH) + LENGTH (FLASH))
                0x08040000                __config_end = (ORIGIN (FLASH_CONFIG) + LENGTH (FLASH_CONFIG))
                0x00000000                _Min_Heap_Size = 0x0
                0x00000400                _Min_Stack_Size = 0x400

.isr_vector     0x08000000      0x188
                0x08000000                . = ALIGN (0x4)
                [!provide]                PROVIDE (isr_vector_table_base, .)
 *(.isr_vector)
 .isr_vector    0x08000000      0x188 obj/I2CSniff/startup_stm32f30x_md_gcc.o
                0x08000000                g_pfnVectors
                0x08000188                . = ALIGN (0x4)

.text           0x08000190     0x2938
                0x08000190                . = ALIGN (0x4)
 *(.text)
 .text          0x08000190      0x858 /tmp/cck3pDp6.ltrans1.ltrans.o
                0x08000190                Standard_GetStatus
                0x08000224                Standard_GetInterface
                0x08000248                Standard_GetConfiguration
                0x080002f0                usbTxBytesFree
                0x080002f4                usbVcpBeginWrite.lto_priv.45
                0x080002fc                usbVcpAvailable.lto_priv.39
                0x08000308                isUsbVcpTransmitBufferEmpty.lto_priv.42
                0x0800030c                usbVcpSetMode.lto_priv.43
                0x0800030e                usbVcpSetBaudRate.lto_priv.41
                0x08000310                usbVcpRead.lto_priv.40
                0x080004c4                usbVcpEndWrite.lto_priv.46
                0x080004cc                usbVcpWrite.lto_priv.38
                0x080004ec                usbVcpWriteBuf.lto_priv.44
                0x08000540                Post0_Process
                0x08000580                DataStageIn.lto_priv.48
                0x08000658                Standard_ClearFeature
                0x08000778                GPIO_Init
                0x08000802                micros
                0x08000838                SysTick_Handler
                0x08000848                DMA2_Channel5_IRQHandler
                0x08000850                DMA2_Channel4_IRQHandler
                0x08000858                DMA2_Channel3_IRQHandler
                0x08000860                DMA2_Channel2_IRQHandler
                0x08000868                DMA2_Channel1_IRQHandler
                0x08000870                DMA1_Channel7_IRQHandler
                0x08000878                DMA1_Channel6_IRQHandler
                0x08000880                DMA1_Channel5_IRQHandler
                0x08000888                DMA1_Channel4_IRQHandler
                0x08000890                DMA1_Channel3_IRQHandler
                0x08000898                DMA1_Channel2_IRQHandler
                0x080008a0                DMA1_Channel1_IRQHandler
                0x080008a8                EXTI15_10_IRQHandler
                0x080008aa                EXTI0_IRQHandler
                0x080008ac                EXTI9_5_IRQHandler
                0x080008ae                EXTI4_IRQHandler
                0x080008b0                EXTI3_IRQHandler
                0x080008b2                EXTI2_TS_IRQHandler
                0x080008b4                EXTI1_IRQHandler
                0x080008b6                USART3_IRQHandler
                0x080008c0                USART2_IRQHandler
                0x080008c8                USART1_IRQHandler
                0x080008d0                gpioInit
                0x08000924                SystemInit
                0x0800098c                TIM1_TRG_COM_TIM17_IRQHandler
                0x0800099c                TIM1_BRK_TIM15_IRQHandler
                0x080009ac                TIM3_IRQHandler
                0x080009bc                TIM2_IRQHandler
                0x080009c8                TIM1_UP_TIM16_IRQHandler
                0x080009d8                TIM1_CC_IRQHandler
 .text          0x080009e8      0x8c0 /tmp/cck3pDp6.ltrans2.ltrans.o
                0x080009e8                dmaInit
                0x080009e8                NOP_Process
                0x080009ea                PendSV_Handler
                0x080009ec                DebugMon_Handler
                0x080009ee                SVC_Handler
                0x080009f0                UsageFault_Handler
                0x080009f2                BusFault_Handler
                0x080009f4                MemManage_Handler
                0x080009f6                NMI_Handler
                0x080009f8                IntToUnicode.lto_priv.47
                0x08000a20                SetEPRxCount
                0x08000a64                SetEPTxCount
                0x08000a84                CDC_Send_DATA.part.0
                0x08000ae4                SetDeviceAddress
                0x08000b1c                USB_LP_CAN1_RX0_IRQHandler
 .text          0x080012a8      0x438 /tmp/cck3pDp6.ltrans3.ltrans.o
                0x080012c2                Virtual_Com_Port_Get_Interface_Setting
                0x080012d2                Virtual_Com_Port_GetStringDescriptor
                0x08001304                Virtual_Com_Port_GetConfigDescriptor
                0x08001324                Virtual_Com_Port_GetDeviceDescriptor
                0x08001344                Virtual_Com_Port_NoData_Setup
                0x08001368                Virtual_Com_Port_Data_Setup
                0x080013c4                Virtual_Com_Port_Status_Out
                0x080013c6                Virtual_Com_Port_Status_In
                0x080013d8                Virtual_Com_Port_SetDeviceAddress
                0x080013e4                Virtual_Com_Port_SetConfiguration
                0x080013fc                EP3_OUT_Callback
                0x08001448                EP1_IN_Callback
                0x08001454                Virtual_Com_Port_Reset
                0x08001624                Virtual_Com_Port_init
                0x08001698                USBWakeUp_IRQHandler
                0x080016a8                Resume_Init
 .text          0x080016e0       0x90 /tmp/cck3pDp6.ltrans4.ltrans.o
                0x080016e0                NVIC_Init.part.0.constprop.32
                0x08001720                HardwareSerial::printf(char const*, ...) [clone .constprop.6]
                0x0800176c                HardFault_Handler
 .text          0x08001770       0xa0 /usr/local/gcc-arm-none-eabi-5_4-2016q3/bin/../lib/gcc/arm-none-eabi/5.4.1/../../../../arm-none-eabi/lib/armv7e-m/fpu/libc_nano.a(lib_a-memchr.o)
                0x08001770                memchr
 *(.text*)
 .text.startup  0x08001810      0x7a0 /tmp/cck3pDp6.ltrans0.ltrans.o
                0x08001810                main
 .text.Reset_Handler
                0x08001fb0       0x68 obj/I2CSniff/startup_stm32f30x_md_gcc.o
                0x08001fb0                Reset_Handler
 .text.Default_Handler
                0x08002018        0x2 obj/I2CSniff/startup_stm32f30x_md_gcc.o
                0x08002018                RTC_Alarm_IRQHandler
                0x08002018                TIM8_TRG_COM_IRQHandler
                0x08002018                TIM8_CC_IRQHandler
                0x08002018                USB_HP_IRQHandler
                0x08002018                PVD_IRQHandler
                0x08002018                I2C2_EV_IRQHandler
                0x08002018                FPU_IRQHandler
                0x08002018                ADC1_2_IRQHandler
                0x08002018                SPI1_IRQHandler
                0x08002018                TIM6_DAC_IRQHandler
                0x08002018                TIM8_UP_IRQHandler
                0x08002018                CAN1_RX1_IRQHandler
                0x08002018                UART5_IRQHandler
                0x08002018                ADC3_IRQHandler
                0x08002018                TIM4_IRQHandler
                0x08002018                I2C1_EV_IRQHandler
                0x08002018                UART4_IRQHandler
                0x08002018                RCC_IRQHandler
                0x08002018                Default_Handler
                0x08002018                USBWakeUp_RMP_IRQHandler
                0x08002018                TIM7_IRQHandler
                0x08002018                TAMPER_STAMP_IRQHandler
                0x08002018                RTC_WKUP_IRQHandler
                0x08002018                SPI2_IRQHandler
                0x08002018                USB_LP_IRQHandler
                0x08002018                USB_HP_CAN1_TX_IRQHandler
                0x08002018                ADC4_IRQHandler
                0x08002018                WWDG_IRQHandler
                0x08002018                COMP7_IRQHandler
                0x08002018                COMP1_2_3_IRQHandler
                0x08002018                COMP4_5_6_IRQHandler
                0x08002018                I2C2_ER_IRQHandler
                0x08002018                TIM8_BRK_IRQHandler
                0x08002018                CAN1_SCE_IRQHandler
                0x08002018                FLASH_IRQHandler
                0x08002018                SPI3_IRQHandler
                0x08002018                I2C1_ER_IRQHandler
 .text.memset   0x0800201a       0x10 /usr/local/gcc-arm-none-eabi-5_4-2016q3/bin/../lib/gcc/arm-none-eabi/5.4.1/../../../../arm-none-eabi/lib/armv7e-m/fpu/libc_nano.a(lib_a-memset.o)
                0x0800201a                memset
 .text._vsprintf_r
                0x0800202a       0x30 /usr/local/gcc-arm-none-eabi-5_4-2016q3/bin/../lib/gcc/arm-none-eabi/5.4.1/../../../../arm-none-eabi/lib/armv7e-m/fpu/libc_nano.a(lib_a-vsprintf.o)
                0x0800202a                _vsiprintf_r
                0x0800202a                _vsprintf_r
 *fill*         0x0800205a        0x2 
 .text.vsprintf
                0x0800205c       0x14 /usr/local/gcc-arm-none-eabi-5_4-2016q3/bin/../lib/gcc/arm-none-eabi/5.4.1/../../../../arm-none-eabi/lib/armv7e-m/fpu/libc_nano.a(lib_a-vsprintf.o)
                0x0800205c                vsprintf
                0x0800205c                vsiprintf
 .text.__ssputs_r
                0x08002070       0xb2 /usr/local/gcc-arm-none-eabi-5_4-2016q3/bin/../lib/gcc/arm-none-eabi/5.4.1/../../../../arm-none-eabi/lib/armv7e-m/fpu/libc_nano.a(lib_a-nano-svfprintf.o)
                0x08002070                __ssputs_r
 *fill*         0x08002122        0x2 
 .text._svfprintf_r
                0x08002124      0x1e8 /usr/local/gcc-arm-none-eabi-5_4-2016q3/bin/../lib/gcc/arm-none-eabi/5.4.1/../../../../arm-none-eabi/lib/armv7e-m/fpu/libc_nano.a(lib_a-nano-svfprintf.o)
                0x08002124                _svfprintf_r
                0x08002124                _svfiprintf_r
 .text._printf_common
                0x0800230c       0xec /usr/local/gcc-arm-none-eabi-5_4-2016q3/bin/../lib/gcc/arm-none-eabi/5.4.1/../../../../arm-none-eabi/lib/armv7e-m/fpu/libc_nano.a(lib_a-nano-vfprintf_i.o)
                0x0800230c                _printf_common
 .text._printf_i
                0x080023f8      0x24c /usr/local/gcc-arm-none-eabi-5_4-2016q3/bin/../lib/gcc/arm-none-eabi/5.4.1/../../../../arm-none-eabi/lib/armv7e-m/fpu/libc_nano.a(lib_a-nano-vfprintf_i.o)
                0x080023f8                _printf_i
 .text.memcpy   0x08002644       0x16 /usr/local/gcc-arm-none-eabi-5_4-2016q3/bin/../lib/gcc/arm-none-eabi/5.4.1/../../../../arm-none-eabi/lib/armv7e-m/fpu/libc_nano.a(lib_a-memcpy-stub.o)
                0x08002644                memcpy
 .text.memmove  0x0800265a       0x36 /usr/local/gcc-arm-none-eabi-5_4-2016q3/bin/../lib/gcc/arm-none-eabi/5.4.1/../../../../arm-none-eabi/lib/armv7e-m/fpu/libc_nano.a(lib_a-memmove.o)
                0x0800265a                memmove
 .text._free_r  0x08002690       0x9c /usr/local/gcc-arm-none-eabi-5_4-2016q3/bin/../lib/gcc/arm-none-eabi/5.4.1/../../../../arm-none-eabi/lib/armv7e-m/fpu/libc_nano.a(lib_a-nano-freer.o)
                0x08002690                _free_r
 .text._malloc_r
                0x0800272c       0xbc /usr/local/gcc-arm-none-eabi-5_4-2016q3/bin/../lib/gcc/arm-none-eabi/5.4.1/../../../../arm-none-eabi/lib/armv7e-m/fpu/libc_nano.a(lib_a-nano-mallocr.o)
                0x0800272c                _malloc_r
 .text._realloc_r
                0x080027e8       0x4c /usr/local/gcc-arm-none-eabi-5_4-2016q3/bin/../lib/gcc/arm-none-eabi/5.4.1/../../../../arm-none-eabi/lib/armv7e-m/fpu/libc_nano.a(lib_a-nano-reallocr.o)
                0x080027e8                _realloc_r
 .text._sbrk_r  0x08002834       0x20 /usr/local/gcc-arm-none-eabi-5_4-2016q3/bin/../lib/gcc/arm-none-eabi/5.4.1/../../../../arm-none-eabi/lib/armv7e-m/fpu/libc_nano.a(lib_a-sbrkr.o)
                0x08002834                _sbrk_r
 .text.__malloc_lock
                0x08002854        0x2 /usr/local/gcc-arm-none-eabi-5_4-2016q3/bin/../lib/gcc/arm-none-eabi/5.4.1/../../../../arm-none-eabi/lib/armv7e-m/fpu/libc_nano.a(lib_a-mlock.o)
                0x08002854                __malloc_lock
 .text.__malloc_unlock
                0x08002856        0x2 /usr/local/gcc-arm-none-eabi-5_4-2016q3/bin/../lib/gcc/arm-none-eabi/5.4.1/../../../../arm-none-eabi/lib/armv7e-m/fpu/libc_nano.a(lib_a-mlock.o)
                0x08002856                __malloc_unlock
 .text._malloc_usable_size_r
                0x08002858       0x14 /usr/local/gcc-arm-none-eabi-5_4-2016q3/bin/../lib/gcc/arm-none-eabi/5.4.1/../../../../arm-none-eabi/lib/armv7e-m/fpu/libc_nano.a(lib_a-nano-msizer.o)
                0x08002858                _malloc_usable_size_r
 .text._sbrk    0x0800286c       0x1c /usr/local/gcc-arm-none-eabi-5_4-2016q3/bin/../lib/gcc/arm-none-eabi/5.4.1/../../../../arm-none-eabi/lib/armv7e-m/fpu/libnosys.a(sbrk.o)
                0x0800286c                _sbrk
 *(.rodata)
 .rodata        0x08002888       0xe4 /tmp/cck3pDp6.ltrans0.ltrans.o
 .rodata        0x0800296c       0x3a /tmp/cck3pDp6.ltrans2.ltrans.o
                0x080029a4                Device_Table
 .rodata        0x080029a6       0xb1 /tmp/cck3pDp6.ltrans3.ltrans.o
 *(.rodata*)
 .rodata.str1.1
                0x08002a57       0x3c /tmp/cck3pDp6.ltrans0.ltrans.o
 .rodata.str1.1
                0x08002a93       0x11 /usr/local/gcc-arm-none-eabi-5_4-2016q3/bin/../lib/gcc/arm-none-eabi/5.4.1/../../../../arm-none-eabi/lib/armv7e-m/fpu/libc_nano.a(lib_a-nano-svfprintf.o)
 .rodata.str1.1
                0x08002aa4       0x22 /usr/local/gcc-arm-none-eabi-5_4-2016q3/bin/../lib/gcc/arm-none-eabi/5.4.1/../../../../arm-none-eabi/lib/armv7e-m/fpu/libc_nano.a(lib_a-nano-vfprintf_i.o)
 *(.glue_7)
 .glue_7        0x08002ac6        0x0 linker stubs
 *(.glue_7t)
 .glue_7t       0x08002ac6        0x0 linker stubs
 *(.eh_frame)
 *(.init)
 *(.fini)
                0x08002ac8                . = ALIGN (0x4)
 *fill*         0x08002ac6        0x2 
                0x08002ac8                _etext = .

.vfp11_veneer   0x08002ac8        0x0
 .vfp11_veneer  0x08002ac8        0x0 linker stubs

.v4_bx          0x08002ac8        0x0
 .v4_bx         0x08002ac8        0x0 linker stubs

.iplt           0x08002ac8        0x0
 .iplt          0x08002ac8        0x0 obj/I2CSniff/startup_stm32f30x_md_gcc.o

.ARM.extab
 *(.ARM.extab* .gnu.linkonce.armextab.*)

.ARM            0x08002ac8        0x8
                0x08002ac8                __exidx_start = .
 *(.ARM.exidx*)
 .ARM.exidx.text.startup
                0x08002ad0        0x0 /tmp/cck3pDp6.ltrans0.ltrans.o
                                  0x8 (size before relaxing)
 .ARM.exidx     0x08002ac8        0x8 /tmp/cck3pDp6.ltrans4.ltrans.o
                                 0x10 (size before relaxing)
                0x08002ad0                __exidx_end = .

.rel.dyn        0x08002ad0        0x0
 .rel.iplt      0x08002ad0        0x0 obj/I2CSniff/startup_stm32f30x_md_gcc.o

.preinit_array  0x08002ad0        0x0
                [!provide]                PROVIDE (__preinit_array_start, .)
 *(.preinit_array*)
                [!provide]                PROVIDE (__preinit_array_end, .)

.init_array     0x08002ad0        0x0
                [!provide]                PROVIDE (__init_array_start, .)
 *(SORT(.init_array.*))
 *(.init_array*)
                [!provide]                PROVIDE (__init_array_end, .)

.fini_array     0x08002ad0        0x0
                [!provide]                PROVIDE (__fini_array_start, .)
 *(.fini_array*)
 *(SORT(.fini_array.*))
                [!provide]                PROVIDE (__fini_array_end, .)

.pg_registry    0x08002ad0        0x0
                [!provide]                PROVIDE (__pg_registry_start, .)
 *(.pg_registry)
 *(SORT(.pg_registry.*))
                [!provide]                PROVIDE (__pg_registry_end, .)

.pg_resetdata   0x08002ad0        0x0
                [!provide]                PROVIDE (__pg_resetdata_start, .)
 *(.pg_resetdata)
                [!provide]                PROVIDE (__pg_resetdata_end, .)
                0x08002ad0                _sidata = .

.data           0x20000000      0x240 load address 0x08002ad0
                0x20000000                . = ALIGN (0x4)
                0x20000000                _sdata = .
 *(.data)
 .data          0x20000000       0x84 /tmp/cck3pDp6.ltrans0.ltrans.o
                0x20000030                Device_Property
 .data          0x20000084      0x101 /tmp/cck3pDp6.ltrans1.ltrans.o
 *fill*         0x20000185        0x3 
 .data          0x20000188       0x52 /tmp/cck3pDp6.ltrans3.ltrans.o
 *(.data*)
 *fill*         0x200001da        0x2 
 .data.impure_data
                0x200001dc       0x60 /usr/local/gcc-arm-none-eabi-5_4-2016q3/bin/../lib/gcc/arm-none-eabi/5.4.1/../../../../arm-none-eabi/lib/armv7e-m/fpu/libc_nano.a(lib_a-impure.o)
 .data._impure_ptr
                0x2000023c        0x4 /usr/local/gcc-arm-none-eabi-5_4-2016q3/bin/../lib/gcc/arm-none-eabi/5.4.1/../../../../arm-none-eabi/lib/armv7e-m/fpu/libc_nano.a(lib_a-impure.o)
                0x2000023c                _impure_ptr
                0x20000240                . = ALIGN (0x4)
                0x20000240                _edata = .

.igot.plt       0x20000240        0x0 load address 0x08002d10
 .igot.plt      0x20000240        0x0 obj/I2CSniff/startup_stm32f30x_md_gcc.o
                0x20000240                . = ALIGN (0x4)

.bss            0x20000240      0xbd4 load address 0x08002d10
                0x20000240                _sbss = .
                0x20000240                __bss_start__ = _sbss
 *(.bss)
 .bss           0x20000240      0x400 /tmp/cck3pDp6.ltrans0.ltrans.o
                0x200003e0                usTicks.lto_priv.50
                0x200003e4                timerConfig
                0x200004b4                pInformation
                0x200004b8                Device_Info
                0x200004d4                pProperty
                0x200004d8                pUser_Standard_Requests
                0x2000052c                sysTickUptime.lto_priv.49
 .bss           0x20000640      0x75c /tmp/cck3pDp6.ltrans1.ltrans.o
 .bss           0x20000d9c       0x10 /tmp/cck3pDp6.ltrans2.ltrans.o
                0x20000da0                SaveRState
                0x20000da2                SaveTState
                0x20000da4                Data_Mul_MaxPacketSize
 .bss           0x20000dac       0x52 /tmp/cck3pDp6.ltrans3.ltrans.o
                0x20000db0                bDeviceState
                0x20000db4                receiveLength
                0x20000db8                receiveBuffer
                0x20000df8                packetSent
                0x20000dfc                wInterrupt_Mask
 *fill*         0x20000dfe        0x2 
 .bss           0x20000e00        0x4 /tmp/cck3pDp6.ltrans4.ltrans.o
                0x20000e00                Serial
 *(SORT(.bss*))
 .bss.__malloc_sbrk_start
                0x20000e04        0x4 /usr/local/gcc-arm-none-eabi-5_4-2016q3/bin/../lib/gcc/arm-none-eabi/5.4.1/../../../../arm-none-eabi/lib/armv7e-m/fpu/libc_nano.a(lib_a-nano-mallocr.o)
                0x20000e04                __malloc_sbrk_start
 .bss.__malloc_free_list
                0x20000e08        0x4 /usr/local/gcc-arm-none-eabi-5_4-2016q3/bin/../lib/gcc/arm-none-eabi/5.4.1/../../../../arm-none-eabi/lib/armv7e-m/fpu/libc_nano.a(lib_a-nano-mallocr.o)
                0x20000e08                __malloc_free_list
 .bss.heap_end.4169
                0x20000e0c        0x4 /usr/local/gcc-arm-none-eabi-5_4-2016q3/bin/../lib/gcc/arm-none-eabi/5.4.1/../../../../arm-none-eabi/lib/armv7e-m/fpu/libnosys.a(sbrk.o)
 *(COMMON)
 COMMON         0x20000e10        0x4 /usr/local/gcc-arm-none-eabi-5_4-2016q3/bin/../lib/gcc/arm-none-eabi/5.4.1/../../../../arm-none-eabi/lib/armv7e-m/fpu/libc_nano.a(lib_a-reent.o)
                0x20000e10                errno
                0x20000e14                . = ALIGN (0x4)
                0x20000e14                _ebss = .
                0x20000e14                __bss_end__ = _ebss

._user_heap_stack
                0x20000e14      0x400 load address 0x08002d10
                0x20000e14                . = ALIGN (0x4)
                0x20000e14                PROVIDE (end, .)
                [!provide]                PROVIDE (_end, .)
                0x20000e14                . = (. + _Min_Heap_Size)
                0x20001214                . = (. + _Min_Stack_Size)
 *fill*         0x20000e14      0x400 
                0x20001214                . = ALIGN (0x4)

.memory_b1_text
 *(.mb1text)
 *(.mb1text*)
 *(.mb1rodata)
 *(.mb1rodata*)

/DISCARD/
 libc.a(*)
 libm.a(*)
 libgcc.a(*)

.ARM.attributes
                0x00000000       0x37
 *(.ARM.attributes)
 .ARM.attributes
                0x00000000       0x37 /tmp/cck3pDp6.ltrans0.ltrans.o
 .ARM.attributes
                0x00000037       0x37 /tmp/cck3pDp6.ltrans1.ltrans.o
 .ARM.attributes
                0x0000006e       0x37 /tmp/cck3pDp6.ltrans2.ltrans.o
 .ARM.attributes
                0x000000a5       0x37 /tmp/cck3pDp6.ltrans3.ltrans.o
 .ARM.attributes
                0x000000dc       0x37 /tmp/cck3pDp6.ltrans4.ltrans.o
 .ARM.attributes
                0x00000113       0x21 obj/I2CSniff/startup_stm32f30x_md_gcc.o
 .ARM.attributes
                0x00000134       0x34 /usr/local/gcc-arm-none-eabi-5_4-2016q3/bin/../lib/gcc/arm-none-eabi/5.4.1/../../../../arm-none-eabi/lib/armv7e-m/fpu/libc_nano.a(lib_a-memset.o)
 .ARM.attributes
                0x00000168       0x34 /usr/local/gcc-arm-none-eabi-5_4-2016q3/bin/../lib/gcc/arm-none-eabi/5.4.1/../../../../arm-none-eabi/lib/armv7e-m/fpu/libc_nano.a(lib_a-vsprintf.o)
 .ARM.attributes
                0x0000019c       0x34 /usr/local/gcc-arm-none-eabi-5_4-2016q3/bin/../lib/gcc/arm-none-eabi/5.4.1/../../../../arm-none-eabi/lib/armv7e-m/fpu/libc_nano.a(lib_a-impure.o)
 .ARM.attributes
                0x000001d0       0x34 /usr/local/gcc-arm-none-eabi-5_4-2016q3/bin/../lib/gcc/arm-none-eabi/5.4.1/../../../../arm-none-eabi/lib/armv7e-m/fpu/libc_nano.a(lib_a-nano-svfprintf.o)
 .ARM.attributes
                0x00000204       0x34 /usr/local/gcc-arm-none-eabi-5_4-2016q3/bin/../lib/gcc/arm-none-eabi/5.4.1/../../../../arm-none-eabi/lib/armv7e-m/fpu/libc_nano.a(lib_a-nano-vfprintf_i.o)
 .ARM.attributes
                0x00000238       0x20 /usr/local/gcc-arm-none-eabi-5_4-2016q3/bin/../lib/gcc/arm-none-eabi/5.4.1/../../../../arm-none-eabi/lib/armv7e-m/fpu/libc_nano.a(lib_a-memchr.o)
 .ARM.attributes
                0x00000258       0x34 /usr/local/gcc-arm-none-eabi-5_4-2016q3/bin/../lib/gcc/arm-none-eabi/5.4.1/../../../../arm-none-eabi/lib/armv7e-m/fpu/libc_nano.a(lib_a-memcpy-stub.o)
 .ARM.attributes
                0x0000028c       0x34 /usr/local/gcc-arm-none-eabi-5_4-2016q3/bin/../lib/gcc/arm-none-eabi/5.4.1/../../../../arm-none-eabi/lib/armv7e-m/fpu/libc_nano.a(lib_a-memmove.o)
 .ARM.attributes
                0x000002c0       0x34 /usr/local/gcc-arm-none-eabi-5_4-2016q3/bin/../lib/gcc/arm-none-eabi/5.4.1/../../../../arm-none-eabi/lib/armv7e-m/fpu/libc_nano.a(lib_a-nano-freer.o)
 .ARM.attributes
                0x000002f4       0x34 /usr/local/gcc-arm-none-eabi-5_4-2016q3/bin/../lib/gcc/arm-none-eabi/5.4.1/../../../../arm-none-eabi/lib/armv7e-m/fpu/libc_nano.a(lib_a-nano-mallocr.o)
 .ARM.attributes
                0x00000328       0x34 /usr/local/gcc-arm-none-eabi-5_4-2016q3/bin/../lib/gcc/arm-none-eabi/5.4.1/../../../../arm-none-eabi/lib/armv7e-m/fpu/libc_nano.a(lib_a-nano-reallocr.o)
 .ARM.attributes
                0x0000035c       0x34 /usr/local/gcc-arm-none-eabi-5_4-2016q3/bin/../lib/gcc/arm-none-eabi/5.4.1/../../../../arm-none-eabi/lib/armv7e-m/fpu/libc_nano.a(lib_a-sbrkr.o)
 .ARM.attributes
                0x00000390       0x34 /usr/local/gcc-arm-none-eabi-5_4-2016q3/bin/../lib/gcc/arm-none-eabi/5.4.1/../../../../arm-none-eabi/lib/armv7e-m/fpu/libc_nano.a(lib_a-mlock.o)
 .ARM.attributes
                0x000003c4       0x34 /usr/local/gcc-arm-none-eabi-5_4-2016q3/bin/../lib/gcc/arm-none-eabi/5.4.1/../../../../arm-none-eabi/lib/armv7e-m/fpu/libc_nano.a(lib_a-nano-msizer.o)
 .ARM.attributes
                0x000003f8       0x34 /usr/local/gcc-arm-none-eabi-5_4-2016q3/bin/../lib/gcc/arm-none-eabi/5.4.1/../../../../arm-none-eabi/lib/armv7e-m/fpu/libc_nano.a(lib_a-reent.o)
 .ARM.attributes
                0x0000042c       0x34 /usr/local/gcc-arm-none-eabi-5_4-2016q3/bin/../lib/gcc/arm-none-eabi/5.4.1/../../../../arm-none-eabi/lib/armv7e-m/fpu/libnosys.a(sbrk.o)
OUTPUT(obj/I2CSniff.elf elf32-littlearm)

.debug_info     0x00000000     0x74db
 .debug_info    0x00000000     0x2d82 /tmp/cck3pDp6.ltrans0.ltrans.o
 .debug_info    0x00002d82     0x2263 /tmp/cck3pDp6.ltrans1.ltrans.o
 .debug_info    0x00004fe5      0xcc6 /tmp/cck3pDp6.ltrans2.ltrans.o
 .debug_info    0x00005cab      0xe56 /tmp/cck3pDp6.ltrans3.ltrans.o
 .debug_info    0x00006b01      0x9da /tmp/cck3pDp6.ltrans4.ltrans.o

.debug_abbrev   0x00000000     0x14e4
 .debug_abbrev  0x00000000      0x510 /tmp/cck3pDp6.ltrans0.ltrans.o
 .debug_abbrev  0x00000510      0x5cc /tmp/cck3pDp6.ltrans1.ltrans.o
 .debug_abbrev  0x00000adc      0x42d /tmp/cck3pDp6.ltrans2.ltrans.o
 .debug_abbrev  0x00000f09      0x348 /tmp/cck3pDp6.ltrans3.ltrans.o
 .debug_abbrev  0x00001251      0x293 /tmp/cck3pDp6.ltrans4.ltrans.o

.debug_loc      0x00000000     0x2aea
 .debug_loc     0x00000000      0xe79 /tmp/cck3pDp6.ltrans0.ltrans.o
 .debug_loc     0x00000e79      0xb2c /tmp/cck3pDp6.ltrans1.ltrans.o
 .debug_loc     0x000019a5      0x7a7 /tmp/cck3pDp6.ltrans2.ltrans.o
 .debug_loc     0x0000214c      0x847 /tmp/cck3pDp6.ltrans3.ltrans.o
 .debug_loc     0x00002993      0x157 /tmp/cck3pDp6.ltrans4.ltrans.o

.debug_aranges  0x00000000       0xa0
 .debug_aranges
                0x00000000       0x20 /tmp/cck3pDp6.ltrans0.ltrans.o
 .debug_aranges
                0x00000020       0x20 /tmp/cck3pDp6.ltrans1.ltrans.o
 .debug_aranges
                0x00000040       0x20 /tmp/cck3pDp6.ltrans2.ltrans.o
 .debug_aranges
                0x00000060       0x20 /tmp/cck3pDp6.ltrans3.ltrans.o
 .debug_aranges
                0x00000080       0x20 /tmp/cck3pDp6.ltrans4.ltrans.o

.debug_ranges   0x00000000      0x818
 .debug_ranges  0x00000000      0x3e8 /tmp/cck3pDp6.ltrans0.ltrans.o
 .debug_ranges  0x000003e8      0x150 /tmp/cck3pDp6.ltrans1.ltrans.o
 .debug_ranges  0x00000538      0x230 /tmp/cck3pDp6.ltrans2.ltrans.o
 .debug_ranges  0x00000768       0xb0 /tmp/cck3pDp6.ltrans3.ltrans.o

.debug_line     0x00000000     0x1c55
 .debug_line    0x00000000      0x8fd /tmp/cck3pDp6.ltrans0.ltrans.o
 .debug_line    0x000008fd      0x6f6 /tmp/cck3pDp6.ltrans1.ltrans.o
 .debug_line    0x00000ff3      0x4b6 /tmp/cck3pDp6.ltrans2.ltrans.o
 .debug_line    0x000014a9      0x49f /tmp/cck3pDp6.ltrans3.ltrans.o
 .debug_line    0x00001948      0x30d /tmp/cck3pDp6.ltrans4.ltrans.o

.debug_str      0x00000000     0x2ce1
 .debug_str     0x00000000     0x1778 /tmp/cck3pDp6.ltrans0.ltrans.o
                               0x18a7 (size before relaxing)
 .debug_str     0x00001778      0xd31 /tmp/cck3pDp6.ltrans1.ltrans.o
                               0x1699 (size before relaxing)
 .debug_str     0x000024a9      0x356 /tmp/cck3pDp6.ltrans2.ltrans.o
                                0x712 (size before relaxing)
 .debug_str     0x000027ff      0x46b /tmp/cck3pDp6.ltrans3.ltrans.o
                                0x8c0 (size before relaxing)
 .debug_str     0x00002c6a       0x77 /tmp/cck3pDp6.ltrans4.ltrans.o
                                0x5fc (size before relaxing)

.comment        0x00000000       0x6e
 .comment       0x00000000       0x6e /tmp/cck3pDp6.ltrans0.ltrans.o
                                 0x6f (size before relaxing)
 .comment       0x0000006e       0x6f /tmp/cck3pDp6.ltrans1.ltrans.o
 .comment       0x0000006e       0x6f /tmp/cck3pDp6.ltrans2.ltrans.o
 .comment       0x0000006e       0x6f /tmp/cck3pDp6.ltrans3.ltrans.o
 .comment       0x0000006e       0x6f /tmp/cck3pDp6.ltrans4.ltrans.o

.debug_frame    0x00000000      0xa90
 .debug_frame   0x00000000       0x28 /tmp/cck3pDp6.ltrans0.ltrans.o
 .debug_frame   0x00000028      0x434 /tmp/cck3pDp6.ltrans1.ltrans.o
 .debug_frame   0x0000045c      0x128 /tmp/cck3pDp6.ltrans2.ltrans.o
 .debug_frame   0x00000584      0x16c /tmp/cck3pDp6.ltrans3.ltrans.o
 .debug_frame   0x000006f0       0x68 /tmp/cck3pDp6.ltrans4.ltrans.o
 .debug_frame   0x00000758       0x20 /usr/local/gcc-arm-none-eabi-5_4-2016q3/bin/../lib/gcc/arm-none-eabi/5.4.1/../../../../arm-none-eabi/lib/armv7e-m/fpu/libc_nano.a(lib_a-memset.o)
 .debug_frame   0x00000778       0x40 /usr/local/gcc-arm-none-eabi-5_4-2016q3/bin/../lib/gcc/arm-none-eabi/5.4.1/../../../../arm-none-eabi/lib/armv7e-m/fpu/libc_nano.a(lib_a-vsprintf.o)
 .debug_frame   0x000007b8       0x90 /usr/local/gcc-arm-none-eabi-5_4-2016q3/bin/../lib/gcc/arm-none-eabi/5.4.1/../../../../arm-none-eabi/lib/armv7e-m/fpu/libc_nano.a(lib_a-nano-svfprintf.o)
 .debug_frame   0x00000848       0x60 /usr/local/gcc-arm-none-eabi-5_4-2016q3/bin/../lib/gcc/arm-none-eabi/5.4.1/../../../../arm-none-eabi/lib/armv7e-m/fpu/libc_nano.a(lib_a-nano-vfprintf_i.o)
 .debug_frame   0x000008a8       0x28 /usr/local/gcc-arm-none-eabi-5_4-2016q3/bin/../lib/gcc/arm-none-eabi/5.4.1/../../../../arm-none-eabi/lib/armv7e-m/fpu/libc_nano.a(lib_a-memcpy-stub.o)
 .debug_frame   0x000008d0       0x28 /usr/local/gcc-arm-none-eabi-5_4-2016q3/bin/../lib/gcc/arm-none-eabi/5.4.1/../../../../arm-none-eabi/lib/armv7e-m/fpu/libc_nano.a(lib_a-memmove.o)
 .debug_frame   0x000008f8       0x38 /usr/local/gcc-arm-none-eabi-5_4-2016q3/bin/../lib/gcc/arm-none-eabi/5.4.1/../../../../arm-none-eabi/lib/armv7e-m/fpu/libc_nano.a(lib_a-nano-freer.o)
 .debug_frame   0x00000930       0x2c /usr/local/gcc-arm-none-eabi-5_4-2016q3/bin/../lib/gcc/arm-none-eabi/5.4.1/../../../../arm-none-eabi/lib/armv7e-m/fpu/libc_nano.a(lib_a-nano-mallocr.o)
 .debug_frame   0x0000095c       0x3c /usr/local/gcc-arm-none-eabi-5_4-2016q3/bin/../lib/gcc/arm-none-eabi/5.4.1/../../../../arm-none-eabi/lib/armv7e-m/fpu/libc_nano.a(lib_a-nano-reallocr.o)
 .debug_frame   0x00000998       0x2c /usr/local/gcc-arm-none-eabi-5_4-2016q3/bin/../lib/gcc/arm-none-eabi/5.4.1/../../../../arm-none-eabi/lib/armv7e-m/fpu/libc_nano.a(lib_a-sbrkr.o)
 .debug_frame   0x000009c4       0x30 /usr/local/gcc-arm-none-eabi-5_4-2016q3/bin/../lib/gcc/arm-none-eabi/5.4.1/../../../../arm-none-eabi/lib/armv7e-m/fpu/libc_nano.a(lib_a-mlock.o)
 .debug_frame   0x000009f4       0x20 /usr/local/gcc-arm-none-eabi-5_4-2016q3/bin/../lib/gcc/arm-none-eabi/5.4.1/../../../../arm-none-eabi/lib/armv7e-m/fpu/libc_nano.a(lib_a-nano-msizer.o)
 .debug_frame   0x00000a14       0x5c /usr/local/gcc-arm-none-eabi-5_4-2016q3/bin/../lib/gcc/arm-none-eabi/5.4.1/../../../../arm-none-eabi/lib/armv7e-m/fpu/libc_nano.a(lib_a-reent.o)
 .debug_frame   0x00000a70       0x20 /usr/local/gcc-arm-none-eabi-5_4-2016q3/bin/../lib/gcc/arm-none-eabi/5.4.1/../../../../arm-none-eabi/lib/armv7e-m/fpu/libnosys.a(sbrk.o)

Cross Reference Table

Symbol                                            File
ADC1_2_IRQHandler                                 obj/I2CSniff/startup_stm32f30x_md_gcc.o
ADC3_IRQHandler                                   obj/I2CSniff/startup_stm32f30x_md_gcc.o
ADC4_IRQHandler                                   obj/I2CSniff/startup_stm32f30x_md_gcc.o
ADC_AnalogWatchdog1SingleChannelConfig            obj/I2CSniff/stm32f30x_adc.o (symbol from plugin)
ADC_AnalogWatchdog1ThresholdsConfig               obj/I2CSniff/stm32f30x_adc.o (symbol from plugin)
ADC_AnalogWatchdog2SingleChannelConfig            obj/I2CSniff/stm32f30x_adc.o (symbol from plugin)
ADC_AnalogWatchdog2ThresholdsConfig               obj/I2CSniff/stm32f30x_adc.o (symbol from plugin)
ADC_AnalogWatchdog3SingleChannelConfig            obj/I2CSniff/stm32f30x_adc.o (symbol from plugin)
ADC_AnalogWatchdog3ThresholdsConfig               obj/I2CSniff/stm32f30x_adc.o (symbol from plugin)
ADC_AnalogWatchdogCmd                             obj/I2CSniff/stm32f30x_adc.o (symbol from plugin)
ADC_AutoDelayCmd                                  obj/I2CSniff/stm32f30x_adc.o (symbol from plugin)
ADC_AutoInjectedConvCmd                           obj/I2CSniff/stm32f30x_adc.o (symbol from plugin)
ADC_ChannelOffset1Cmd                             obj/I2CSniff/stm32f30x_adc.o (symbol from plugin)
ADC_ChannelOffset2Cmd                             obj/I2CSniff/stm32f30x_adc.o (symbol from plugin)
ADC_ChannelOffset3Cmd                             obj/I2CSniff/stm32f30x_adc.o (symbol from plugin)
ADC_ChannelOffset4Cmd                             obj/I2CSniff/stm32f30x_adc.o (symbol from plugin)
ADC_ClearCommonFlag                               obj/I2CSniff/stm32f30x_adc.o (symbol from plugin)
ADC_ClearFlag                                     obj/I2CSniff/stm32f30x_adc.o (symbol from plugin)
ADC_ClearITPendingBit                             obj/I2CSniff/stm32f30x_adc.o (symbol from plugin)
ADC_Cmd                                           obj/I2CSniff/stm32f30x_adc.o (symbol from plugin)
ADC_CommonInit                                    obj/I2CSniff/stm32f30x_adc.o (symbol from plugin)
ADC_CommonStructInit                              obj/I2CSniff/stm32f30x_adc.o (symbol from plugin)
ADC_DMACmd                                        obj/I2CSniff/stm32f30x_adc.o (symbol from plugin)
ADC_DMAConfig                                     obj/I2CSniff/stm32f30x_adc.o (symbol from plugin)
ADC_DeInit                                        obj/I2CSniff/stm32f30x_adc.o (symbol from plugin)
ADC_DisableCmd                                    obj/I2CSniff/stm32f30x_adc.o (symbol from plugin)
ADC_DiscModeChannelCountConfig                    obj/I2CSniff/stm32f30x_adc.o (symbol from plugin)
ADC_DiscModeCmd                                   obj/I2CSniff/stm32f30x_adc.o (symbol from plugin)
ADC_ExternalTriggerConfig                         obj/I2CSniff/stm32f30x_adc.o (symbol from plugin)
ADC_GetCalibrationStatus                          obj/I2CSniff/stm32f30x_adc.o (symbol from plugin)
ADC_GetCalibrationValue                           obj/I2CSniff/stm32f30x_adc.o (symbol from plugin)
ADC_GetCommonFlagStatus                           obj/I2CSniff/stm32f30x_adc.o (symbol from plugin)
ADC_GetConversionValue                            obj/I2CSniff/stm32f30x_adc.o (symbol from plugin)
ADC_GetDisableCmdStatus                           obj/I2CSniff/stm32f30x_adc.o (symbol from plugin)
ADC_GetDualModeConversionValue                    obj/I2CSniff/stm32f30x_adc.o (symbol from plugin)
ADC_GetFlagStatus                                 obj/I2CSniff/stm32f30x_adc.o (symbol from plugin)
ADC_GetITStatus                                   obj/I2CSniff/stm32f30x_adc.o (symbol from plugin)
ADC_GetInjectedConversionValue                    obj/I2CSniff/stm32f30x_adc.o (symbol from plugin)
ADC_GetStartConversionStatus                      obj/I2CSniff/stm32f30x_adc.o (symbol from plugin)
ADC_GetStartInjectedConversionStatus              obj/I2CSniff/stm32f30x_adc.o (symbol from plugin)
ADC_ITConfig                                      obj/I2CSniff/stm32f30x_adc.o (symbol from plugin)
ADC_Init                                          obj/I2CSniff/stm32f30x_adc.o (symbol from plugin)
ADC_InjectedChannelSampleTimeConfig               obj/I2CSniff/stm32f30x_adc.o (symbol from plugin)
ADC_InjectedDiscModeCmd                           obj/I2CSniff/stm32f30x_adc.o (symbol from plugin)
ADC_InjectedInit                                  obj/I2CSniff/stm32f30x_adc.o (symbol from plugin)
ADC_InjectedStructInit                            obj/I2CSniff/stm32f30x_adc.o (symbol from plugin)
ADC_RegularChannelConfig                          obj/I2CSniff/stm32f30x_adc.o (symbol from plugin)
ADC_RegularChannelSequencerLengthConfig           obj/I2CSniff/stm32f30x_adc.o (symbol from plugin)
ADC_SelectCalibrationMode                         obj/I2CSniff/stm32f30x_adc.o (symbol from plugin)
ADC_SelectDifferentialMode                        obj/I2CSniff/stm32f30x_adc.o (symbol from plugin)
ADC_SelectQueueOfContextMode                      obj/I2CSniff/stm32f30x_adc.o (symbol from plugin)
ADC_SetCalibrationValue                           obj/I2CSniff/stm32f30x_adc.o (symbol from plugin)
ADC_SetChannelOffset1                             obj/I2CSniff/stm32f30x_adc.o (symbol from plugin)
ADC_SetChannelOffset2                             obj/I2CSniff/stm32f30x_adc.o (symbol from plugin)
ADC_SetChannelOffset3                             obj/I2CSniff/stm32f30x_adc.o (symbol from plugin)
ADC_SetChannelOffset4                             obj/I2CSniff/stm32f30x_adc.o (symbol from plugin)
ADC_StartCalibration                              obj/I2CSniff/stm32f30x_adc.o (symbol from plugin)
ADC_StartConversion                               obj/I2CSniff/stm32f30x_adc.o (symbol from plugin)
ADC_StartInjectedConversion                       obj/I2CSniff/stm32f30x_adc.o (symbol from plugin)
ADC_StopConversion                                obj/I2CSniff/stm32f30x_adc.o (symbol from plugin)
ADC_StopInjectedConversion                        obj/I2CSniff/stm32f30x_adc.o (symbol from plugin)
ADC_StructInit                                    obj/I2CSniff/stm32f30x_adc.o (symbol from plugin)
ADC_TempSensorCmd                                 obj/I2CSniff/stm32f30x_adc.o (symbol from plugin)
ADC_VbatCmd                                       obj/I2CSniff/stm32f30x_adc.o (symbol from plugin)
ADC_VoltageRegulatorCmd                           obj/I2CSniff/stm32f30x_adc.o (symbol from plugin)
ADC_VrefintCmd                                    obj/I2CSniff/stm32f30x_adc.o (symbol from plugin)
AHBPrescTable                                     obj/I2CSniff/target/system_stm32f30x.o (symbol from plugin)
BusFault_Handler                                  /tmp/cck3pDp6.ltrans2.ltrans.o
                                                  obj/I2CSniff/vcp/stm32_it.o (symbol from plugin)
                                                  obj/I2CSniff/startup_stm32f30x_md_gcc.o
ByteSwap                                          obj/I2CSniff/usb_regs.o (symbol from plugin)
                                                  obj/I2CSniff/usb_core.o (symbol from plugin)
CAN1_RX1_IRQHandler                               obj/I2CSniff/startup_stm32f30x_md_gcc.o
CAN1_SCE_IRQHandler                               obj/I2CSniff/startup_stm32f30x_md_gcc.o
CDC_BaudRate                                      obj/I2CSniff/vcp/hw_config.o (symbol from plugin)
                                                  obj/I2CSniff/serial_usb_vcp.o (symbol from plugin)
CDC_Receive_DATA                                  obj/I2CSniff/vcp/hw_config.o (symbol from plugin)
                                                  obj/I2CSniff/serial_usb_vcp.o (symbol from plugin)
CDC_Send_DATA                                     obj/I2CSniff/vcp/hw_config.o (symbol from plugin)
                                                  obj/I2CSniff/serial_usb_vcp.o (symbol from plugin)
CDC_Send_DATA.part.0                              /tmp/cck3pDp6.ltrans2.ltrans.o
                                                  /tmp/cck3pDp6.ltrans1.ltrans.o
COMP1_2_3_IRQHandler                              obj/I2CSniff/startup_stm32f30x_md_gcc.o
COMP4_5_6_IRQHandler                              obj/I2CSniff/startup_stm32f30x_md_gcc.o
COMP7_IRQHandler                                  obj/I2CSniff/startup_stm32f30x_md_gcc.o
COMP_Cmd                                          obj/I2CSniff/stm32f30x_comp.o (symbol from plugin)
COMP_DeInit                                       obj/I2CSniff/stm32f30x_comp.o (symbol from plugin)
COMP_GetOutputLevel                               obj/I2CSniff/stm32f30x_comp.o (symbol from plugin)
COMP_Init                                         obj/I2CSniff/stm32f30x_comp.o (symbol from plugin)
COMP_LockConfig                                   obj/I2CSniff/stm32f30x_comp.o (symbol from plugin)
COMP_StructInit                                   obj/I2CSniff/stm32f30x_comp.o (symbol from plugin)
COMP_SwitchCmd                                    obj/I2CSniff/stm32f30x_comp.o (symbol from plugin)
COMP_WindowCmd                                    obj/I2CSniff/stm32f30x_comp.o (symbol from plugin)
CTR_HP                                            obj/I2CSniff/usb_int.o (symbol from plugin)
CTR_LP                                            obj/I2CSniff/usb_int.o (symbol from plugin)
                                                  obj/I2CSniff/vcp/usb_istr.o (symbol from plugin)
ClearDTOG_RX                                      obj/I2CSniff/usb_regs.o (symbol from plugin)
                                                  obj/I2CSniff/usb_core.o (symbol from plugin)
ClearDTOG_TX                                      obj/I2CSniff/usb_regs.o (symbol from plugin)
                                                  obj/I2CSniff/usb_core.o (symbol from plugin)
ClearEPDoubleBuff                                 obj/I2CSniff/usb_regs.o (symbol from plugin)
ClearEP_CTR_RX                                    obj/I2CSniff/usb_regs.o (symbol from plugin)
ClearEP_CTR_TX                                    obj/I2CSniff/usb_regs.o (symbol from plugin)
ClearEP_KIND                                      obj/I2CSniff/usb_regs.o (symbol from plugin)
Clear_Status_Out                                  obj/I2CSniff/usb_regs.o (symbol from plugin)
                                                  obj/I2CSniff/vcp/usb_prop.o (symbol from plugin)
Config_Descriptor                                 obj/I2CSniff/vcp/usb_prop.o (symbol from plugin)
DAC_ClearFlag                                     obj/I2CSniff/stm32f30x_dac.o (symbol from plugin)
DAC_ClearITPendingBit                             obj/I2CSniff/stm32f30x_dac.o (symbol from plugin)
DAC_Cmd                                           obj/I2CSniff/stm32f30x_dac.o (symbol from plugin)
DAC_DMACmd                                        obj/I2CSniff/stm32f30x_dac.o (symbol from plugin)
DAC_DeInit                                        obj/I2CSniff/stm32f30x_dac.o (symbol from plugin)
DAC_DualSoftwareTriggerCmd                        obj/I2CSniff/stm32f30x_dac.o (symbol from plugin)
DAC_GetDataOutputValue                            obj/I2CSniff/stm32f30x_dac.o (symbol from plugin)
DAC_GetFlagStatus                                 obj/I2CSniff/stm32f30x_dac.o (symbol from plugin)
DAC_GetITStatus                                   obj/I2CSniff/stm32f30x_dac.o (symbol from plugin)
DAC_ITConfig                                      obj/I2CSniff/stm32f30x_dac.o (symbol from plugin)
DAC_Init                                          obj/I2CSniff/stm32f30x_dac.o (symbol from plugin)
DAC_SetChannel1Data                               obj/I2CSniff/stm32f30x_dac.o (symbol from plugin)
DAC_SetChannel2Data                               obj/I2CSniff/stm32f30x_dac.o (symbol from plugin)
DAC_SetDualChannelData                            obj/I2CSniff/stm32f30x_dac.o (symbol from plugin)
DAC_SoftwareTriggerCmd                            obj/I2CSniff/stm32f30x_dac.o (symbol from plugin)
DAC_StructInit                                    obj/I2CSniff/stm32f30x_dac.o (symbol from plugin)
DAC_WaveGenerationCmd                             obj/I2CSniff/stm32f30x_dac.o (symbol from plugin)
DBGMCU_APB1PeriphConfig                           obj/I2CSniff/stm32f30x_dbgmcu.o (symbol from plugin)
DBGMCU_APB2PeriphConfig                           obj/I2CSniff/stm32f30x_dbgmcu.o (symbol from plugin)
DBGMCU_Config                                     obj/I2CSniff/stm32f30x_dbgmcu.o (symbol from plugin)
DBGMCU_GetDEVID                                   obj/I2CSniff/stm32f30x_dbgmcu.o (symbol from plugin)
DBGMCU_GetREVID                                   obj/I2CSniff/stm32f30x_dbgmcu.o (symbol from plugin)
DMA1_Channel1_IRQHandler                          /tmp/cck3pDp6.ltrans1.ltrans.o
                                                  obj/I2CSniff/dma.o (symbol from plugin)
                                                  obj/I2CSniff/startup_stm32f30x_md_gcc.o
DMA1_Channel2_IRQHandler                          /tmp/cck3pDp6.ltrans1.ltrans.o
                                                  obj/I2CSniff/dma.o (symbol from plugin)
                                                  obj/I2CSniff/startup_stm32f30x_md_gcc.o
DMA1_Channel3_IRQHandler                          /tmp/cck3pDp6.ltrans1.ltrans.o
                                                  obj/I2CSniff/dma.o (symbol from plugin)
                                                  obj/I2CSniff/startup_stm32f30x_md_gcc.o
DMA1_Channel4_IRQHandler                          /tmp/cck3pDp6.ltrans1.ltrans.o
                                                  obj/I2CSniff/dma.o (symbol from plugin)
                                                  obj/I2CSniff/startup_stm32f30x_md_gcc.o
DMA1_Channel5_IRQHandler                          /tmp/cck3pDp6.ltrans1.ltrans.o
                                                  obj/I2CSniff/dma.o (symbol from plugin)
                                                  obj/I2CSniff/startup_stm32f30x_md_gcc.o
DMA1_Channel6_IRQHandler                          /tmp/cck3pDp6.ltrans1.ltrans.o
                                                  obj/I2CSniff/dma.o (symbol from plugin)
                                                  obj/I2CSniff/startup_stm32f30x_md_gcc.o
DMA1_Channel7_IRQHandler                          /tmp/cck3pDp6.ltrans1.ltrans.o
                                                  obj/I2CSniff/dma.o (symbol from plugin)
                                                  obj/I2CSniff/startup_stm32f30x_md_gcc.o
DMA2_Channel1_IRQHandler                          /tmp/cck3pDp6.ltrans1.ltrans.o
                                                  obj/I2CSniff/dma.o (symbol from plugin)
                                                  obj/I2CSniff/startup_stm32f30x_md_gcc.o
DMA2_Channel2_IRQHandler                          /tmp/cck3pDp6.ltrans1.ltrans.o
                                                  obj/I2CSniff/dma.o (symbol from plugin)
                                                  obj/I2CSniff/startup_stm32f30x_md_gcc.o
DMA2_Channel3_IRQHandler                          /tmp/cck3pDp6.ltrans1.ltrans.o
                                                  obj/I2CSniff/dma.o (symbol from plugin)
                                                  obj/I2CSniff/startup_stm32f30x_md_gcc.o
DMA2_Channel4_IRQHandler                          /tmp/cck3pDp6.ltrans1.ltrans.o
                                                  obj/I2CSniff/dma.o (symbol from plugin)
                                                  obj/I2CSniff/startup_stm32f30x_md_gcc.o
DMA2_Channel5_IRQHandler                          /tmp/cck3pDp6.ltrans1.ltrans.o
                                                  obj/I2CSniff/dma.o (symbol from plugin)
                                                  obj/I2CSniff/startup_stm32f30x_md_gcc.o
DMA_ClearFlag                                     obj/I2CSniff/stm32f30x_dma.o (symbol from plugin)
DMA_ClearITPendingBit                             obj/I2CSniff/stm32f30x_dma.o (symbol from plugin)
DMA_Cmd                                           obj/I2CSniff/stm32f30x_dma.o (symbol from plugin)
                                                  obj/I2CSniff/serial_uart_stm32f30x.o (symbol from plugin)
                                                  obj/I2CSniff/serial_uart.o (symbol from plugin)
DMA_DeInit                                        obj/I2CSniff/stm32f30x_dma.o (symbol from plugin)
                                                  obj/I2CSniff/serial_uart.o (symbol from plugin)
DMA_GetCurrDataCounter                            obj/I2CSniff/stm32f30x_dma.o (symbol from plugin)
                                                  obj/I2CSniff/serial_uart.o (symbol from plugin)
DMA_GetFlagStatus                                 obj/I2CSniff/stm32f30x_dma.o (symbol from plugin)
DMA_GetITStatus                                   obj/I2CSniff/stm32f30x_dma.o (symbol from plugin)
DMA_IRQHandler                                    obj/I2CSniff/dma.o (symbol from plugin)
DMA_ITConfig                                      obj/I2CSniff/stm32f30x_dma.o (symbol from plugin)
                                                  obj/I2CSniff/serial_uart.o (symbol from plugin)
DMA_Init                                          obj/I2CSniff/stm32f30x_dma.o (symbol from plugin)
                                                  obj/I2CSniff/serial_uart.o (symbol from plugin)
DMA_SetCurrDataCounter                            obj/I2CSniff/stm32f30x_dma.o (symbol from plugin)
                                                  obj/I2CSniff/serial_uart.o (symbol from plugin)
DMA_StructInit                                    obj/I2CSniff/stm32f30x_dma.o (symbol from plugin)
                                                  obj/I2CSniff/serial_uart.o (symbol from plugin)
DataStageIn.lto_priv.48                           /tmp/cck3pDp6.ltrans1.ltrans.o
                                                  /tmp/cck3pDp6.ltrans2.ltrans.o
Data_Mul_MaxPacketSize                            /tmp/cck3pDp6.ltrans2.ltrans.o
                                                  obj/I2CSniff/usb_core.o (symbol from plugin)
                                                  /tmp/cck3pDp6.ltrans1.ltrans.o
DebugMon_Handler                                  /tmp/cck3pDp6.ltrans2.ltrans.o
                                                  obj/I2CSniff/vcp/stm32_it.o (symbol from plugin)
                                                  obj/I2CSniff/startup_stm32f30x_md_gcc.o
Default_Handler                                   obj/I2CSniff/startup_stm32f30x_md_gcc.o
Device_Descriptor                                 obj/I2CSniff/vcp/usb_prop.o (symbol from plugin)
Device_Info                                       /tmp/cck3pDp6.ltrans0.ltrans.o
                                                  obj/I2CSniff/usb_init.o (symbol from plugin)
                                                  /tmp/cck3pDp6.ltrans3.ltrans.o
                                                  obj/I2CSniff/vcp/usb_prop.o (symbol from plugin)
                                                  obj/I2CSniff/vcp/hw_config.o (symbol from plugin)
Device_Property                                   /tmp/cck3pDp6.ltrans0.ltrans.o
                                                  obj/I2CSniff/vcp/usb_prop.o (symbol from plugin)
                                                  /tmp/cck3pDp6.ltrans3.ltrans.o
                                                  /tmp/cck3pDp6.ltrans2.ltrans.o
                                                  /tmp/cck3pDp6.ltrans1.ltrans.o
                                                  obj/I2CSniff/vcp/usb_istr.o (symbol from plugin)
                                                  obj/I2CSniff/usb_init.o (symbol from plugin)
                                                  obj/I2CSniff/usb_core.o (symbol from plugin)
Device_Table                                      /tmp/cck3pDp6.ltrans2.ltrans.o
                                                  obj/I2CSniff/vcp/usb_prop.o (symbol from plugin)
                                                  obj/I2CSniff/usb_core.o (symbol from plugin)
EP                                                obj/I2CSniff/vcp/usb_pwr.o (symbol from plugin)
EP1_IN_Callback                                   /tmp/cck3pDp6.ltrans3.ltrans.o
                                                  obj/I2CSniff/vcp/usb_endp.o (symbol from plugin)
                                                  /tmp/cck3pDp6.ltrans2.ltrans.o
                                                  obj/I2CSniff/vcp/usb_istr.o (symbol from plugin)
EP3_OUT_Callback                                  /tmp/cck3pDp6.ltrans3.ltrans.o
                                                  obj/I2CSniff/vcp/usb_endp.o (symbol from plugin)
                                                  /tmp/cck3pDp6.ltrans2.ltrans.o
                                                  obj/I2CSniff/vcp/usb_istr.o (symbol from plugin)
EPindex                                           obj/I2CSniff/usb_init.o (symbol from plugin)
                                                  obj/I2CSniff/usb_int.o (symbol from plugin)
EXTI0_IRQHandler                                  /tmp/cck3pDp6.ltrans1.ltrans.o
                                                  obj/I2CSniff/exti.o (symbol from plugin)
                                                  obj/I2CSniff/startup_stm32f30x_md_gcc.o
EXTI15_10_IRQHandler                              /tmp/cck3pDp6.ltrans1.ltrans.o
                                                  obj/I2CSniff/exti.o (symbol from plugin)
                                                  obj/I2CSniff/startup_stm32f30x_md_gcc.o
EXTI1_IRQHandler                                  /tmp/cck3pDp6.ltrans1.ltrans.o
                                                  obj/I2CSniff/exti.o (symbol from plugin)
                                                  obj/I2CSniff/startup_stm32f30x_md_gcc.o
EXTI2_TS_IRQHandler                               /tmp/cck3pDp6.ltrans1.ltrans.o
                                                  obj/I2CSniff/exti.o (symbol from plugin)
                                                  obj/I2CSniff/startup_stm32f30x_md_gcc.o
EXTI3_IRQHandler                                  /tmp/cck3pDp6.ltrans1.ltrans.o
                                                  obj/I2CSniff/exti.o (symbol from plugin)
                                                  obj/I2CSniff/startup_stm32f30x_md_gcc.o
EXTI4_IRQHandler                                  /tmp/cck3pDp6.ltrans1.ltrans.o
                                                  obj/I2CSniff/exti.o (symbol from plugin)
                                                  obj/I2CSniff/startup_stm32f30x_md_gcc.o
EXTI9_5_IRQHandler                                /tmp/cck3pDp6.ltrans1.ltrans.o
                                                  obj/I2CSniff/exti.o (symbol from plugin)
                                                  obj/I2CSniff/startup_stm32f30x_md_gcc.o
EXTIConfig                                        obj/I2CSniff/exti.o (symbol from plugin)
EXTIEnable                                        obj/I2CSniff/exti.o (symbol from plugin)
EXTIHandlerInit                                   obj/I2CSniff/exti.o (symbol from plugin)
EXTIInit                                          obj/I2CSniff/exti.o (symbol from plugin)
EXTIRelease                                       obj/I2CSniff/exti.o (symbol from plugin)
EXTI_ClearFlag                                    obj/I2CSniff/stm32f30x_exti.o (symbol from plugin)
EXTI_ClearITPendingBit                            obj/I2CSniff/stm32f30x_exti.o (symbol from plugin)
                                                  obj/I2CSniff/vcp/stm32_it.o (symbol from plugin)
                                                  obj/I2CSniff/vcp/hw_config.o (symbol from plugin)
                                                  obj/I2CSniff/exti.o (symbol from plugin)
EXTI_DeInit                                       obj/I2CSniff/stm32f30x_exti.o (symbol from plugin)
EXTI_GenerateSWInterrupt                          obj/I2CSniff/stm32f30x_exti.o (symbol from plugin)
EXTI_GetFlagStatus                                obj/I2CSniff/stm32f30x_exti.o (symbol from plugin)
EXTI_GetITStatus                                  obj/I2CSniff/stm32f30x_exti.o (symbol from plugin)
EXTI_IRQHandler                                   obj/I2CSniff/exti.o (symbol from plugin)
EXTI_Init                                         obj/I2CSniff/stm32f30x_exti.o (symbol from plugin)
                                                  obj/I2CSniff/vcp/hw_config.o (symbol from plugin)
                                                  obj/I2CSniff/exti.o (symbol from plugin)
EXTI_InitStructure                                obj/I2CSniff/vcp/hw_config.o (symbol from plugin)
EXTI_StructInit                                   obj/I2CSniff/stm32f30x_exti.o (symbol from plugin)
Enter_LowPowerMode                                obj/I2CSniff/vcp/hw_config.o (symbol from plugin)
FLASH_ClearFlag                                   obj/I2CSniff/stm32f30x_flash.o (symbol from plugin)
FLASH_EraseAllPages                               obj/I2CSniff/stm32f30x_flash.o (symbol from plugin)
FLASH_ErasePage                                   obj/I2CSniff/stm32f30x_flash.o (symbol from plugin)
FLASH_GetFlagStatus                               obj/I2CSniff/stm32f30x_flash.o (symbol from plugin)
FLASH_GetStatus                                   obj/I2CSniff/stm32f30x_flash.o (symbol from plugin)
FLASH_HalfCycleAccessCmd                          obj/I2CSniff/stm32f30x_flash.o (symbol from plugin)
FLASH_IRQHandler                                  obj/I2CSniff/startup_stm32f30x_md_gcc.o
FLASH_ITConfig                                    obj/I2CSniff/stm32f30x_flash.o (symbol from plugin)
FLASH_Lock                                        obj/I2CSniff/stm32f30x_flash.o (symbol from plugin)
FLASH_OB_BOOTConfig                               obj/I2CSniff/stm32f30x_flash.o (symbol from plugin)
FLASH_OB_EnableWRP                                obj/I2CSniff/stm32f30x_flash.o (symbol from plugin)
FLASH_OB_Erase                                    obj/I2CSniff/stm32f30x_flash.o (symbol from plugin)
FLASH_OB_GetRDP                                   obj/I2CSniff/stm32f30x_flash.o (symbol from plugin)
FLASH_OB_GetUser                                  obj/I2CSniff/stm32f30x_flash.o (symbol from plugin)
FLASH_OB_GetWRP                                   obj/I2CSniff/stm32f30x_flash.o (symbol from plugin)
FLASH_OB_Launch                                   obj/I2CSniff/stm32f30x_flash.o (symbol from plugin)
FLASH_OB_Lock                                     obj/I2CSniff/stm32f30x_flash.o (symbol from plugin)
FLASH_OB_RDPConfig                                obj/I2CSniff/stm32f30x_flash.o (symbol from plugin)
FLASH_OB_SRAMParityConfig                         obj/I2CSniff/stm32f30x_flash.o (symbol from plugin)
FLASH_OB_Unlock                                   obj/I2CSniff/stm32f30x_flash.o (symbol from plugin)
FLASH_OB_UserConfig                               obj/I2CSniff/stm32f30x_flash.o (symbol from plugin)
FLASH_OB_VDDAConfig                               obj/I2CSniff/stm32f30x_flash.o (symbol from plugin)
FLASH_OB_WriteUser                                obj/I2CSniff/stm32f30x_flash.o (symbol from plugin)
FLASH_PrefetchBufferCmd                           obj/I2CSniff/stm32f30x_flash.o (symbol from plugin)
FLASH_ProgramHalfWord                             obj/I2CSniff/stm32f30x_flash.o (symbol from plugin)
FLASH_ProgramOptionByteData                       obj/I2CSniff/stm32f30x_flash.o (symbol from plugin)
FLASH_ProgramWord                                 obj/I2CSniff/stm32f30x_flash.o (symbol from plugin)
FLASH_SetLatency                                  obj/I2CSniff/stm32f30x_flash.o (symbol from plugin)
FLASH_Unlock                                      obj/I2CSniff/stm32f30x_flash.o (symbol from plugin)
FLASH_WaitForLastOperation                        obj/I2CSniff/stm32f30x_flash.o (symbol from plugin)
FPU_IRQHandler                                    obj/I2CSniff/startup_stm32f30x_md_gcc.o
FreeUserBuffer                                    obj/I2CSniff/usb_regs.o (symbol from plugin)
GPIO_DeInit                                       obj/I2CSniff/stm32f30x_gpio.o (symbol from plugin)
GPIO_Init                                         /tmp/cck3pDp6.ltrans1.ltrans.o
                                                  obj/I2CSniff/stm32f30x_gpio.o (symbol from plugin)
                                                  /tmp/cck3pDp6.ltrans0.ltrans.o
                                                  obj/I2CSniff/HardwareWire.o (symbol from plugin)
                                                  obj/I2CSniff/usb_io.o (symbol from plugin)
                                                  obj/I2CSniff/vcp/hw_config.o (symbol from plugin)
                                                  obj/I2CSniff/io.o (symbol from plugin)
                                                  obj/I2CSniff/serial_uart_stm32f30x.o (symbol from plugin)
                                                  obj/I2CSniff/gpio_stm32f30x.o (symbol from plugin)
GPIO_PinAFConfig                                  obj/I2CSniff/stm32f30x_gpio.o (symbol from plugin)
                                                  obj/I2CSniff/HardwareWire.o (symbol from plugin)
                                                  obj/I2CSniff/vcp/hw_config.o (symbol from plugin)
                                                  obj/I2CSniff/io.o (symbol from plugin)
                                                  obj/I2CSniff/serial_uart_stm32f30x.o (symbol from plugin)
                                                  obj/I2CSniff/timer.o (symbol from plugin)
GPIO_PinLockConfig                                obj/I2CSniff/stm32f30x_gpio.o (symbol from plugin)
GPIO_ReadInputData                                obj/I2CSniff/stm32f30x_gpio.o (symbol from plugin)
GPIO_ReadInputDataBit                             obj/I2CSniff/stm32f30x_gpio.o (symbol from plugin)
GPIO_ReadOutputData                               obj/I2CSniff/stm32f30x_gpio.o (symbol from plugin)
GPIO_ReadOutputDataBit                            obj/I2CSniff/stm32f30x_gpio.o (symbol from plugin)
GPIO_ResetBits                                    obj/I2CSniff/stm32f30x_gpio.o (symbol from plugin)
                                                  obj/I2CSniff/usb_io.o (symbol from plugin)
GPIO_SetBits                                      obj/I2CSniff/stm32f30x_gpio.o (symbol from plugin)
                                                  obj/I2CSniff/usb_io.o (symbol from plugin)
                                                  obj/I2CSniff/serial_uart_stm32f30x.o (symbol from plugin)
GPIO_StructInit                                   obj/I2CSniff/stm32f30x_gpio.o (symbol from plugin)
                                                  obj/I2CSniff/HardwareWire.o (symbol from plugin)
GPIO_Write                                        obj/I2CSniff/stm32f30x_gpio.o (symbol from plugin)
GPIO_WriteBit                                     obj/I2CSniff/stm32f30x_gpio.o (symbol from plugin)
GetBTABLE                                         obj/I2CSniff/usb_regs.o (symbol from plugin)
GetCNTR                                           obj/I2CSniff/usb_regs.o (symbol from plugin)
GetDADDR                                          obj/I2CSniff/usb_regs.o (symbol from plugin)
GetENDPOINT                                       obj/I2CSniff/usb_regs.o (symbol from plugin)
GetEPAddress                                      obj/I2CSniff/usb_regs.o (symbol from plugin)
GetEPDblBuf0Addr                                  obj/I2CSniff/usb_regs.o (symbol from plugin)
GetEPDblBuf0Count                                 obj/I2CSniff/usb_regs.o (symbol from plugin)
GetEPDblBuf1Addr                                  obj/I2CSniff/usb_regs.o (symbol from plugin)
GetEPDblBuf1Count                                 obj/I2CSniff/usb_regs.o (symbol from plugin)
GetEPDblBufDir                                    obj/I2CSniff/usb_regs.o (symbol from plugin)
GetEPRxAddr                                       obj/I2CSniff/usb_regs.o (symbol from plugin)
                                                  obj/I2CSniff/usb_sil.o (symbol from plugin)
                                                  obj/I2CSniff/usb_core.o (symbol from plugin)
GetEPRxCount                                      obj/I2CSniff/usb_regs.o (symbol from plugin)
                                                  obj/I2CSniff/vcp/usb_endp.o (symbol from plugin)
                                                  obj/I2CSniff/usb_sil.o (symbol from plugin)
GetEPRxStatus                                     obj/I2CSniff/usb_regs.o (symbol from plugin)
GetEPTxAddr                                       obj/I2CSniff/usb_regs.o (symbol from plugin)
                                                  obj/I2CSniff/usb_sil.o (symbol from plugin)
                                                  obj/I2CSniff/usb_core.o (symbol from plugin)
GetEPTxCount                                      obj/I2CSniff/usb_regs.o (symbol from plugin)
GetEPTxStatus                                     obj/I2CSniff/usb_regs.o (symbol from plugin)
GetEPType                                         obj/I2CSniff/usb_regs.o (symbol from plugin)
GetFNR                                            obj/I2CSniff/usb_regs.o (symbol from plugin)
GetISTR                                           obj/I2CSniff/usb_regs.o (symbol from plugin)
GetRxStallStatus                                  obj/I2CSniff/usb_regs.o (symbol from plugin)
GetTxStallStatus                                  obj/I2CSniff/usb_regs.o (symbol from plugin)
Get_SerialNum                                     obj/I2CSniff/vcp/hw_config.o (symbol from plugin)
                                                  obj/I2CSniff/vcp/usb_prop.o (symbol from plugin)
HRTIM_ADCTriggerConfig                            obj/I2CSniff/stm32f30x_hrtim.o (symbol from plugin)
HRTIM_BurstDMAConfig                              obj/I2CSniff/stm32f30x_hrtim.o (symbol from plugin)
HRTIM_BurstModeConfig                             obj/I2CSniff/stm32f30x_hrtim.o (symbol from plugin)
HRTIM_BurstModeCtl                                obj/I2CSniff/stm32f30x_hrtim.o (symbol from plugin)
HRTIM_ChopperModeConfig                           obj/I2CSniff/stm32f30x_hrtim.o (symbol from plugin)
HRTIM_ClearCommonFlag                             obj/I2CSniff/stm32f30x_hrtim.o (symbol from plugin)
HRTIM_ClearCommonITPendingBit                     obj/I2CSniff/stm32f30x_hrtim.o (symbol from plugin)
HRTIM_ClearFlag                                   obj/I2CSniff/stm32f30x_hrtim.o (symbol from plugin)
HRTIM_ClearITPendingBit                           obj/I2CSniff/stm32f30x_hrtim.o (symbol from plugin)
HRTIM_DLLCalibrationStart                         obj/I2CSniff/stm32f30x_hrtim.o (symbol from plugin)
HRTIM_DMACmd                                      obj/I2CSniff/stm32f30x_hrtim.o (symbol from plugin)
HRTIM_DeInit                                      obj/I2CSniff/stm32f30x_hrtim.o (symbol from plugin)
HRTIM_DeadTimeConfig                              obj/I2CSniff/stm32f30x_hrtim.o (symbol from plugin)
HRTIM_EventConfig                                 obj/I2CSniff/stm32f30x_hrtim.o (symbol from plugin)
HRTIM_EventPrescalerConfig                        obj/I2CSniff/stm32f30x_hrtim.o (symbol from plugin)
HRTIM_FaultConfig                                 obj/I2CSniff/stm32f30x_hrtim.o (symbol from plugin)
HRTIM_FaultModeCtl                                obj/I2CSniff/stm32f30x_hrtim.o (symbol from plugin)
HRTIM_FaultPrescalerConfig                        obj/I2CSniff/stm32f30x_hrtim.o (symbol from plugin)
HRTIM_GetBurstStatus                              obj/I2CSniff/stm32f30x_hrtim.o (symbol from plugin)
HRTIM_GetCapturedValue                            obj/I2CSniff/stm32f30x_hrtim.o (symbol from plugin)
HRTIM_GetCommonFlagStatus                         obj/I2CSniff/stm32f30x_hrtim.o (symbol from plugin)
HRTIM_GetCommonITStatus                           obj/I2CSniff/stm32f30x_hrtim.o (symbol from plugin)
HRTIM_GetCurrentPushPullStatus                    obj/I2CSniff/stm32f30x_hrtim.o (symbol from plugin)
HRTIM_GetDelayedProtectionStatus                  obj/I2CSniff/stm32f30x_hrtim.o (symbol from plugin)
HRTIM_GetFlagStatus                               obj/I2CSniff/stm32f30x_hrtim.o (symbol from plugin)
HRTIM_GetITStatus                                 obj/I2CSniff/stm32f30x_hrtim.o (symbol from plugin)
HRTIM_GetIdlePushPullStatus                       obj/I2CSniff/stm32f30x_hrtim.o (symbol from plugin)
HRTIM_ITCommonConfig                              obj/I2CSniff/stm32f30x_hrtim.o (symbol from plugin)
HRTIM_ITConfig                                    obj/I2CSniff/stm32f30x_hrtim.o (symbol from plugin)
HRTIM_MasterSetCompare                            obj/I2CSniff/stm32f30x_hrtim.o (symbol from plugin)
HRTIM_SimpleBaseStart                             obj/I2CSniff/stm32f30x_hrtim.o (symbol from plugin)
HRTIM_SimpleBaseStop                              obj/I2CSniff/stm32f30x_hrtim.o (symbol from plugin)
HRTIM_SimpleBase_Init                             obj/I2CSniff/stm32f30x_hrtim.o (symbol from plugin)
HRTIM_SimpleCaptureChannelConfig                  obj/I2CSniff/stm32f30x_hrtim.o (symbol from plugin)
HRTIM_SimpleCaptureStart                          obj/I2CSniff/stm32f30x_hrtim.o (symbol from plugin)
HRTIM_SimpleCaptureStop                           obj/I2CSniff/stm32f30x_hrtim.o (symbol from plugin)
HRTIM_SimpleCapture_Init                          obj/I2CSniff/stm32f30x_hrtim.o (symbol from plugin)
HRTIM_SimpleOCChannelConfig                       obj/I2CSniff/stm32f30x_hrtim.o (symbol from plugin)
HRTIM_SimpleOCStart                               obj/I2CSniff/stm32f30x_hrtim.o (symbol from plugin)
HRTIM_SimpleOCStop                                obj/I2CSniff/stm32f30x_hrtim.o (symbol from plugin)
HRTIM_SimpleOC_Init                               obj/I2CSniff/stm32f30x_hrtim.o (symbol from plugin)
HRTIM_SimpleOnePulseChannelConfig                 obj/I2CSniff/stm32f30x_hrtim.o (symbol from plugin)
HRTIM_SimpleOnePulseStart                         obj/I2CSniff/stm32f30x_hrtim.o (symbol from plugin)
HRTIM_SimpleOnePulseStop                          obj/I2CSniff/stm32f30x_hrtim.o (symbol from plugin)
HRTIM_SimpleOnePulse_Init                         obj/I2CSniff/stm32f30x_hrtim.o (symbol from plugin)
HRTIM_SimplePWMChannelConfig                      obj/I2CSniff/stm32f30x_hrtim.o (symbol from plugin)
HRTIM_SimplePWMStart                              obj/I2CSniff/stm32f30x_hrtim.o (symbol from plugin)
HRTIM_SimplePWMStop                               obj/I2CSniff/stm32f30x_hrtim.o (symbol from plugin)
HRTIM_SimplePWM_Init                              obj/I2CSniff/stm32f30x_hrtim.o (symbol from plugin)
HRTIM_SlaveSetCompare                             obj/I2CSniff/stm32f30x_hrtim.o (symbol from plugin)
HRTIM_SoftwareCapture                             obj/I2CSniff/stm32f30x_hrtim.o (symbol from plugin)
HRTIM_SoftwareReset                               obj/I2CSniff/stm32f30x_hrtim.o (symbol from plugin)
HRTIM_SoftwareUpdate                              obj/I2CSniff/stm32f30x_hrtim.o (symbol from plugin)
HRTIM_SynchronizationConfig                       obj/I2CSniff/stm32f30x_hrtim.o (symbol from plugin)
HRTIM_TimerEventFilteringConfig                   obj/I2CSniff/stm32f30x_hrtim.o (symbol from plugin)
HRTIM_WaveformCaptureConfig                       obj/I2CSniff/stm32f30x_hrtim.o (symbol from plugin)
HRTIM_WaveformCompareConfig                       obj/I2CSniff/stm32f30x_hrtim.o (symbol from plugin)
HRTIM_WaveformCounterStart                        obj/I2CSniff/stm32f30x_hrtim.o (symbol from plugin)
HRTIM_WaveformCounterStop                         obj/I2CSniff/stm32f30x_hrtim.o (symbol from plugin)
HRTIM_WaveformGetOutputLevel                      obj/I2CSniff/stm32f30x_hrtim.o (symbol from plugin)
HRTIM_WaveformGetOutputState                      obj/I2CSniff/stm32f30x_hrtim.o (symbol from plugin)
HRTIM_WaveformOutputConfig                        obj/I2CSniff/stm32f30x_hrtim.o (symbol from plugin)
HRTIM_WaveformOutputStart                         obj/I2CSniff/stm32f30x_hrtim.o (symbol from plugin)
HRTIM_WaveformOutputStop                          obj/I2CSniff/stm32f30x_hrtim.o (symbol from plugin)
HRTIM_WaveformSetOutputLevel                      obj/I2CSniff/stm32f30x_hrtim.o (symbol from plugin)
HRTIM_WaveformTimerConfig                         obj/I2CSniff/stm32f30x_hrtim.o (symbol from plugin)
HRTIM_Waveform_Init                               obj/I2CSniff/stm32f30x_hrtim.o (symbol from plugin)
HSEStartUpStatus                                  obj/I2CSniff/vcp/hw_config.o (symbol from plugin)
HardFault_Handler                                 /tmp/cck3pDp6.ltrans4.ltrans.o
                                                  obj/I2CSniff/Arduino.o (symbol from plugin)
                                                  obj/I2CSniff/startup_stm32f30x_md_gcc.o
HardwareSerial0::begin(unsigned long)             obj/I2CSniff/Arduino.o (symbol from plugin)
                                                  obj/I2CSniff.o (symbol from plugin)
HardwareSerial0::read()                           obj/I2CSniff/Arduino.o (symbol from plugin)
HardwareSerial1::begin(unsigned long)             obj/I2CSniff/Arduino.o (symbol from plugin)
HardwareSerial1::read()                           obj/I2CSniff/Arduino.o (symbol from plugin)
HardwareSerial::available()                       obj/I2CSniff/Arduino.o (symbol from plugin)
HardwareSerial::flush()                           obj/I2CSniff/Arduino.o (symbol from plugin)
                                                  obj/I2CSniff.o (symbol from plugin)
HardwareSerial::printf(char const*, ...)          obj/I2CSniff.o (symbol from plugin)
HardwareSerial::printf(char const*, ...) [clone .constprop.6] /tmp/cck3pDp6.ltrans4.ltrans.o
                                                  /tmp/cck3pDp6.ltrans0.ltrans.o
HardwareSerial::write(unsigned char)              obj/I2CSniff/Arduino.o (symbol from plugin)
                                                  obj/I2CSniff.o (symbol from plugin)
HardwareWire::available()                         obj/I2CSniff/HardwareWire.o (symbol from plugin)
HardwareWire::begin()                             obj/I2CSniff/HardwareWire.o (symbol from plugin)
                                                  obj/I2CSniff.o (symbol from plugin)
HardwareWire::beginTransmission(unsigned char)    obj/I2CSniff/HardwareWire.o (symbol from plugin)
                                                  obj/I2CSniff.o (symbol from plugin)
HardwareWire::endTransmission(bool)               obj/I2CSniff/HardwareWire.o (symbol from plugin)
                                                  obj/I2CSniff.o (symbol from plugin)
HardwareWire::read()                              obj/I2CSniff/HardwareWire.o (symbol from plugin)
HardwareWire::requestFrom(unsigned char, unsigned char) obj/I2CSniff/HardwareWire.o (symbol from plugin)
HardwareWire::write(unsigned char)                obj/I2CSniff/HardwareWire.o (symbol from plugin)
I2C1_ER_IRQHandler                                obj/I2CSniff/startup_stm32f30x_md_gcc.o
I2C1_EV_IRQHandler                                obj/I2CSniff/startup_stm32f30x_md_gcc.o
I2C2_ER_IRQHandler                                obj/I2CSniff/startup_stm32f30x_md_gcc.o
I2C2_EV_IRQHandler                                obj/I2CSniff/startup_stm32f30x_md_gcc.o
I2C_10BitAddressHeaderCmd                         obj/I2CSniff/stm32f30x_i2c.o (symbol from plugin)
I2C_10BitAddressingModeCmd                        obj/I2CSniff/stm32f30x_i2c.o (symbol from plugin)
I2C_AcknowledgeConfig                             obj/I2CSniff/stm32f30x_i2c.o (symbol from plugin)
I2C_AutoEndCmd                                    obj/I2CSniff/stm32f30x_i2c.o (symbol from plugin)
I2C_CalculatePEC                                  obj/I2CSniff/stm32f30x_i2c.o (symbol from plugin)
I2C_ClearFlag                                     obj/I2CSniff/stm32f30x_i2c.o (symbol from plugin)
                                                  obj/I2CSniff/HardwareWire.o (symbol from plugin)
I2C_ClearITPendingBit                             obj/I2CSniff/stm32f30x_i2c.o (symbol from plugin)
I2C_ClockTimeoutCmd                               obj/I2CSniff/stm32f30x_i2c.o (symbol from plugin)
I2C_Cmd                                           obj/I2CSniff/stm32f30x_i2c.o (symbol from plugin)
                                                  obj/I2CSniff/HardwareWire.o (symbol from plugin)
I2C_DMACmd                                        obj/I2CSniff/stm32f30x_i2c.o (symbol from plugin)
I2C_DeInit                                        obj/I2CSniff/stm32f30x_i2c.o (symbol from plugin)
I2C_DualAddressCmd                                obj/I2CSniff/stm32f30x_i2c.o (symbol from plugin)
I2C_ExtendedClockTimeoutCmd                       obj/I2CSniff/stm32f30x_i2c.o (symbol from plugin)
I2C_GeneralCallCmd                                obj/I2CSniff/stm32f30x_i2c.o (symbol from plugin)
I2C_GenerateSTART                                 obj/I2CSniff/stm32f30x_i2c.o (symbol from plugin)
I2C_GenerateSTOP                                  obj/I2CSniff/stm32f30x_i2c.o (symbol from plugin)
I2C_GetAddressMatched                             obj/I2CSniff/stm32f30x_i2c.o (symbol from plugin)
I2C_GetFlagStatus                                 obj/I2CSniff/stm32f30x_i2c.o (symbol from plugin)
                                                  obj/I2CSniff/HardwareWire.o (symbol from plugin)
I2C_GetITStatus                                   obj/I2CSniff/stm32f30x_i2c.o (symbol from plugin)
I2C_GetPEC                                        obj/I2CSniff/stm32f30x_i2c.o (symbol from plugin)
I2C_GetTransferDirection                          obj/I2CSniff/stm32f30x_i2c.o (symbol from plugin)
I2C_ITConfig                                      obj/I2CSniff/stm32f30x_i2c.o (symbol from plugin)
I2C_IdleClockTimeoutCmd                           obj/I2CSniff/stm32f30x_i2c.o (symbol from plugin)
I2C_Init                                          obj/I2CSniff/stm32f30x_i2c.o (symbol from plugin)
                                                  obj/I2CSniff/HardwareWire.o (symbol from plugin)
I2C_MasterRequestConfig                           obj/I2CSniff/stm32f30x_i2c.o (symbol from plugin)
I2C_NumberOfBytesConfig                           obj/I2CSniff/stm32f30x_i2c.o (symbol from plugin)
I2C_OwnAddress2Config                             obj/I2CSniff/stm32f30x_i2c.o (symbol from plugin)
I2C_PECRequestCmd                                 obj/I2CSniff/stm32f30x_i2c.o (symbol from plugin)
I2C_ReadRegister                                  obj/I2CSniff/stm32f30x_i2c.o (symbol from plugin)
I2C_ReceiveData                                   obj/I2CSniff/stm32f30x_i2c.o (symbol from plugin)
                                                  obj/I2CSniff/HardwareWire.o (symbol from plugin)
I2C_ReloadCmd                                     obj/I2CSniff/stm32f30x_i2c.o (symbol from plugin)
I2C_SMBusAlertCmd                                 obj/I2CSniff/stm32f30x_i2c.o (symbol from plugin)
I2C_SendData                                      obj/I2CSniff/stm32f30x_i2c.o (symbol from plugin)
                                                  obj/I2CSniff/HardwareWire.o (symbol from plugin)
I2C_SlaveAddressConfig                            obj/I2CSniff/stm32f30x_i2c.o (symbol from plugin)
I2C_SlaveByteControlCmd                           obj/I2CSniff/stm32f30x_i2c.o (symbol from plugin)
I2C_SoftwareResetCmd                              obj/I2CSniff/stm32f30x_i2c.o (symbol from plugin)
I2C_StopModeCmd                                   obj/I2CSniff/stm32f30x_i2c.o (symbol from plugin)
I2C_StretchClockCmd                               obj/I2CSniff/stm32f30x_i2c.o (symbol from plugin)
I2C_StructInit                                    obj/I2CSniff/stm32f30x_i2c.o (symbol from plugin)
                                                  obj/I2CSniff/HardwareWire.o (symbol from plugin)
I2C_TimeoutAConfig                                obj/I2CSniff/stm32f30x_i2c.o (symbol from plugin)
I2C_TimeoutBConfig                                obj/I2CSniff/stm32f30x_i2c.o (symbol from plugin)
I2C_TransferHandling                              obj/I2CSniff/stm32f30x_i2c.o (symbol from plugin)
                                                  obj/I2CSniff/HardwareWire.o (symbol from plugin)
I2S_Cmd                                           obj/I2CSniff/stm32f30x_spi.o (symbol from plugin)
I2S_FullDuplexConfig                              obj/I2CSniff/stm32f30x_spi.o (symbol from plugin)
I2S_Init                                          obj/I2CSniff/stm32f30x_spi.o (symbol from plugin)
I2S_StructInit                                    obj/I2CSniff/stm32f30x_spi.o (symbol from plugin)
IOConfigGPIO                                      obj/I2CSniff/io.o (symbol from plugin)
IOConfigGPIOAF                                    obj/I2CSniff/io.o (symbol from plugin)
IOGetByTag                                        obj/I2CSniff/io.o (symbol from plugin)
IOGetOwner                                        obj/I2CSniff/io.o (symbol from plugin)
IOGetResources                                    obj/I2CSniff/io.o (symbol from plugin)
IOHi                                              obj/I2CSniff/io.o (symbol from plugin)
IOInit                                            obj/I2CSniff/io.o (symbol from plugin)
IOInitGlobal                                      obj/I2CSniff/io.o (symbol from plugin)
                                                  obj/I2CSniff/Arduino.o (symbol from plugin)
IOLo                                              obj/I2CSniff/io.o (symbol from plugin)
IORead                                            obj/I2CSniff/io.o (symbol from plugin)
IORelease                                         obj/I2CSniff/io.o (symbol from plugin)
IOToggle                                          obj/I2CSniff/io.o (symbol from plugin)
IOWrite                                           obj/I2CSniff/io.o (symbol from plugin)
IO_EXTI_Line                                      obj/I2CSniff/io.o (symbol from plugin)
                                                  obj/I2CSniff/exti.o (symbol from plugin)
IO_EXTI_PinSource                                 obj/I2CSniff/io.o (symbol from plugin)
                                                  obj/I2CSniff/exti.o (symbol from plugin)
IO_EXTI_PortSourceGPIO                            obj/I2CSniff/io.o (symbol from plugin)
                                                  obj/I2CSniff/exti.o (symbol from plugin)
IO_GPIO                                           obj/I2CSniff/io.o (symbol from plugin)
IO_GPIOPinIdx                                     obj/I2CSniff/io.o (symbol from plugin)
                                                  obj/I2CSniff/exti.o (symbol from plugin)
IO_GPIOPortIdx                                    obj/I2CSniff/io.o (symbol from plugin)
IO_GPIO_PinSource                                 obj/I2CSniff/io.o (symbol from plugin)
IO_GPIO_PortSource                                obj/I2CSniff/io.o (symbol from plugin)
IO_Pin                                            obj/I2CSniff/io.o (symbol from plugin)
IO_Rec                                            obj/I2CSniff/io.o (symbol from plugin)
IWDG_Enable                                       obj/I2CSniff/stm32f30x_iwdg.o (symbol from plugin)
IWDG_GetFlagStatus                                obj/I2CSniff/stm32f30x_iwdg.o (symbol from plugin)
IWDG_ReloadCounter                                obj/I2CSniff/stm32f30x_iwdg.o (symbol from plugin)
IWDG_SetPrescaler                                 obj/I2CSniff/stm32f30x_iwdg.o (symbol from plugin)
IWDG_SetReload                                    obj/I2CSniff/stm32f30x_iwdg.o (symbol from plugin)
IWDG_SetWindowValue                               obj/I2CSniff/stm32f30x_iwdg.o (symbol from plugin)
IWDG_WriteAccessCmd                               obj/I2CSniff/stm32f30x_iwdg.o (symbol from plugin)
In0_Process                                       obj/I2CSniff/usb_core.o (symbol from plugin)
                                                  obj/I2CSniff/usb_int.o (symbol from plugin)
IntToUnicode.lto_priv.47                          /tmp/cck3pDp6.ltrans2.ltrans.o
                                                  /tmp/cck3pDp6.ltrans3.ltrans.o
Leave_LowPowerMode                                obj/I2CSniff/vcp/hw_config.o (symbol from plugin)
                                                  obj/I2CSniff/vcp/usb_pwr.o (symbol from plugin)
MemManage_Handler                                 /tmp/cck3pDp6.ltrans2.ltrans.o
                                                  obj/I2CSniff/vcp/stm32_it.o (symbol from plugin)
                                                  obj/I2CSniff/startup_stm32f30x_md_gcc.o
NMI_Handler                                       /tmp/cck3pDp6.ltrans2.ltrans.o
                                                  obj/I2CSniff/vcp/stm32_it.o (symbol from plugin)
                                                  obj/I2CSniff/startup_stm32f30x_md_gcc.o
NOP_Process                                       /tmp/cck3pDp6.ltrans2.ltrans.o
                                                  obj/I2CSniff/usb_core.o (symbol from plugin)
                                                  /tmp/cck3pDp6.ltrans0.ltrans.o
                                                  obj/I2CSniff/vcp/usb_prop.o (symbol from plugin)
                                                  obj/I2CSniff/vcp/usb_istr.o (symbol from plugin)
NVIC_Init                                         obj/I2CSniff/stm32f30x_misc.o (symbol from plugin)
                                                  obj/I2CSniff/vcp/hw_config.o (symbol from plugin)
                                                  obj/I2CSniff/dma.o (symbol from plugin)
                                                  obj/I2CSniff/exti.o (symbol from plugin)
                                                  obj/I2CSniff/serial_uart_stm32f30x.o (symbol from plugin)
                                                  obj/I2CSniff/timer.o (symbol from plugin)
NVIC_Init.part.0.constprop.32                     /tmp/cck3pDp6.ltrans4.ltrans.o
                                                  /tmp/cck3pDp6.ltrans0.ltrans.o
NVIC_PriorityGroupConfig                          obj/I2CSniff/stm32f30x_misc.o (symbol from plugin)
                                                  obj/I2CSniff/vcp/hw_config.o (symbol from plugin)
                                                  obj/I2CSniff/system.o (symbol from plugin)
NVIC_SetVectorTable                               obj/I2CSniff/stm32f30x_misc.o (symbol from plugin)
NVIC_SystemLPConfig                               obj/I2CSniff/stm32f30x_misc.o (symbol from plugin)
OPAMP_Cmd                                         obj/I2CSniff/stm32f30x_opamp.o (symbol from plugin)
OPAMP_DeInit                                      obj/I2CSniff/stm32f30x_opamp.o (symbol from plugin)
OPAMP_GetOutputLevel                              obj/I2CSniff/stm32f30x_opamp.o (symbol from plugin)
OPAMP_Init                                        obj/I2CSniff/stm32f30x_opamp.o (symbol from plugin)
OPAMP_LockConfig                                  obj/I2CSniff/stm32f30x_opamp.o (symbol from plugin)
OPAMP_OffsetTrimConfig                            obj/I2CSniff/stm32f30x_opamp.o (symbol from plugin)
OPAMP_OffsetTrimModeSelect                        obj/I2CSniff/stm32f30x_opamp.o (symbol from plugin)
OPAMP_PGAConfig                                   obj/I2CSniff/stm32f30x_opamp.o (symbol from plugin)
OPAMP_StartCalibration                            obj/I2CSniff/stm32f30x_opamp.o (symbol from plugin)
OPAMP_StructInit                                  obj/I2CSniff/stm32f30x_opamp.o (symbol from plugin)
OPAMP_TimerControlledMuxCmd                       obj/I2CSniff/stm32f30x_opamp.o (symbol from plugin)
OPAMP_TimerControlledMuxConfig                    obj/I2CSniff/stm32f30x_opamp.o (symbol from plugin)
OPAMP_VrefConfig                                  obj/I2CSniff/stm32f30x_opamp.o (symbol from plugin)
OPAMP_VrefConnectADCCmd                           obj/I2CSniff/stm32f30x_opamp.o (symbol from plugin)
OPAMP_VrefConnectNonInvertingInput                obj/I2CSniff/stm32f30x_opamp.o (symbol from plugin)
Out0_Process                                      obj/I2CSniff/usb_core.o (symbol from plugin)
                                                  obj/I2CSniff/usb_int.o (symbol from plugin)
PMAToUserBufferCopy                               obj/I2CSniff/usb_mem.o (symbol from plugin)
                                                  obj/I2CSniff/vcp/usb_endp.o (symbol from plugin)
                                                  obj/I2CSniff/usb_sil.o (symbol from plugin)
                                                  obj/I2CSniff/usb_core.o (symbol from plugin)
PVD_IRQHandler                                    obj/I2CSniff/startup_stm32f30x_md_gcc.o
PWR_BackupAccessCmd                               obj/I2CSniff/stm32f30x_pwr.o (symbol from plugin)
PWR_ClearFlag                                     obj/I2CSniff/stm32f30x_pwr.o (symbol from plugin)
PWR_DeInit                                        obj/I2CSniff/stm32f30x_pwr.o (symbol from plugin)
PWR_EnterSTANDBYMode                              obj/I2CSniff/stm32f30x_pwr.o (symbol from plugin)
PWR_EnterSTOPMode                                 obj/I2CSniff/stm32f30x_pwr.o (symbol from plugin)
PWR_EnterSleepMode                                obj/I2CSniff/stm32f30x_pwr.o (symbol from plugin)
PWR_GetFlagStatus                                 obj/I2CSniff/stm32f30x_pwr.o (symbol from plugin)
PWR_PVDCmd                                        obj/I2CSniff/stm32f30x_pwr.o (symbol from plugin)
PWR_PVDLevelConfig                                obj/I2CSniff/stm32f30x_pwr.o (symbol from plugin)
PWR_WakeUpPinCmd                                  obj/I2CSniff/stm32f30x_pwr.o (symbol from plugin)
PendSV_Handler                                    /tmp/cck3pDp6.ltrans2.ltrans.o
                                                  obj/I2CSniff/vcp/stm32_it.o (symbol from plugin)
                                                  obj/I2CSniff/startup_stm32f30x_md_gcc.o
Post0_Process                                     /tmp/cck3pDp6.ltrans1.ltrans.o
                                                  obj/I2CSniff/usb_core.o (symbol from plugin)
                                                  /tmp/cck3pDp6.ltrans2.ltrans.o
PowerOff                                          obj/I2CSniff/vcp/usb_pwr.o (symbol from plugin)
PowerOn                                           obj/I2CSniff/vcp/usb_pwr.o (symbol from plugin)
                                                  obj/I2CSniff/vcp/usb_prop.o (symbol from plugin)
RCC_ADCCLKConfig                                  obj/I2CSniff/stm32f30x_rcc.o (symbol from plugin)
RCC_AHBPeriphClockCmd                             obj/I2CSniff/stm32f30x_rcc.o (symbol from plugin)
                                                  obj/I2CSniff/HardwareWire.o (symbol from plugin)
                                                  obj/I2CSniff/usb_io.o (symbol from plugin)