Archive member included to satisfy reference by file (symbol)

/usr/local/gcc-arm-none-eabi-5_4-2016q3/bin/../lib/gcc/arm-none-eabi/5.4.1/../../../../arm-none-eabi/lib/armv7e-m/fpu/libstdc++_nano.a(del_op.o)
                              obj/MPU6050_raw.o (symbol from plugin) (operator delete(void*))
/usr/local/gcc-arm-none-eabi-5_4-2016q3/bin/../lib/gcc/arm-none-eabi/5.4.1/../../../../arm-none-eabi/lib/armv7e-m/fpu/libstdc++_nano.a(new_op.o)
                              obj/MPU6050_raw.o (symbol from plugin) (operator new(unsigned int))
/usr/local/gcc-arm-none-eabi-5_4-2016q3/bin/../lib/gcc/arm-none-eabi/5.4.1/../../../../arm-none-eabi/lib/armv7e-m/fpu/libstdc++_nano.a(new_handler.o)
                              /usr/local/gcc-arm-none-eabi-5_4-2016q3/bin/../lib/gcc/arm-none-eabi/5.4.1/../../../../arm-none-eabi/lib/armv7e-m/fpu/libstdc++_nano.a(new_op.o) (std::get_new_handler())
/usr/local/gcc-arm-none-eabi-5_4-2016q3/bin/../lib/gcc/arm-none-eabi/5.4.1/../../../../arm-none-eabi/lib/armv7e-m/fpu/libc_nano.a(lib_a-abort.o)
                              /usr/local/gcc-arm-none-eabi-5_4-2016q3/bin/../lib/gcc/arm-none-eabi/5.4.1/../../../../arm-none-eabi/lib/armv7e-m/fpu/libstdc++_nano.a(new_op.o) (abort)
/usr/local/gcc-arm-none-eabi-5_4-2016q3/bin/../lib/gcc/arm-none-eabi/5.4.1/../../../../arm-none-eabi/lib/armv7e-m/fpu/libc_nano.a(lib_a-malloc.o)
                              /usr/local/gcc-arm-none-eabi-5_4-2016q3/bin/../lib/gcc/arm-none-eabi/5.4.1/../../../../arm-none-eabi/lib/armv7e-m/fpu/libstdc++_nano.a(new_op.o) (malloc)
/usr/local/gcc-arm-none-eabi-5_4-2016q3/bin/../lib/gcc/arm-none-eabi/5.4.1/../../../../arm-none-eabi/lib/armv7e-m/fpu/libc_nano.a(lib_a-nano-freer.o)
                              /usr/local/gcc-arm-none-eabi-5_4-2016q3/bin/../lib/gcc/arm-none-eabi/5.4.1/../../../../arm-none-eabi/lib/armv7e-m/fpu/libc_nano.a(lib_a-malloc.o) (_free_r)
/usr/local/gcc-arm-none-eabi-5_4-2016q3/bin/../lib/gcc/arm-none-eabi/5.4.1/../../../../arm-none-eabi/lib/armv7e-m/fpu/libc_nano.a(lib_a-nano-mallocr.o)
                              /usr/local/gcc-arm-none-eabi-5_4-2016q3/bin/../lib/gcc/arm-none-eabi/5.4.1/../../../../arm-none-eabi/lib/armv7e-m/fpu/libc_nano.a(lib_a-malloc.o) (_malloc_r)
/usr/local/gcc-arm-none-eabi-5_4-2016q3/bin/../lib/gcc/arm-none-eabi/5.4.1/../../../../arm-none-eabi/lib/armv7e-m/fpu/libc_nano.a(lib_a-sbrkr.o)
                              /usr/local/gcc-arm-none-eabi-5_4-2016q3/bin/../lib/gcc/arm-none-eabi/5.4.1/../../../../arm-none-eabi/lib/armv7e-m/fpu/libc_nano.a(lib_a-nano-mallocr.o) (_sbrk_r)
/usr/local/gcc-arm-none-eabi-5_4-2016q3/bin/../lib/gcc/arm-none-eabi/5.4.1/../../../../arm-none-eabi/lib/armv7e-m/fpu/libc_nano.a(lib_a-signal.o)
                              /usr/local/gcc-arm-none-eabi-5_4-2016q3/bin/../lib/gcc/arm-none-eabi/5.4.1/../../../../arm-none-eabi/lib/armv7e-m/fpu/libc_nano.a(lib_a-abort.o) (raise)
/usr/local/gcc-arm-none-eabi-5_4-2016q3/bin/../lib/gcc/arm-none-eabi/5.4.1/../../../../arm-none-eabi/lib/armv7e-m/fpu/libc_nano.a(lib_a-signalr.o)
                              /usr/local/gcc-arm-none-eabi-5_4-2016q3/bin/../lib/gcc/arm-none-eabi/5.4.1/../../../../arm-none-eabi/lib/armv7e-m/fpu/libc_nano.a(lib_a-signal.o) (_kill_r)
/usr/local/gcc-arm-none-eabi-5_4-2016q3/bin/../lib/gcc/arm-none-eabi/5.4.1/../../../../arm-none-eabi/lib/armv7e-m/fpu/libc_nano.a(lib_a-impure.o)
                              /usr/local/gcc-arm-none-eabi-5_4-2016q3/bin/../lib/gcc/arm-none-eabi/5.4.1/../../../../arm-none-eabi/lib/armv7e-m/fpu/libc_nano.a(lib_a-malloc.o) (_impure_ptr)
/usr/local/gcc-arm-none-eabi-5_4-2016q3/bin/../lib/gcc/arm-none-eabi/5.4.1/../../../../arm-none-eabi/lib/armv7e-m/fpu/libc_nano.a(lib_a-mlock.o)
                              /usr/local/gcc-arm-none-eabi-5_4-2016q3/bin/../lib/gcc/arm-none-eabi/5.4.1/../../../../arm-none-eabi/lib/armv7e-m/fpu/libc_nano.a(lib_a-nano-freer.o) (__malloc_lock)
/usr/local/gcc-arm-none-eabi-5_4-2016q3/bin/../lib/gcc/arm-none-eabi/5.4.1/../../../../arm-none-eabi/lib/armv7e-m/fpu/libc_nano.a(lib_a-reent.o)
                              /usr/local/gcc-arm-none-eabi-5_4-2016q3/bin/../lib/gcc/arm-none-eabi/5.4.1/../../../../arm-none-eabi/lib/armv7e-m/fpu/libc_nano.a(lib_a-sbrkr.o) (errno)
/usr/local/gcc-arm-none-eabi-5_4-2016q3/bin/../lib/gcc/arm-none-eabi/5.4.1/../../../../arm-none-eabi/lib/armv7e-m/fpu/libnosys.a(getpid.o)
                              /usr/local/gcc-arm-none-eabi-5_4-2016q3/bin/../lib/gcc/arm-none-eabi/5.4.1/../../../../arm-none-eabi/lib/armv7e-m/fpu/libc_nano.a(lib_a-signalr.o) (_getpid)
/usr/local/gcc-arm-none-eabi-5_4-2016q3/bin/../lib/gcc/arm-none-eabi/5.4.1/../../../../arm-none-eabi/lib/armv7e-m/fpu/libnosys.a(kill.o)
                              /usr/local/gcc-arm-none-eabi-5_4-2016q3/bin/../lib/gcc/arm-none-eabi/5.4.1/../../../../arm-none-eabi/lib/armv7e-m/fpu/libc_nano.a(lib_a-signalr.o) (_kill)
[...]
Memory Configuration

Name             Origin             Length             Attributes
FLASH            0x08000000         0x0003f000         xr
FLASH_CONFIG     0x0803f000         0x00001000         r
RAM              0x20000000         0x0000a000         xrw
MEMORY_B1        0x60000000         0x00000000         xr
*default*        0x00000000         0xffffffff

Linker script and memory map

LOAD obj/MPU6050_raw/timer.o
LOAD /tmp/ccm9M6LD.ltrans0.ltrans.o
LOAD /tmp/ccm9M6LD.ltrans1.ltrans.o
LOAD /tmp/ccm9M6LD.ltrans2.ltrans.o
LOAD /tmp/ccm9M6LD.ltrans3.ltrans.o
LOAD /tmp/ccm9M6LD.ltrans4.ltrans.o
LOAD obj/MPU6050_raw/timer_stm32f30x.o
LOAD obj/MPU6050_raw/serial_usb_vcp.o
LOAD obj/MPU6050_raw/startup_stm32f30x_md_gcc.o
LOAD obj/MPU6050_raw/target/system_stm32f30x.o
LOAD obj/MPU6050_raw/gpio_stm32f30x.o
LOAD obj/MPU6050_raw/light_led_stm32f30x.o
LOAD obj/MPU6050_raw/serial_uart.o
LOAD obj/MPU6050_raw/serial_uart_stm32f30x.o
LOAD obj/MPU6050_raw/system_stm32f30x.o
LOAD obj/MPU6050_raw/exti.o
LOAD obj/MPU6050_raw/io.o
LOAD obj/MPU6050_raw/dma.o
LOAD obj/MPU6050_raw/serial.o
LOAD obj/MPU6050_raw/system.o
LOAD obj/MPU6050_raw/stm32f30x_gpio.o
LOAD obj/MPU6050_raw/stm32f30x_rcc.o
LOAD obj/MPU6050_raw/stm32f30x_adc.o
LOAD obj/MPU6050_raw/stm32f30x_comp.o
LOAD obj/MPU6050_raw/stm32f30x_dac.o
LOAD obj/MPU6050_raw/stm32f30x_dbgmcu.o
LOAD obj/MPU6050_raw/stm32f30x_dma.o
LOAD obj/MPU6050_raw/stm32f30x_exti.o
LOAD obj/MPU6050_raw/stm32f30x_flash.o
LOAD obj/MPU6050_raw/stm32f30x_hrtim.o
LOAD obj/MPU6050_raw/stm32f30x_i2c.o
LOAD obj/MPU6050_raw/stm32f30x_iwdg.o
LOAD obj/MPU6050_raw/stm32f30x_misc.o
LOAD obj/MPU6050_raw/stm32f30x_opamp.o
LOAD obj/MPU6050_raw/stm32f30x_pwr.o
LOAD obj/MPU6050_raw/stm32f30x_rtc.o
LOAD obj/MPU6050_raw/stm32f30x_spi.o
LOAD obj/MPU6050_raw/stm32f30x_syscfg.o
LOAD obj/MPU6050_raw/stm32f30x_tim.o
LOAD obj/MPU6050_raw/stm32f30x_usart.o
LOAD obj/MPU6050_raw/stm32f30x_wwdg.o
LOAD obj/MPU6050_raw/usb_core.o
LOAD obj/MPU6050_raw/usb_init.o
LOAD obj/MPU6050_raw/usb_int.o
LOAD obj/MPU6050_raw/usb_mem.o
LOAD obj/MPU6050_raw/usb_regs.o
LOAD obj/MPU6050_raw/usb_sil.o
LOAD obj/MPU6050_raw/vcp/hw_config.o
LOAD obj/MPU6050_raw/vcp/stm32_it.o
LOAD obj/MPU6050_raw/vcp/usb_desc.o
LOAD obj/MPU6050_raw/vcp/usb_endp.o
LOAD obj/MPU6050_raw/vcp/usb_istr.o
LOAD obj/MPU6050_raw/vcp/usb_prop.o
LOAD obj/MPU6050_raw/vcp/usb_pwr.o
LOAD obj/MPU6050_raw/usb_io.o
LOAD obj/MPU6050_raw/Arduino.o
LOAD obj/MPU6050_raw/HardwareWire.o
LOAD obj/MPU6050_raw/MPU6050.o
LOAD obj/MPU6050_raw.o
LOAD /usr/local/gcc-arm-none-eabi-5_4-2016q3/bin/../lib/gcc/arm-none-eabi/5.4.1/../../../../arm-none-eabi/lib/armv7e-m/fpu/libnosys.a
LOAD /usr/local/gcc-arm-none-eabi-5_4-2016q3/bin/../lib/gcc/arm-none-eabi/5.4.1/../../../../arm-none-eabi/lib/armv7e-m/fpu/libstdc++_nano.a
LOAD /usr/local/gcc-arm-none-eabi-5_4-2016q3/bin/../lib/gcc/arm-none-eabi/5.4.1/../../../../arm-none-eabi/lib/armv7e-m/fpu/libm.a
LOAD /usr/local/gcc-arm-none-eabi-5_4-2016q3/bin/../lib/gcc/arm-none-eabi/5.4.1/../../../../arm-none-eabi/lib/armv7e-m/fpu/libc_nano.a
START GROUP
LOAD /usr/local/gcc-arm-none-eabi-5_4-2016q3/bin/../lib/gcc/arm-none-eabi/5.4.1/armv7e-m/fpu/libgcc.a
LOAD /usr/local/gcc-arm-none-eabi-5_4-2016q3/bin/../lib/gcc/arm-none-eabi/5.4.1/../../../../arm-none-eabi/lib/armv7e-m/fpu/libg_nano.a
LOAD /usr/local/gcc-arm-none-eabi-5_4-2016q3/bin/../lib/gcc/arm-none-eabi/5.4.1/../../../../arm-none-eabi/lib/armv7e-m/fpu/libc_nano.a
END GROUP
START GROUP
LOAD /usr/local/gcc-arm-none-eabi-5_4-2016q3/bin/../lib/gcc/arm-none-eabi/5.4.1/armv7e-m/fpu/libgcc.a
LOAD /usr/local/gcc-arm-none-eabi-5_4-2016q3/bin/../lib/gcc/arm-none-eabi/5.4.1/../../../../arm-none-eabi/lib/armv7e-m/fpu/libc_nano.a
END GROUP
                0x2000a000                _estack = (ORIGIN (RAM) + LENGTH (RAM))
                0x0803f000                __config_start = (ORIGIN (FLASH) + LENGTH (FLASH))
                0x08040000                __config_end = (ORIGIN (FLASH_CONFIG) + LENGTH (FLASH_CONFIG))
                0x00000000                _Min_Heap_Size = 0x0
                0x00000400                _Min_Stack_Size = 0x400

.isr_vector     0x08000000      0x188
                0x08000000                . = ALIGN (0x4)
                [!provide]                PROVIDE (isr_vector_table_base, .)
 *(.isr_vector)
 .isr_vector    0x08000000      0x188 obj/MPU6050_raw/startup_stm32f30x_md_gcc.o
                0x08000000                g_pfnVectors
                0x08000188                . = ALIGN (0x4)

.text           0x08000190     0x3ba0
                0x08000190                . = ALIGN (0x4)
 *(.text)
 .text          0x08000190      0x858 /tmp/ccm9M6LD.ltrans1.ltrans.o
                0x08000190                Standard_GetStatus
                0x08000224                Standard_GetInterface
                0x08000248                Standard_GetConfiguration
                0x080002f0                usbTxBytesFree
                0x080002f4                usbVcpBeginWrite.lto_priv.51
                0x080002fc                usbVcpAvailable.lto_priv.45
                0x08000308                isUsbVcpTransmitBufferEmpty.lto_priv.48
                0x0800030c                usbVcpSetMode.lto_priv.49
                0x0800030e                usbVcpSetBaudRate.lto_priv.47
                0x08000310                usbVcpRead.lto_priv.46
                0x080004c4                usbVcpEndWrite.lto_priv.52
                0x080004cc                usbVcpWrite.lto_priv.44
                0x080004ec                usbVcpWriteBuf.lto_priv.50
                0x08000540                Post0_Process
                0x08000580                DataStageIn.lto_priv.54
                0x08000658                Standard_ClearFeature
                0x08000778                GPIO_Init
                0x08000802                micros
                0x08000838                SysTick_Handler
                0x08000848                DMA2_Channel5_IRQHandler
                0x08000850                DMA2_Channel4_IRQHandler
                0x08000858                DMA2_Channel3_IRQHandler
                0x08000860                DMA2_Channel2_IRQHandler
                0x08000868                DMA2_Channel1_IRQHandler
                0x08000870                DMA1_Channel7_IRQHandler
                0x08000878                DMA1_Channel6_IRQHandler
                0x08000880                DMA1_Channel5_IRQHandler
                0x08000888                DMA1_Channel4_IRQHandler
                0x08000890                DMA1_Channel3_IRQHandler
                0x08000898                DMA1_Channel2_IRQHandler
                0x080008a0                DMA1_Channel1_IRQHandler
                0x080008a8                EXTI15_10_IRQHandler
                0x080008aa                EXTI0_IRQHandler
                0x080008ac                EXTI9_5_IRQHandler
                0x080008ae                EXTI4_IRQHandler
                0x080008b0                EXTI3_IRQHandler
                0x080008b2                EXTI2_TS_IRQHandler
                0x080008b4                EXTI1_IRQHandler
                0x080008b6                USART3_IRQHandler
                0x080008c0                USART2_IRQHandler
                0x080008c8                USART1_IRQHandler
                0x080008d0                gpioInit
                0x08000924                SystemInit
                0x0800098c                TIM1_TRG_COM_TIM17_IRQHandler
                0x0800099c                TIM1_BRK_TIM15_IRQHandler
                0x080009ac                TIM3_IRQHandler
                0x080009bc                TIM2_IRQHandler
                0x080009c8                TIM1_UP_TIM16_IRQHandler
                0x080009d8                TIM1_CC_IRQHandler
 .text          0x080009e8      0x8c0 /tmp/ccm9M6LD.ltrans2.ltrans.o
                0x080009e8                dmaInit
                0x080009e8                NOP_Process
                0x080009ea                PendSV_Handler
                0x080009ec                DebugMon_Handler
                0x080009ee                SVC_Handler
                0x080009f0                UsageFault_Handler
                0x080009f2                BusFault_Handler
                0x080009f4                MemManage_Handler
                0x080009f6                NMI_Handler
                0x080009f8                IntToUnicode.lto_priv.53
                0x08000a20                SetEPRxCount
                0x08000a64                SetEPTxCount
                0x08000a84                CDC_Send_DATA.part.0
                0x08000ae4                SetDeviceAddress
                0x08000b1c                USB_LP_CAN1_RX0_IRQHandler
 .text          0x080012a8      0x438 /tmp/ccm9M6LD.ltrans3.ltrans.o
                0x080012c2                Virtual_Com_Port_Get_Interface_Setting
                0x080012d2                Virtual_Com_Port_GetStringDescriptor
                0x08001304                Virtual_Com_Port_GetConfigDescriptor
                0x08001324                Virtual_Com_Port_GetDeviceDescriptor
                0x08001344                Virtual_Com_Port_NoData_Setup
                0x08001368                Virtual_Com_Port_Data_Setup
                0x080013c4                Virtual_Com_Port_Status_Out
                0x080013c6                Virtual_Com_Port_Status_In
                0x080013d8                Virtual_Com_Port_SetDeviceAddress
                0x080013e4                Virtual_Com_Port_SetConfiguration
                0x080013fc                EP3_OUT_Callback
                0x08001448                EP1_IN_Callback
                0x08001454                Virtual_Com_Port_Reset
                0x08001624                Virtual_Com_Port_init
                0x08001698                USBWakeUp_IRQHandler
                0x080016a8                Resume_Init
 .text          0x080016e0      0x29c /tmp/ccm9M6LD.ltrans4.ltrans.o
                0x080016e0                NVIC_Init.part.0.constprop.37
                0x08001720                HardwareSerial::printf(char const*, ...) [clone .constprop.12]
                0x0800176c                MPU6050::readBytes(unsigned char, unsigned char, unsigned char*)
                0x08001898                MPU6050::writeByte(unsigned char, unsigned char)
                0x08001978                HardFault_Handler
 *fill*         0x0800197c        0x4 
 .text          0x08001980       0xa0 /usr/local/gcc-arm-none-eabi-5_4-2016q3/bin/../lib/gcc/arm-none-eabi/5.4.1/../../../../arm-none-eabi/lib/armv7e-m/fpu/libc_nano.a(lib_a-memchr.o)
                0x08001980                memchr
 .text          0x08001a20      0x9dc /usr/local/gcc-arm-none-eabi-5_4-2016q3/bin/../lib/gcc/arm-none-eabi/5.4.1/armv7e-m/fpu/libgcc.a(unwind-arm.o)
                0x08001cdc                _Unwind_GetCFA
                0x08001ce0                __gnu_Unwind_RaiseException
                0x08001d40                __gnu_Unwind_ForcedUnwind
                0x08001d54                __gnu_Unwind_Resume
                0x08001d98                __gnu_Unwind_Resume_or_Rethrow
                0x08001da8                _Unwind_Complete
                0x08001dac                _Unwind_DeleteException
                0x08001db8                _Unwind_VRS_Get
                0x08001e04                _Unwind_VRS_Set
                0x08001e54                __gnu_Unwind_Backtrace
                0x080021a0                __aeabi_unwind_cpp_pr0
                0x080021a4                __aeabi_unwind_cpp_pr1
                0x080021a8                __aeabi_unwind_cpp_pr2
                0x080021ac                _Unwind_VRS_Pop
 .text          0x080023fc      0x1ac /usr/local/gcc-arm-none-eabi-5_4-2016q3/bin/../lib/gcc/arm-none-eabi/5.4.1/armv7e-m/fpu/libgcc.a(libunwind.o)
                0x080023fc                __restore_core_regs
                0x080023fc                restore_core_regs
                0x08002414                __gnu_Unwind_Restore_VFP
                0x0800241c                __gnu_Unwind_Save_VFP
                0x08002424                __gnu_Unwind_Restore_VFP_D
                0x0800242c                __gnu_Unwind_Save_VFP_D
                0x08002434                __gnu_Unwind_Restore_VFP_D_16_to_31
                0x0800243c                __gnu_Unwind_Save_VFP_D_16_to_31
                0x08002444                __gnu_Unwind_Restore_WMMXD
                0x08002488                __gnu_Unwind_Save_WMMXD
                0x080024cc                __gnu_Unwind_Restore_WMMXC
                0x080024e0                __gnu_Unwind_Save_WMMXC
                0x080024f4                ___Unwind_RaiseException
                0x080024f4                _Unwind_RaiseException
                0x08002518                ___Unwind_Resume
                0x08002518                _Unwind_Resume
                0x0800253c                _Unwind_Resume_or_Rethrow
                0x0800253c                ___Unwind_Resume_or_Rethrow
                0x08002560                ___Unwind_ForcedUnwind
                0x08002560                _Unwind_ForcedUnwind
                0x08002584                _Unwind_Backtrace
                0x08002584                ___Unwind_Backtrace
 .text          0x080025a8      0x354 /usr/local/gcc-arm-none-eabi-5_4-2016q3/bin/../lib/gcc/arm-none-eabi/5.4.1/armv7e-m/fpu/libgcc.a(pr-support.o)
                0x08002600                __gnu_unwind_execute
                0x080028a4                __gnu_unwind_frame
                0x080028cc                _Unwind_GetRegionStart
                0x080028d8                _Unwind_GetLanguageSpecificData
                0x080028ec                _Unwind_GetTextRelBase
                0x080028f4                _Unwind_GetDataRelBase
 *(.text*)
 .text.startup  0x080028fc      0x818 /tmp/ccm9M6LD.ltrans0.ltrans.o
                0x080028fc                main
 .text.Reset_Handler
                0x08003114       0x68 obj/MPU6050_raw/startup_stm32f30x_md_gcc.o
                0x08003114                Reset_Handler
 .text.Default_Handler
                0x0800317c        0x2 obj/MPU6050_raw/startup_stm32f30x_md_gcc.o
                0x0800317c                RTC_Alarm_IRQHandler
                0x0800317c                TIM8_TRG_COM_IRQHandler
                0x0800317c                TIM8_CC_IRQHandler
                0x0800317c                USB_HP_IRQHandler
                0x0800317c                PVD_IRQHandler
                0x0800317c                I2C2_EV_IRQHandler
                0x0800317c                FPU_IRQHandler
                0x0800317c                ADC1_2_IRQHandler
                0x0800317c                SPI1_IRQHandler
                0x0800317c                TIM6_DAC_IRQHandler
                0x0800317c                TIM8_UP_IRQHandler
                0x0800317c                CAN1_RX1_IRQHandler
                0x0800317c                UART5_IRQHandler
                0x0800317c                ADC3_IRQHandler
                0x0800317c                TIM4_IRQHandler
                0x0800317c                I2C1_EV_IRQHandler
                0x0800317c                UART4_IRQHandler
                0x0800317c                RCC_IRQHandler
                0x0800317c                Default_Handler
                0x0800317c                USBWakeUp_RMP_IRQHandler
                0x0800317c                TIM7_IRQHandler
                0x0800317c                TAMPER_STAMP_IRQHandler
                0x0800317c                RTC_WKUP_IRQHandler
                0x0800317c                SPI2_IRQHandler
                0x0800317c                USB_LP_IRQHandler
                0x0800317c                USB_HP_CAN1_TX_IRQHandler
                0x0800317c                ADC4_IRQHandler
                0x0800317c                WWDG_IRQHandler
                0x0800317c                COMP7_IRQHandler
                0x0800317c                COMP1_2_3_IRQHandler
                0x0800317c                COMP4_5_6_IRQHandler
                0x0800317c                I2C2_ER_IRQHandler
                0x0800317c                TIM8_BRK_IRQHandler
                0x0800317c                CAN1_SCE_IRQHandler
                0x0800317c                FLASH_IRQHandler
                0x0800317c                SPI3_IRQHandler
                0x0800317c                I2C1_ER_IRQHandler
 .text._Znwj    0x0800317e       0x22 /usr/local/gcc-arm-none-eabi-5_4-2016q3/bin/../lib/gcc/arm-none-eabi/5.4.1/../../../../arm-none-eabi/lib/armv7e-m/fpu/libstdc++_nano.a(new_op.o)
                0x0800317e                operator new(unsigned int)
 .text._ZSt15get_new_handlerv
                0x080031a0       0x10 /usr/local/gcc-arm-none-eabi-5_4-2016q3/bin/../lib/gcc/arm-none-eabi/5.4.1/../../../../arm-none-eabi/lib/armv7e-m/fpu/libstdc++_nano.a(new_handler.o)
                0x080031a0                std::get_new_handler()
 .text.abort    0x080031b0        0xe /usr/local/gcc-arm-none-eabi-5_4-2016q3/bin/../lib/gcc/arm-none-eabi/5.4.1/../../../../arm-none-eabi/lib/armv7e-m/fpu/libc_nano.a(lib_a-abort.o)
                0x080031b0                abort
 *fill*         0x080031be        0x2 
 .text.malloc   0x080031c0       0x10 /usr/local/gcc-arm-none-eabi-5_4-2016q3/bin/../lib/gcc/arm-none-eabi/5.4.1/../../../../arm-none-eabi/lib/armv7e-m/fpu/libc_nano.a(lib_a-malloc.o)
                0x080031c0                malloc
 .text._free_r  0x080031d0       0x9c /usr/local/gcc-arm-none-eabi-5_4-2016q3/bin/../lib/gcc/arm-none-eabi/5.4.1/../../../../arm-none-eabi/lib/armv7e-m/fpu/libc_nano.a(lib_a-nano-freer.o)
                0x080031d0                _free_r
 .text._malloc_r
                0x0800326c       0xbc /usr/local/gcc-arm-none-eabi-5_4-2016q3/bin/../lib/gcc/arm-none-eabi/5.4.1/../../../../arm-none-eabi/lib/armv7e-m/fpu/libc_nano.a(lib_a-nano-mallocr.o)
                0x0800326c                _malloc_r
 .text._sbrk_r  0x08003328       0x20 /usr/local/gcc-arm-none-eabi-5_4-2016q3/bin/../lib/gcc/arm-none-eabi/5.4.1/../../../../arm-none-eabi/lib/armv7e-m/fpu/libc_nano.a(lib_a-sbrkr.o)
                0x08003328                _sbrk_r
 .text._raise_r
                0x08003348       0x54 /usr/local/gcc-arm-none-eabi-5_4-2016q3/bin/../lib/gcc/arm-none-eabi/5.4.1/../../../../arm-none-eabi/lib/armv7e-m/fpu/libc_nano.a(lib_a-signal.o)
                0x08003348                _raise_r
 .text.raise    0x0800339c       0x10 /usr/local/gcc-arm-none-eabi-5_4-2016q3/bin/../lib/gcc/arm-none-eabi/5.4.1/../../../../arm-none-eabi/lib/armv7e-m/fpu/libc_nano.a(lib_a-signal.o)
                0x0800339c                raise
 .text._kill_r  0x080033ac       0x24 /usr/local/gcc-arm-none-eabi-5_4-2016q3/bin/../lib/gcc/arm-none-eabi/5.4.1/../../../../arm-none-eabi/lib/armv7e-m/fpu/libc_nano.a(lib_a-signalr.o)
                0x080033ac                _kill_r
 .text._getpid_r
                0x080033d0        0x4 /usr/local/gcc-arm-none-eabi-5_4-2016q3/bin/../lib/gcc/arm-none-eabi/5.4.1/../../../../arm-none-eabi/lib/armv7e-m/fpu/libc_nano.a(lib_a-signalr.o)
                0x080033d0                _getpid_r
 .text.__malloc_lock
                0x080033d4        0x2 /usr/local/gcc-arm-none-eabi-5_4-2016q3/bin/../lib/gcc/arm-none-eabi/5.4.1/../../../../arm-none-eabi/lib/armv7e-m/fpu/libc_nano.a(lib_a-mlock.o)
                0x080033d4                __malloc_lock
 .text.__malloc_unlock
                0x080033d6        0x2 /usr/local/gcc-arm-none-eabi-5_4-2016q3/bin/../lib/gcc/arm-none-eabi/5.4.1/../../../../arm-none-eabi/lib/armv7e-m/fpu/libc_nano.a(lib_a-mlock.o)
                0x080033d6                __malloc_unlock
 .text._getpid  0x080033d8       0x10 /usr/local/gcc-arm-none-eabi-5_4-2016q3/bin/../lib/gcc/arm-none-eabi/5.4.1/../../../../arm-none-eabi/lib/armv7e-m/fpu/libnosys.a(getpid.o)
                0x080033d8                _getpid
 .text._kill    0x080033e8       0x10 /usr/local/gcc-arm-none-eabi-5_4-2016q3/bin/../lib/gcc/arm-none-eabi/5.4.1/../../../../arm-none-eabi/lib/armv7e-m/fpu/libnosys.a(kill.o)
                0x080033e8                _kill
 .text._sbrk    0x080033f8       0x1c /usr/local/gcc-arm-none-eabi-5_4-2016q3/bin/../lib/gcc/arm-none-eabi/5.4.1/../../../../arm-none-eabi/lib/armv7e-m/fpu/libnosys.a(sbrk.o)
                0x080033f8                _sbrk
 .text._exit    0x08003414        0x4 /usr/local/gcc-arm-none-eabi-5_4-2016q3/bin/../lib/gcc/arm-none-eabi/5.4.1/../../../../arm-none-eabi/lib/armv7e-m/fpu/libnosys.a(_exit.o)
                0x08003414                _exit
 .text.memset   0x08003418       0x10 /usr/local/gcc-arm-none-eabi-5_4-2016q3/bin/../lib/gcc/arm-none-eabi/5.4.1/../../../../arm-none-eabi/lib/armv7e-m/fpu/libc_nano.a(lib_a-memset.o)
                0x08003418                memset
 .text._vsprintf_r
                0x08003428       0x30 /usr/local/gcc-arm-none-eabi-5_4-2016q3/bin/../lib/gcc/arm-none-eabi/5.4.1/../../../../arm-none-eabi/lib/armv7e-m/fpu/libc_nano.a(lib_a-vsprintf.o)
                0x08003428                _vsiprintf_r
                0x08003428                _vsprintf_r
 .text.vsprintf
                0x08003458       0x14 /usr/local/gcc-arm-none-eabi-5_4-2016q3/bin/../lib/gcc/arm-none-eabi/5.4.1/../../../../arm-none-eabi/lib/armv7e-m/fpu/libc_nano.a(lib_a-vsprintf.o)
                0x08003458                vsprintf
                0x08003458                vsiprintf
 .text.__ssputs_r
                0x0800346c       0xb2 /usr/local/gcc-arm-none-eabi-5_4-2016q3/bin/../lib/gcc/arm-none-eabi/5.4.1/../../../../arm-none-eabi/lib/armv7e-m/fpu/libc_nano.a(lib_a-nano-svfprintf.o)
                0x0800346c                __ssputs_r
 *fill*         0x0800351e        0x2 
 .text._svfprintf_r
                0x08003520      0x1e8 /usr/local/gcc-arm-none-eabi-5_4-2016q3/bin/../lib/gcc/arm-none-eabi/5.4.1/../../../../arm-none-eabi/lib/armv7e-m/fpu/libc_nano.a(lib_a-nano-svfprintf.o)
                0x08003520                _svfprintf_r
                0x08003520                _svfiprintf_r
 .text._printf_common
                0x08003708       0xec /usr/local/gcc-arm-none-eabi-5_4-2016q3/bin/../lib/gcc/arm-none-eabi/5.4.1/../../../../arm-none-eabi/lib/armv7e-m/fpu/libc_nano.a(lib_a-nano-vfprintf_i.o)
                0x08003708                _printf_common
 .text._printf_i
                0x080037f4      0x24c /usr/local/gcc-arm-none-eabi-5_4-2016q3/bin/../lib/gcc/arm-none-eabi/5.4.1/../../../../arm-none-eabi/lib/armv7e-m/fpu/libc_nano.a(lib_a-nano-vfprintf_i.o)
                0x080037f4                _printf_i
 .text.memcpy   0x08003a40       0x16 /usr/local/gcc-arm-none-eabi-5_4-2016q3/bin/../lib/gcc/arm-none-eabi/5.4.1/../../../../arm-none-eabi/lib/armv7e-m/fpu/libc_nano.a(lib_a-memcpy-stub.o)
                0x08003a40                memcpy
 .text.memmove  0x08003a56       0x36 /usr/local/gcc-arm-none-eabi-5_4-2016q3/bin/../lib/gcc/arm-none-eabi/5.4.1/../../../../arm-none-eabi/lib/armv7e-m/fpu/libc_nano.a(lib_a-memmove.o)
                0x08003a56                memmove
 .text._realloc_r
                0x08003a8c       0x4c /usr/local/gcc-arm-none-eabi-5_4-2016q3/bin/../lib/gcc/arm-none-eabi/5.4.1/../../../../arm-none-eabi/lib/armv7e-m/fpu/libc_nano.a(lib_a-nano-reallocr.o)
                0x08003a8c                _realloc_r
 .text._malloc_usable_size_r
                0x08003ad8       0x14 /usr/local/gcc-arm-none-eabi-5_4-2016q3/bin/../lib/gcc/arm-none-eabi/5.4.1/../../../../arm-none-eabi/lib/armv7e-m/fpu/libc_nano.a(lib_a-nano-msizer.o)
                0x08003ad8                _malloc_usable_size_r
 *(.rodata)
 .rodata        0x08003aec       0xe4 /tmp/ccm9M6LD.ltrans0.ltrans.o
 .rodata        0x08003bd0       0x3a /tmp/ccm9M6LD.ltrans2.ltrans.o
                0x08003c08                Device_Table
 .rodata        0x08003c0a       0xb1 /tmp/ccm9M6LD.ltrans3.ltrans.o
 *(.rodata*)
 .rodata.str1.1
                0x08003cbb       0x41 /tmp/ccm9M6LD.ltrans0.ltrans.o
 .rodata.str1.1
                0x08003cfc       0x11 /usr/local/gcc-arm-none-eabi-5_4-2016q3/bin/../lib/gcc/arm-none-eabi/5.4.1/../../../../arm-none-eabi/lib/armv7e-m/fpu/libc_nano.a(lib_a-nano-svfprintf.o)
 .rodata.str1.1
                0x08003d0d       0x22 /usr/local/gcc-arm-none-eabi-5_4-2016q3/bin/../lib/gcc/arm-none-eabi/5.4.1/../../../../arm-none-eabi/lib/armv7e-m/fpu/libc_nano.a(lib_a-nano-vfprintf_i.o)
 *(.glue_7)
 .glue_7        0x08003d2f        0x0 linker stubs
 *(.glue_7t)
 .glue_7t       0x08003d2f        0x0 linker stubs
 *(.eh_frame)
 *(.init)
 *(.fini)
                0x08003d30                . = ALIGN (0x4)
 *fill*         0x08003d2f        0x1 
                0x08003d30                _etext = .

.vfp11_veneer   0x08003d30        0x0
 .vfp11_veneer  0x08003d30        0x0 linker stubs

.v4_bx          0x08003d30        0x0
 .v4_bx         0x08003d30        0x0 linker stubs

.iplt           0x08003d30        0x0
 .iplt          0x08003d30        0x0 obj/MPU6050_raw/startup_stm32f30x_md_gcc.o

.ARM.extab      0x08003d30       0x18
 *(.ARM.extab* .gnu.linkonce.armextab.*)
 .ARM.extab     0x08003d30       0x18 /usr/local/gcc-arm-none-eabi-5_4-2016q3/bin/../lib/gcc/arm-none-eabi/5.4.1/armv7e-m/fpu/libgcc.a(pr-support.o)

.ARM            0x08003d48       0xc8
                0x08003d48                __exidx_start = .
 *(.ARM.exidx*)
 .ARM.exidx.text.startup
                0x08003e00       0x10 /tmp/ccm9M6LD.ltrans0.ltrans.o
                                  0x8 (size before relaxing)
 .ARM.exidx     0x08003d48        0x8 /tmp/ccm9M6LD.ltrans4.ltrans.o
                                 0x20 (size before relaxing)
 .ARM.exidx     0x08003d50       0x78 /usr/local/gcc-arm-none-eabi-5_4-2016q3/bin/../lib/gcc/arm-none-eabi/5.4.1/armv7e-m/fpu/libgcc.a(unwind-arm.o)
                                 0xd8 (size before relaxing)
 .ARM.exidx     0x08003dc8       0x38 /usr/local/gcc-arm-none-eabi-5_4-2016q3/bin/../lib/gcc/arm-none-eabi/5.4.1/armv7e-m/fpu/libgcc.a(pr-support.o)
                                 0x48 (size before relaxing)
                0x08003e10                __exidx_end = .

.rel.dyn        0x08003e10        0x0
 .rel.iplt      0x08003e10        0x0 obj/MPU6050_raw/startup_stm32f30x_md_gcc.o

.preinit_array  0x08003e10        0x0
                [!provide]                PROVIDE (__preinit_array_start, .)
 *(.preinit_array*)
                [!provide]                PROVIDE (__preinit_array_end, .)

.init_array     0x08003e10        0x0
                [!provide]                PROVIDE (__init_array_start, .)
 *(SORT(.init_array.*))
 *(.init_array*)
                [!provide]                PROVIDE (__init_array_end, .)

.fini_array     0x08003e10        0x0
                [!provide]                PROVIDE (__fini_array_start, .)
 *(.fini_array*)
 *(SORT(.fini_array.*))
                [!provide]                PROVIDE (__fini_array_end, .)

.pg_registry    0x08003e10        0x0
                [!provide]                PROVIDE (__pg_registry_start, .)
 *(.pg_registry)
 *(SORT(.pg_registry.*))
                [!provide]                PROVIDE (__pg_registry_end, .)

.pg_resetdata   0x08003e10        0x0
                [!provide]                PROVIDE (__pg_resetdata_start, .)
 *(.pg_resetdata)
                [!provide]                PROVIDE (__pg_resetdata_end, .)
                0x08003e10                _sidata = .

.data           0x20000000      0x240 load address 0x08003e10
                0x20000000                . = ALIGN (0x4)
                0x20000000                _sdata = .
 *(.data)
 .data          0x20000000       0x84 /tmp/ccm9M6LD.ltrans0.ltrans.o
                0x20000030                Device_Property
 .data          0x20000084      0x101 /tmp/ccm9M6LD.ltrans1.ltrans.o
 *fill*         0x20000185        0x3 
 .data          0x20000188       0x52 /tmp/ccm9M6LD.ltrans3.ltrans.o
 *(.data*)
 *fill*         0x200001da        0x2 
 .data.impure_data
                0x200001dc       0x60 /usr/local/gcc-arm-none-eabi-5_4-2016q3/bin/../lib/gcc/arm-none-eabi/5.4.1/../../../../arm-none-eabi/lib/armv7e-m/fpu/libc_nano.a(lib_a-impure.o)
 .data._impure_ptr
                0x2000023c        0x4 /usr/local/gcc-arm-none-eabi-5_4-2016q3/bin/../lib/gcc/arm-none-eabi/5.4.1/../../../../arm-none-eabi/lib/armv7e-m/fpu/libc_nano.a(lib_a-impure.o)
                0x2000023c                _impure_ptr
                0x20000240                . = ALIGN (0x4)
                0x20000240                _edata = .

.igot.plt       0x20000240        0x0 load address 0x08004050
 .igot.plt      0x20000240        0x0 obj/MPU6050_raw/startup_stm32f30x_md_gcc.o
                0x20000240                . = ALIGN (0x4)

.bss            0x20000240      0xbdc load address 0x08004050
                0x20000240                _sbss = .
                0x20000240                __bss_start__ = _sbss
 *(.bss)
 .bss           0x20000240      0x2f4 /tmp/ccm9M6LD.ltrans0.ltrans.o
                0x200003e0                usTicks.lto_priv.56
                0x200003e4                timerConfig
                0x200004b4                pInformation
                0x200004b8                Device_Info
                0x200004d4                pProperty
                0x200004d8                pUser_Standard_Requests
                0x2000052c                sysTickUptime.lto_priv.55
 .bss           0x20000534      0x75c /tmp/ccm9M6LD.ltrans1.ltrans.o
 .bss           0x20000c90       0x10 /tmp/ccm9M6LD.ltrans2.ltrans.o
                0x20000c94                SaveRState
                0x20000c96                SaveTState
                0x20000c98                Data_Mul_MaxPacketSize
 .bss           0x20000ca0       0x52 /tmp/ccm9M6LD.ltrans3.ltrans.o
                0x20000ca4                bDeviceState
                0x20000ca8                receiveLength
                0x20000cac                receiveBuffer
                0x20000cec                packetSent
                0x20000cf0                wInterrupt_Mask
 *fill*         0x20000cf2        0x2 
 .bss           0x20000cf4      0x114 /tmp/ccm9M6LD.ltrans4.ltrans.o
                0x20000cf4                Serial
                0x20000cf8                Wire
                0x20000e04                _ZL4I2Cx.lto_priv.43
 *(SORT(.bss*))
 .bss._ZN12_GLOBAL__N_113__new_handlerE
                0x20000e08        0x4 /usr/local/gcc-arm-none-eabi-5_4-2016q3/bin/../lib/gcc/arm-none-eabi/5.4.1/../../../../arm-none-eabi/lib/armv7e-m/fpu/libstdc++_nano.a(new_handler.o)
 .bss.__malloc_sbrk_start
                0x20000e0c        0x4 /usr/local/gcc-arm-none-eabi-5_4-2016q3/bin/../lib/gcc/arm-none-eabi/5.4.1/../../../../arm-none-eabi/lib/armv7e-m/fpu/libc_nano.a(lib_a-nano-mallocr.o)
                0x20000e0c                __malloc_sbrk_start
 .bss.__malloc_free_list
                0x20000e10        0x4 /usr/local/gcc-arm-none-eabi-5_4-2016q3/bin/../lib/gcc/arm-none-eabi/5.4.1/../../../../arm-none-eabi/lib/armv7e-m/fpu/libc_nano.a(lib_a-nano-mallocr.o)
                0x20000e10                __malloc_free_list
 .bss.heap_end.4169
                0x20000e14        0x4 /usr/local/gcc-arm-none-eabi-5_4-2016q3/bin/../lib/gcc/arm-none-eabi/5.4.1/../../../../arm-none-eabi/lib/armv7e-m/fpu/libnosys.a(sbrk.o)
 *(COMMON)
 COMMON         0x20000e18        0x4 /usr/local/gcc-arm-none-eabi-5_4-2016q3/bin/../lib/gcc/arm-none-eabi/5.4.1/../../../../arm-none-eabi/lib/armv7e-m/fpu/libc_nano.a(lib_a-reent.o)
                0x20000e18                errno
                0x20000e1c                . = ALIGN (0x4)
                0x20000e1c                _ebss = .
                0x20000e1c                __bss_end__ = _ebss

._user_heap_stack
                0x20000e1c      0x400 load address 0x08004050
                0x20000e1c                . = ALIGN (0x4)
                0x20000e1c                PROVIDE (end, .)
                [!provide]                PROVIDE (_end, .)
                0x20000e1c                . = (. + _Min_Heap_Size)
                0x2000121c                . = (. + _Min_Stack_Size)
 *fill*         0x20000e1c      0x400 
                0x2000121c                . = ALIGN (0x4)

.memory_b1_text
 *(.mb1text)
 *(.mb1text*)
 *(.mb1rodata)
 *(.mb1rodata*)

/DISCARD/
 libc.a(*)
 libm.a(*)
 libgcc.a(*)

.ARM.attributes
                0x00000000       0x37
 *(.ARM.attributes)
 .ARM.attributes
                0x00000000       0x37 /tmp/ccm9M6LD.ltrans0.ltrans.o
 .ARM.attributes
                0x00000037       0x37 /tmp/ccm9M6LD.ltrans1.ltrans.o
 .ARM.attributes
                0x0000006e       0x37 /tmp/ccm9M6LD.ltrans2.ltrans.o
 .ARM.attributes
                0x000000a5       0x37 /tmp/ccm9M6LD.ltrans3.ltrans.o
 .ARM.attributes
                0x000000dc       0x37 /tmp/ccm9M6LD.ltrans4.ltrans.o
 .ARM.attributes
                0x00000113       0x21 obj/MPU6050_raw/startup_stm32f30x_md_gcc.o
 .ARM.attributes
                0x00000134       0x34 /usr/local/gcc-arm-none-eabi-5_4-2016q3/bin/../lib/gcc/arm-none-eabi/5.4.1/../../../../arm-none-eabi/lib/armv7e-m/fpu/libstdc++_nano.a(new_op.o)
 .ARM.attributes
                0x00000168       0x34 /usr/local/gcc-arm-none-eabi-5_4-2016q3/bin/../lib/gcc/arm-none-eabi/5.4.1/../../../../arm-none-eabi/lib/armv7e-m/fpu/libstdc++_nano.a(new_handler.o)
 .ARM.attributes
                0x0000019c       0x34 /usr/local/gcc-arm-none-eabi-5_4-2016q3/bin/../lib/gcc/arm-none-eabi/5.4.1/../../../../arm-none-eabi/lib/armv7e-m/fpu/libc_nano.a(lib_a-abort.o)
 .ARM.attributes
                0x000001d0       0x34 /usr/local/gcc-arm-none-eabi-5_4-2016q3/bin/../lib/gcc/arm-none-eabi/5.4.1/../../../../arm-none-eabi/lib/armv7e-m/fpu/libc_nano.a(lib_a-malloc.o)
 .ARM.attributes
                0x00000204       0x34 /usr/local/gcc-arm-none-eabi-5_4-2016q3/bin/../lib/gcc/arm-none-eabi/5.4.1/../../../../arm-none-eabi/lib/armv7e-m/fpu/libc_nano.a(lib_a-nano-freer.o)
 .ARM.attributes
                0x00000238       0x34 /usr/local/gcc-arm-none-eabi-5_4-2016q3/bin/../lib/gcc/arm-none-eabi/5.4.1/../../../../arm-none-eabi/lib/armv7e-m/fpu/libc_nano.a(lib_a-nano-mallocr.o)
 .ARM.attributes
                0x0000026c       0x34 /usr/local/gcc-arm-none-eabi-5_4-2016q3/bin/../lib/gcc/arm-none-eabi/5.4.1/../../../../arm-none-eabi/lib/armv7e-m/fpu/libc_nano.a(lib_a-sbrkr.o)
 .ARM.attributes
                0x000002a0       0x34 /usr/local/gcc-arm-none-eabi-5_4-2016q3/bin/../lib/gcc/arm-none-eabi/5.4.1/../../../../arm-none-eabi/lib/armv7e-m/fpu/libc_nano.a(lib_a-signal.o)
 .ARM.attributes
                0x000002d4       0x34 /usr/local/gcc-arm-none-eabi-5_4-2016q3/bin/../lib/gcc/arm-none-eabi/5.4.1/../../../../arm-none-eabi/lib/armv7e-m/fpu/libc_nano.a(lib_a-signalr.o)
 .ARM.attributes
                0x00000308       0x34 /usr/local/gcc-arm-none-eabi-5_4-2016q3/bin/../lib/gcc/arm-none-eabi/5.4.1/../../../../arm-none-eabi/lib/armv7e-m/fpu/libc_nano.a(lib_a-impure.o)
 .ARM.attributes
                0x0000033c       0x34 /usr/local/gcc-arm-none-eabi-5_4-2016q3/bin/../lib/gcc/arm-none-eabi/5.4.1/../../../../arm-none-eabi/lib/armv7e-m/fpu/libc_nano.a(lib_a-mlock.o)
 .ARM.attributes
                0x00000370       0x34 /usr/local/gcc-arm-none-eabi-5_4-2016q3/bin/../lib/gcc/arm-none-eabi/5.4.1/../../../../arm-none-eabi/lib/armv7e-m/fpu/libc_nano.a(lib_a-reent.o)
 .ARM.attributes
                0x000003a4       0x34 /usr/local/gcc-arm-none-eabi-5_4-2016q3/bin/../lib/gcc/arm-none-eabi/5.4.1/../../../../arm-none-eabi/lib/armv7e-m/fpu/libnosys.a(getpid.o)
 .ARM.attributes
                0x000003d8       0x34 /usr/local/gcc-arm-none-eabi-5_4-2016q3/bin/../lib/gcc/arm-none-eabi/5.4.1/../../../../arm-none-eabi/lib/armv7e-m/fpu/libnosys.a(kill.o)
 .ARM.attributes
                0x0000040c       0x34 /usr/local/gcc-arm-none-eabi-5_4-2016q3/bin/../lib/gcc/arm-none-eabi/5.4.1/../../../../arm-none-eabi/lib/armv7e-m/fpu/libnosys.a(sbrk.o)
 .ARM.attributes
                0x00000440       0x34 /usr/local/gcc-arm-none-eabi-5_4-2016q3/bin/../lib/gcc/arm-none-eabi/5.4.1/../../../../arm-none-eabi/lib/armv7e-m/fpu/libnosys.a(_exit.o)
 .ARM.attributes
                0x00000474       0x34 /usr/local/gcc-arm-none-eabi-5_4-2016q3/bin/../lib/gcc/arm-none-eabi/5.4.1/../../../../arm-none-eabi/lib/armv7e-m/fpu/libc_nano.a(lib_a-memset.o)
 .ARM.attributes
                0x000004a8       0x34 /usr/local/gcc-arm-none-eabi-5_4-2016q3/bin/../lib/gcc/arm-none-eabi/5.4.1/../../../../arm-none-eabi/lib/armv7e-m/fpu/libc_nano.a(lib_a-vsprintf.o)
 .ARM.attributes
                0x000004dc       0x34 /usr/local/gcc-arm-none-eabi-5_4-2016q3/bin/../lib/gcc/arm-none-eabi/5.4.1/../../../../arm-none-eabi/lib/armv7e-m/fpu/libc_nano.a(lib_a-nano-svfprintf.o)
 .ARM.attributes
                0x00000510       0x34 /usr/local/gcc-arm-none-eabi-5_4-2016q3/bin/../lib/gcc/arm-none-eabi/5.4.1/../../../../arm-none-eabi/lib/armv7e-m/fpu/libc_nano.a(lib_a-nano-vfprintf_i.o)
 .ARM.attributes
                0x00000544       0x20 /usr/local/gcc-arm-none-eabi-5_4-2016q3/bin/../lib/gcc/arm-none-eabi/5.4.1/../../../../arm-none-eabi/lib/armv7e-m/fpu/libc_nano.a(lib_a-memchr.o)
 .ARM.attributes
                0x00000564       0x34 /usr/local/gcc-arm-none-eabi-5_4-2016q3/bin/../lib/gcc/arm-none-eabi/5.4.1/../../../../arm-none-eabi/lib/armv7e-m/fpu/libc_nano.a(lib_a-memcpy-stub.o)
 .ARM.attributes
                0x00000598       0x34 /usr/local/gcc-arm-none-eabi-5_4-2016q3/bin/../lib/gcc/arm-none-eabi/5.4.1/../../../../arm-none-eabi/lib/armv7e-m/fpu/libc_nano.a(lib_a-memmove.o)
 .ARM.attributes
                0x000005cc       0x34 /usr/local/gcc-arm-none-eabi-5_4-2016q3/bin/../lib/gcc/arm-none-eabi/5.4.1/../../../../arm-none-eabi/lib/armv7e-m/fpu/libc_nano.a(lib_a-nano-reallocr.o)
 .ARM.attributes
                0x00000600       0x34 /usr/local/gcc-arm-none-eabi-5_4-2016q3/bin/../lib/gcc/arm-none-eabi/5.4.1/../../../../arm-none-eabi/lib/armv7e-m/fpu/libc_nano.a(lib_a-nano-msizer.o)
OUTPUT(obj/MPU6050_raw.elf elf32-littlearm)

.debug_info     0x00000000     0x84f7
 .debug_info    0x00000000     0x318d /tmp/ccm9M6LD.ltrans0.ltrans.o
 .debug_info    0x0000318d     0x2263 /tmp/ccm9M6LD.ltrans1.ltrans.o
 .debug_info    0x000053f0      0xcc6 /tmp/ccm9M6LD.ltrans2.ltrans.o
 .debug_info    0x000060b6      0xe56 /tmp/ccm9M6LD.ltrans3.ltrans.o
 .debug_info    0x00006f0c     0x15eb /tmp/ccm9M6LD.ltrans4.ltrans.o

.debug_abbrev   0x00000000     0x1713
 .debug_abbrev  0x00000000      0x522 /tmp/ccm9M6LD.ltrans0.ltrans.o
 .debug_abbrev  0x00000522      0x5cc /tmp/ccm9M6LD.ltrans1.ltrans.o
 .debug_abbrev  0x00000aee      0x42d /tmp/ccm9M6LD.ltrans2.ltrans.o
 .debug_abbrev  0x00000f1b      0x348 /tmp/ccm9M6LD.ltrans3.ltrans.o
 .debug_abbrev  0x00001263      0x4b0 /tmp/ccm9M6LD.ltrans4.ltrans.o

.debug_loc      0x00000000     0x345c
 .debug_loc     0x00000000      0xcde /tmp/ccm9M6LD.ltrans0.ltrans.o
 .debug_loc     0x00000cde      0xb2c /tmp/ccm9M6LD.ltrans1.ltrans.o
 .debug_loc     0x0000180a      0x7a7 /tmp/ccm9M6LD.ltrans2.ltrans.o
 .debug_loc     0x00001fb1      0x847 /tmp/ccm9M6LD.ltrans3.ltrans.o
 .debug_loc     0x000027f8      0xc64 /tmp/ccm9M6LD.ltrans4.ltrans.o

.debug_aranges  0x00000000       0xa0
 .debug_aranges
                0x00000000       0x20 /tmp/ccm9M6LD.ltrans0.ltrans.o
 .debug_aranges
                0x00000020       0x20 /tmp/ccm9M6LD.ltrans1.ltrans.o
 .debug_aranges
                0x00000040       0x20 /tmp/ccm9M6LD.ltrans2.ltrans.o
 .debug_aranges
                0x00000060       0x20 /tmp/ccm9M6LD.ltrans3.ltrans.o
 .debug_aranges
                0x00000080       0x20 /tmp/ccm9M6LD.ltrans4.ltrans.o

.debug_ranges   0x00000000      0x820
 .debug_ranges  0x00000000      0x388 /tmp/ccm9M6LD.ltrans0.ltrans.o
 .debug_ranges  0x00000388      0x150 /tmp/ccm9M6LD.ltrans1.ltrans.o
 .debug_ranges  0x000004d8      0x230 /tmp/ccm9M6LD.ltrans2.ltrans.o
 .debug_ranges  0x00000708       0xb0 /tmp/ccm9M6LD.ltrans3.ltrans.o
 .debug_ranges  0x000007b8       0x68 /tmp/ccm9M6LD.ltrans4.ltrans.o

.debug_line     0x00000000     0x1e95
 .debug_line    0x00000000      0x947 /tmp/ccm9M6LD.ltrans0.ltrans.o
 .debug_line    0x00000947      0x6f6 /tmp/ccm9M6LD.ltrans1.ltrans.o
 .debug_line    0x0000103d      0x4b6 /tmp/ccm9M6LD.ltrans2.ltrans.o
 .debug_line    0x000014f3      0x49f /tmp/ccm9M6LD.ltrans3.ltrans.o
 .debug_line    0x00001992      0x503 /tmp/ccm9M6LD.ltrans4.ltrans.o

.debug_str      0x00000000     0x2e9c
 .debug_str     0x00000000     0x1808 /tmp/ccm9M6LD.ltrans0.ltrans.o
                               0x192a (size before relaxing)
 .debug_str     0x00001808      0xd31 /tmp/ccm9M6LD.ltrans1.ltrans.o
                               0x1699 (size before relaxing)
 .debug_str     0x00002539      0x356 /tmp/ccm9M6LD.ltrans2.ltrans.o
                                0x712 (size before relaxing)
 .debug_str     0x0000288f      0x46b /tmp/ccm9M6LD.ltrans3.ltrans.o
                                0x8c0 (size before relaxing)
 .debug_str     0x00002cfa      0x1a2 /tmp/ccm9M6LD.ltrans4.ltrans.o
                                0x832 (size before relaxing)

.comment        0x00000000       0x6e
 .comment       0x00000000       0x6e /tmp/ccm9M6LD.ltrans0.ltrans.o
                                 0x6f (size before relaxing)
 .comment       0x0000006e       0x6f /tmp/ccm9M6LD.ltrans1.ltrans.o
 .comment       0x0000006e       0x6f /tmp/ccm9M6LD.ltrans2.ltrans.o
 .comment       0x0000006e       0x6f /tmp/ccm9M6LD.ltrans3.ltrans.o
 .comment       0x0000006e       0x6f /tmp/ccm9M6LD.ltrans4.ltrans.o

.debug_frame    0x00000000      0xcf0
 .debug_frame   0x00000000       0x38 /tmp/ccm9M6LD.ltrans0.ltrans.o
 .debug_frame   0x00000038      0x434 /tmp/ccm9M6LD.ltrans1.ltrans.o
 .debug_frame   0x0000046c      0x128 /tmp/ccm9M6LD.ltrans2.ltrans.o
 .debug_frame   0x00000594      0x16c /tmp/ccm9M6LD.ltrans3.ltrans.o
 .debug_frame   0x00000700       0xa0 /tmp/ccm9M6LD.ltrans4.ltrans.o
 .debug_frame   0x000007a0       0x28 /usr/local/gcc-arm-none-eabi-5_4-2016q3/bin/../lib/gcc/arm-none-eabi/5.4.1/../../../../arm-none-eabi/lib/armv7e-m/fpu/libstdc++_nano.a(new_op.o)
 .debug_frame   0x000007c8       0x30 /usr/local/gcc-arm-none-eabi-5_4-2016q3/bin/../lib/gcc/arm-none-eabi/5.4.1/../../../../arm-none-eabi/lib/armv7e-m/fpu/libstdc++_nano.a(new_handler.o)
 .debug_frame   0x000007f8       0x28 /usr/local/gcc-arm-none-eabi-5_4-2016q3/bin/../lib/gcc/arm-none-eabi/5.4.1/../../../../arm-none-eabi/lib/armv7e-m/fpu/libc_nano.a(lib_a-abort.o)
 .debug_frame   0x00000820       0x30 /usr/local/gcc-arm-none-eabi-5_4-2016q3/bin/../lib/gcc/arm-none-eabi/5.4.1/../../../../arm-none-eabi/lib/armv7e-m/fpu/libc_nano.a(lib_a-malloc.o)
 .debug_frame   0x00000850       0x38 /usr/local/gcc-arm-none-eabi-5_4-2016q3/bin/../lib/gcc/arm-none-eabi/5.4.1/../../../../arm-none-eabi/lib/armv7e-m/fpu/libc_nano.a(lib_a-nano-freer.o)
 .debug_frame   0x00000888       0x2c /usr/local/gcc-arm-none-eabi-5_4-2016q3/bin/../lib/gcc/arm-none-eabi/5.4.1/../../../../arm-none-eabi/lib/armv7e-m/fpu/libc_nano.a(lib_a-nano-mallocr.o)
 .debug_frame   0x000008b4       0x2c /usr/local/gcc-arm-none-eabi-5_4-2016q3/bin/../lib/gcc/arm-none-eabi/5.4.1/../../../../arm-none-eabi/lib/armv7e-m/fpu/libc_nano.a(lib_a-sbrkr.o)
 .debug_frame   0x000008e0       0xcc /usr/local/gcc-arm-none-eabi-5_4-2016q3/bin/../lib/gcc/arm-none-eabi/5.4.1/../../../../arm-none-eabi/lib/armv7e-m/fpu/libc_nano.a(lib_a-signal.o)
 .debug_frame   0x000009ac       0x3c /usr/local/gcc-arm-none-eabi-5_4-2016q3/bin/../lib/gcc/arm-none-eabi/5.4.1/../../../../arm-none-eabi/lib/armv7e-m/fpu/libc_nano.a(lib_a-signalr.o)
 .debug_frame   0x000009e8       0x30 /usr/local/gcc-arm-none-eabi-5_4-2016q3/bin/../lib/gcc/arm-none-eabi/5.4.1/../../../../arm-none-eabi/lib/armv7e-m/fpu/libc_nano.a(lib_a-mlock.o)
 .debug_frame   0x00000a18       0x5c /usr/local/gcc-arm-none-eabi-5_4-2016q3/bin/../lib/gcc/arm-none-eabi/5.4.1/../../../../arm-none-eabi/lib/armv7e-m/fpu/libc_nano.a(lib_a-reent.o)
 .debug_frame   0x00000a74       0x20 /usr/local/gcc-arm-none-eabi-5_4-2016q3/bin/../lib/gcc/arm-none-eabi/5.4.1/../../../../arm-none-eabi/lib/armv7e-m/fpu/libnosys.a(getpid.o)
 .debug_frame   0x00000a94       0x20 /usr/local/gcc-arm-none-eabi-5_4-2016q3/bin/../lib/gcc/arm-none-eabi/5.4.1/../../../../arm-none-eabi/lib/armv7e-m/fpu/libnosys.a(kill.o)
 .debug_frame   0x00000ab4       0x20 /usr/local/gcc-arm-none-eabi-5_4-2016q3/bin/../lib/gcc/arm-none-eabi/5.4.1/../../../../arm-none-eabi/lib/armv7e-m/fpu/libnosys.a(sbrk.o)
 .debug_frame   0x00000ad4       0x20 /usr/local/gcc-arm-none-eabi-5_4-2016q3/bin/../lib/gcc/arm-none-eabi/5.4.1/../../../../arm-none-eabi/lib/armv7e-m/fpu/libnosys.a(_exit.o)
 .debug_frame   0x00000af4       0x20 /usr/local/gcc-arm-none-eabi-5_4-2016q3/bin/../lib/gcc/arm-none-eabi/5.4.1/../../../../arm-none-eabi/lib/armv7e-m/fpu/libc_nano.a(lib_a-memset.o)
 .debug_frame   0x00000b14       0x40 /usr/local/gcc-arm-none-eabi-5_4-2016q3/bin/../lib/gcc/arm-none-eabi/5.4.1/../../../../arm-none-eabi/lib/armv7e-m/fpu/libc_nano.a(lib_a-vsprintf.o)
 .debug_frame   0x00000b54       0x90 /usr/local/gcc-arm-none-eabi-5_4-2016q3/bin/../lib/gcc/arm-none-eabi/5.4.1/../../../../arm-none-eabi/lib/armv7e-m/fpu/libc_nano.a(lib_a-nano-svfprintf.o)
 .debug_frame   0x00000be4       0x60 /usr/local/gcc-arm-none-eabi-5_4-2016q3/bin/../lib/gcc/arm-none-eabi/5.4.1/../../../../arm-none-eabi/lib/armv7e-m/fpu/libc_nano.a(lib_a-nano-vfprintf_i.o)
 .debug_frame   0x00000c44       0x28 /usr/local/gcc-arm-none-eabi-5_4-2016q3/bin/../lib/gcc/arm-none-eabi/5.4.1/../../../../arm-none-eabi/lib/armv7e-m/fpu/libc_nano.a(lib_a-memcpy-stub.o)
 .debug_frame   0x00000c6c       0x28 /usr/local/gcc-arm-none-eabi-5_4-2016q3/bin/../lib/gcc/arm-none-eabi/5.4.1/../../../../arm-none-eabi/lib/armv7e-m/fpu/libc_nano.a(lib_a-memmove.o)
 .debug_frame   0x00000c94       0x3c /usr/local/gcc-arm-none-eabi-5_4-2016q3/bin/../lib/gcc/arm-none-eabi/5.4.1/../../../../arm-none-eabi/lib/armv7e-m/fpu/libc_nano.a(lib_a-nano-reallocr.o)
 .debug_frame   0x00000cd0       0x20 /usr/local/gcc-arm-none-eabi-5_4-2016q3/bin/../lib/gcc/arm-none-eabi/5.4.1/../../../../arm-none-eabi/lib/armv7e-m/fpu/libc_nano.a(lib_a-nano-msizer.o)

.stab           0x00000000       0x3c
 .stab          0x00000000       0x24 /usr/local/gcc-arm-none-eabi-5_4-2016q3/bin/../lib/gcc/arm-none-eabi/5.4.1/../../../../arm-none-eabi/lib/armv7e-m/fpu/libnosys.a(getpid.o)
 .stab          0x00000024       0x18 /usr/local/gcc-arm-none-eabi-5_4-2016q3/bin/../lib/gcc/arm-none-eabi/5.4.1/../../../../arm-none-eabi/lib/armv7e-m/fpu/libnosys.a(kill.o)
                                 0x24 (size before relaxing)

.stabstr        0x00000000       0x76
 .stabstr       0x00000000       0x76 /usr/local/gcc-arm-none-eabi-5_4-2016q3/bin/../lib/gcc/arm-none-eabi/5.4.1/../../../../arm-none-eabi/lib/armv7e-m/fpu/libnosys.a(getpid.o)

Cross Reference Table

Symbol                                            File
ADC1_2_IRQHandler                                 obj/MPU6050_raw/startup_stm32f30x_md_gcc.o
ADC3_IRQHandler                                   obj/MPU6050_raw/startup_stm32f30x_md_gcc.o
ADC4_IRQHandler                                   obj/MPU6050_raw/startup_stm32f30x_md_gcc.o
ADC_AnalogWatchdog1SingleChannelConfig            obj/MPU6050_raw/stm32f30x_adc.o (symbol from plugin)
ADC_AnalogWatchdog1ThresholdsConfig               obj/MPU6050_raw/stm32f30x_adc.o (symbol from plugin)
ADC_AnalogWatchdog2SingleChannelConfig            obj/MPU6050_raw/stm32f30x_adc.o (symbol from plugin)
ADC_AnalogWatchdog2ThresholdsConfig               obj/MPU6050_raw/stm32f30x_adc.o (symbol from plugin)
ADC_AnalogWatchdog3SingleChannelConfig            obj/MPU6050_raw/stm32f30x_adc.o (symbol from plugin)
ADC_AnalogWatchdog3ThresholdsConfig               obj/MPU6050_raw/stm32f30x_adc.o (symbol from plugin)
ADC_AnalogWatchdogCmd                             obj/MPU6050_raw/stm32f30x_adc.o (symbol from plugin)
ADC_AutoDelayCmd                                  obj/MPU6050_raw/stm32f30x_adc.o (symbol from plugin)
ADC_AutoInjectedConvCmd                           obj/MPU6050_raw/stm32f30x_adc.o (symbol from plugin)
ADC_ChannelOffset1Cmd                             obj/MPU6050_raw/stm32f30x_adc.o (symbol from plugin)
ADC_ChannelOffset2Cmd                             obj/MPU6050_raw/stm32f30x_adc.o (symbol from plugin)
ADC_ChannelOffset3Cmd                             obj/MPU6050_raw/stm32f30x_adc.o (symbol from plugin)
ADC_ChannelOffset4Cmd                             obj/MPU6050_raw/stm32f30x_adc.o (symbol from plugin)
ADC_ClearCommonFlag                               obj/MPU6050_raw/stm32f30x_adc.o (symbol from plugin)
ADC_ClearFlag                                     obj/MPU6050_raw/stm32f30x_adc.o (symbol from plugin)
ADC_ClearITPendingBit                             obj/MPU6050_raw/stm32f30x_adc.o (symbol from plugin)
ADC_Cmd                                           obj/MPU6050_raw/stm32f30x_adc.o (symbol from plugin)
ADC_CommonInit                                    obj/MPU6050_raw/stm32f30x_adc.o (symbol from plugin)
ADC_CommonStructInit                              obj/MPU6050_raw/stm32f30x_adc.o (symbol from plugin)
ADC_DMACmd                                        obj/MPU6050_raw/stm32f30x_adc.o (symbol from plugin)
ADC_DMAConfig                                     obj/MPU6050_raw/stm32f30x_adc.o (symbol from plugin)
ADC_DeInit                                        obj/MPU6050_raw/stm32f30x_adc.o (symbol from plugin)
ADC_DisableCmd                                    obj/MPU6050_raw/stm32f30x_adc.o (symbol from plugin)
ADC_DiscModeChannelCountConfig                    obj/MPU6050_raw/stm32f30x_adc.o (symbol from plugin)
ADC_DiscModeCmd                                   obj/MPU6050_raw/stm32f30x_adc.o (symbol from plugin)
ADC_ExternalTriggerConfig                         obj/MPU6050_raw/stm32f30x_adc.o (symbol from plugin)
ADC_GetCalibrationStatus                          obj/MPU6050_raw/stm32f30x_adc.o (symbol from plugin)
ADC_GetCalibrationValue                           obj/MPU6050_raw/stm32f30x_adc.o (symbol from plugin)
ADC_GetCommonFlagStatus                           obj/MPU6050_raw/stm32f30x_adc.o (symbol from plugin)
ADC_GetConversionValue                            obj/MPU6050_raw/stm32f30x_adc.o (symbol from plugin)
ADC_GetDisableCmdStatus                           obj/MPU6050_raw/stm32f30x_adc.o (symbol from plugin)
ADC_GetDualModeConversionValue                    obj/MPU6050_raw/stm32f30x_adc.o (symbol from plugin)
ADC_GetFlagStatus                                 obj/MPU6050_raw/stm32f30x_adc.o (symbol from plugin)
ADC_GetITStatus                                   obj/MPU6050_raw/stm32f30x_adc.o (symbol from plugin)
ADC_GetInjectedConversionValue                    obj/MPU6050_raw/stm32f30x_adc.o (symbol from plugin)
ADC_GetStartConversionStatus                      obj/MPU6050_raw/stm32f30x_adc.o (symbol from plugin)
ADC_GetStartInjectedConversionStatus              obj/MPU6050_raw/stm32f30x_adc.o (symbol from plugin)
ADC_ITConfig                                      obj/MPU6050_raw/stm32f30x_adc.o (symbol from plugin)
ADC_Init                                          obj/MPU6050_raw/stm32f30x_adc.o (symbol from plugin)
ADC_InjectedChannelSampleTimeConfig               obj/MPU6050_raw/stm32f30x_adc.o (symbol from plugin)
ADC_InjectedDiscModeCmd                           obj/MPU6050_raw/stm32f30x_adc.o (symbol from plugin)
ADC_InjectedInit                                  obj/MPU6050_raw/stm32f30x_adc.o (symbol from plugin)
ADC_InjectedStructInit                            obj/MPU6050_raw/stm32f30x_adc.o (symbol from plugin)
ADC_RegularChannelConfig                          obj/MPU6050_raw/stm32f30x_adc.o (symbol from plugin)
ADC_RegularChannelSequencerLengthConfig           obj/MPU6050_raw/stm32f30x_adc.o (symbol from plugin)
ADC_SelectCalibrationMode                         obj/MPU6050_raw/stm32f30x_adc.o (symbol from plugin)
ADC_SelectDifferentialMode                        obj/MPU6050_raw/stm32f30x_adc.o (symbol from plugin)
ADC_SelectQueueOfContextMode                      obj/MPU6050_raw/stm32f30x_adc.o (symbol from plugin)
ADC_SetCalibrationValue                           obj/MPU6050_raw/stm32f30x_adc.o (symbol from plugin)
ADC_SetChannelOffset1                             obj/MPU6050_raw/stm32f30x_adc.o (symbol from plugin)
ADC_SetChannelOffset2                             obj/MPU6050_raw/stm32f30x_adc.o (symbol from plugin)
ADC_SetChannelOffset3                             obj/MPU6050_raw/stm32f30x_adc.o (symbol from plugin)
ADC_SetChannelOffset4                             obj/MPU6050_raw/stm32f30x_adc.o (symbol from plugin)
ADC_StartCalibration                              obj/MPU6050_raw/stm32f30x_adc.o (symbol from plugin)
ADC_StartConversion                               obj/MPU6050_raw/stm32f30x_adc.o (symbol from plugin)
ADC_StartInjectedConversion                       obj/MPU6050_raw/stm32f30x_adc.o (symbol from plugin)
ADC_StopConversion                                obj/MPU6050_raw/stm32f30x_adc.o (symbol from plugin)
ADC_StopInjectedConversion                        obj/MPU6050_raw/stm32f30x_adc.o (symbol from plugin)
ADC_StructInit                                    obj/MPU6050_raw/stm32f30x_adc.o (symbol from plugin)
ADC_TempSensorCmd                                 obj/MPU6050_raw/stm32f30x_adc.o (symbol from plugin)
ADC_VbatCmd                                       obj/MPU6050_raw/stm32f30x_adc.o (symbol from plugin)
ADC_VoltageRegulatorCmd                           obj/MPU6050_raw/stm32f30x_adc.o (symbol from plugin)
ADC_VrefintCmd                                    obj/MPU6050_raw/stm32f30x_adc.o (symbol from plugin)
AHBPrescTable                                     obj/MPU6050_raw/target/system_stm32f30x.o (symbol from plugin)
BusFault_Handler                                  /tmp/ccm9M6LD.ltrans2.ltrans.o
                                                  obj/MPU6050_raw/vcp/stm32_it.o (symbol from plugin)
                                                  obj/MPU6050_raw/startup_stm32f30x_md_gcc.o
ByteSwap                                          obj/MPU6050_raw/usb_regs.o (symbol from plugin)
                                                  obj/MPU6050_raw/usb_core.o (symbol from plugin)
CAN1_RX1_IRQHandler                               obj/MPU6050_raw/startup_stm32f30x_md_gcc.o
CAN1_SCE_IRQHandler                               obj/MPU6050_raw/startup_stm32f30x_md_gcc.o
CDC_BaudRate                                      obj/MPU6050_raw/vcp/hw_config.o (symbol from plugin)
                                                  obj/MPU6050_raw/serial_usb_vcp.o (symbol from plugin)
CDC_Receive_DATA                                  obj/MPU6050_raw/vcp/hw_config.o (symbol from plugin)
                                                  obj/MPU6050_raw/serial_usb_vcp.o (symbol from plugin)
CDC_Send_DATA                                     obj/MPU6050_raw/vcp/hw_config.o (symbol from plugin)
                                                  obj/MPU6050_raw/serial_usb_vcp.o (symbol from plugin)
CDC_Send_DATA.part.0                              /tmp/ccm9M6LD.ltrans2.ltrans.o
                                                  /tmp/ccm9M6LD.ltrans1.ltrans.o
COMP1_2_3_IRQHandler                              obj/MPU6050_raw/startup_stm32f30x_md_gcc.o
COMP4_5_6_IRQHandler                              obj/MPU6050_raw/startup_stm32f30x_md_gcc.o
COMP7_IRQHandler                                  obj/MPU6050_raw/startup_stm32f30x_md_gcc.o
COMP_Cmd                                          obj/MPU6050_raw/stm32f30x_comp.o (symbol from plugin)
COMP_DeInit                                       obj/MPU6050_raw/stm32f30x_comp.o (symbol from plugin)
COMP_GetOutputLevel                               obj/MPU6050_raw/stm32f30x_comp.o (symbol from plugin)
COMP_Init                                         obj/MPU6050_raw/stm32f30x_comp.o (symbol from plugin)
COMP_LockConfig                                   obj/MPU6050_raw/stm32f30x_comp.o (symbol from plugin)
COMP_StructInit                                   obj/MPU6050_raw/stm32f30x_comp.o (symbol from plugin)
COMP_SwitchCmd                                    obj/MPU6050_raw/stm32f30x_comp.o (symbol from plugin)
COMP_WindowCmd                                    obj/MPU6050_raw/stm32f30x_comp.o (symbol from plugin)
CTR_HP                                            obj/MPU6050_raw/usb_int.o (symbol from plugin)
CTR_LP                                            obj/MPU6050_raw/usb_int.o (symbol from plugin)
                                                  obj/MPU6050_raw/vcp/usb_istr.o (symbol from plugin)
ClearDTOG_RX                                      obj/MPU6050_raw/usb_regs.o (symbol from plugin)
                                                  obj/MPU6050_raw/usb_core.o (symbol from plugin)
ClearDTOG_TX                                      obj/MPU6050_raw/usb_regs.o (symbol from plugin)
                                                  obj/MPU6050_raw/usb_core.o (symbol from plugin)
ClearEPDoubleBuff                                 obj/MPU6050_raw/usb_regs.o (symbol from plugin)
ClearEP_CTR_RX                                    obj/MPU6050_raw/usb_regs.o (symbol from plugin)
ClearEP_CTR_TX                                    obj/MPU6050_raw/usb_regs.o (symbol from plugin)
ClearEP_KIND                                      obj/MPU6050_raw/usb_regs.o (symbol from plugin)
Clear_Status_Out                                  obj/MPU6050_raw/usb_regs.o (symbol from plugin)
                                                  obj/MPU6050_raw/vcp/usb_prop.o (symbol from plugin)
Config_Descriptor                                 obj/MPU6050_raw/vcp/usb_prop.o (symbol from plugin)
DAC_ClearFlag                                     obj/MPU6050_raw/stm32f30x_dac.o (symbol from plugin)
DAC_ClearITPendingBit                             obj/MPU6050_raw/stm32f30x_dac.o (symbol from plugin)
DAC_Cmd                                           obj/MPU6050_raw/stm32f30x_dac.o (symbol from plugin)
DAC_DMACmd                                        obj/MPU6050_raw/stm32f30x_dac.o (symbol from plugin)
DAC_DeInit                                        obj/MPU6050_raw/stm32f30x_dac.o (symbol from plugin)
DAC_DualSoftwareTriggerCmd                        obj/MPU6050_raw/stm32f30x_dac.o (symbol from plugin)
DAC_GetDataOutputValue                            obj/MPU6050_raw/stm32f30x_dac.o (symbol from plugin)
DAC_GetFlagStatus                                 obj/MPU6050_raw/stm32f30x_dac.o (symbol from plugin)
DAC_GetITStatus                                   obj/MPU6050_raw/stm32f30x_dac.o (symbol from plugin)
DAC_ITConfig                                      obj/MPU6050_raw/stm32f30x_dac.o (symbol from plugin)
DAC_Init                                          obj/MPU6050_raw/stm32f30x_dac.o (symbol from plugin)
DAC_SetChannel1Data                               obj/MPU6050_raw/stm32f30x_dac.o (symbol from plugin)
DAC_SetChannel2Data                               obj/MPU6050_raw/stm32f30x_dac.o (symbol from plugin)
DAC_SetDualChannelData                            obj/MPU6050_raw/stm32f30x_dac.o (symbol from plugin)
DAC_SoftwareTriggerCmd                            obj/MPU6050_raw/stm32f30x_dac.o (symbol from plugin)
DAC_StructInit                                    obj/MPU6050_raw/stm32f30x_dac.o (symbol from plugin)
DAC_WaveGenerationCmd                             obj/MPU6050_raw/stm32f30x_dac.o (symbol from plugin)
DBGMCU_APB1PeriphConfig                           obj/MPU6050_raw/stm32f30x_dbgmcu.o (symbol from plugin)
DBGMCU_APB2PeriphConfig                           obj/MPU6050_raw/stm32f30x_dbgmcu.o (symbol from plugin)
DBGMCU_Config                                     obj/MPU6050_raw/stm32f30x_dbgmcu.o (symbol from plugin)
DBGMCU_GetDEVID                                   obj/MPU6050_raw/stm32f30x_dbgmcu.o (symbol from plugin)
DBGMCU_GetREVID                                   obj/MPU6050_raw/stm32f30x_dbgmcu.o (symbol from plugin)
DMA1_Channel1_IRQHandler                          /tmp/ccm9M6LD.ltrans1.ltrans.o
                                                  obj/MPU6050_raw/dma.o (symbol from plugin)
                                                  obj/MPU6050_raw/startup_stm32f30x_md_gcc.o
DMA1_Channel2_IRQHandler                          /tmp/ccm9M6LD.ltrans1.ltrans.o
                                                  obj/MPU6050_raw/dma.o (symbol from plugin)
                                                  obj/MPU6050_raw/startup_stm32f30x_md_gcc.o
DMA1_Channel3_IRQHandler                          /tmp/ccm9M6LD.ltrans1.ltrans.o
                                                  obj/MPU6050_raw/dma.o (symbol from plugin)
                                                  obj/MPU6050_raw/startup_stm32f30x_md_gcc.o
DMA1_Channel4_IRQHandler                          /tmp/ccm9M6LD.ltrans1.ltrans.o
                                                  obj/MPU6050_raw/dma.o (symbol from plugin)
                                                  obj/MPU6050_raw/startup_stm32f30x_md_gcc.o
DMA1_Channel5_IRQHandler                          /tmp/ccm9M6LD.ltrans1.ltrans.o
                                                  obj/MPU6050_raw/dma.o (symbol from plugin)
                                                  obj/MPU6050_raw/startup_stm32f30x_md_gcc.o
DMA1_Channel6_IRQHandler                          /tmp/ccm9M6LD.ltrans1.ltrans.o
                                                  obj/MPU6050_raw/dma.o (symbol from plugin)
                                                  obj/MPU6050_raw/startup_stm32f30x_md_gcc.o
DMA1_Channel7_IRQHandler                          /tmp/ccm9M6LD.ltrans1.ltrans.o
                                                  obj/MPU6050_raw/dma.o (symbol from plugin)
                                                  obj/MPU6050_raw/startup_stm32f30x_md_gcc.o
DMA2_Channel1_IRQHandler                          /tmp/ccm9M6LD.ltrans1.ltrans.o
                                                  obj/MPU6050_raw/dma.o (symbol from plugin)
                                                  obj/MPU6050_raw/startup_stm32f30x_md_gcc.o
DMA2_Channel2_IRQHandler                          /tmp/ccm9M6LD.ltrans1.ltrans.o
                                                  obj/MPU6050_raw/dma.o (symbol from plugin)
                                                  obj/MPU6050_raw/startup_stm32f30x_md_gcc.o
DMA2_Channel3_IRQHandler                          /tmp/ccm9M6LD.ltrans1.ltrans.o
                                                  obj/MPU6050_raw/dma.o (symbol from plugin)
                                                  obj/MPU6050_raw/startup_stm32f30x_md_gcc.o
DMA2_Channel4_IRQHandler                          /tmp/ccm9M6LD.ltrans1.ltrans.o
                                                  obj/MPU6050_raw/dma.o (symbol from plugin)
                                                  obj/MPU6050_raw/startup_stm32f30x_md_gcc.o
DMA2_Channel5_IRQHandler                          /tmp/ccm9M6LD.ltrans1.ltrans.o
                                                  obj/MPU6050_raw/dma.o (symbol from plugin)
                                                  obj/MPU6050_raw/startup_stm32f30x_md_gcc.o
DMA_ClearFlag                                     obj/MPU6050_raw/stm32f30x_dma.o (symbol from plugin)
DMA_ClearITPendingBit                             obj/MPU6050_raw/stm32f30x_dma.o (symbol from plugin)
DMA_Cmd                                           obj/MPU6050_raw/stm32f30x_dma.o (symbol from plugin)
                                                  obj/MPU6050_raw/serial_uart_stm32f30x.o (symbol from plugin)
                                                  obj/MPU6050_raw/serial_uart.o (symbol from plugin)
DMA_DeInit                                        obj/MPU6050_raw/stm32f30x_dma.o (symbol from plugin)
                                                  obj/MPU6050_raw/serial_uart.o (symbol from plugin)
DMA_GetCurrDataCounter                            obj/MPU6050_raw/stm32f30x_dma.o (symbol from plugin)
                                                  obj/MPU6050_raw/serial_uart.o (symbol from plugin)
DMA_GetFlagStatus                                 obj/MPU6050_raw/stm32f30x_dma.o (symbol from plugin)
DMA_GetITStatus                                   obj/MPU6050_raw/stm32f30x_dma.o (symbol from plugin)
DMA_IRQHandler                                    obj/MPU6050_raw/dma.o (symbol from plugin)
DMA_ITConfig                                      obj/MPU6050_raw/stm32f30x_dma.o (symbol from plugin)
                                                  obj/MPU6050_raw/serial_uart.o (symbol from plugin)
DMA_Init                                          obj/MPU6050_raw/stm32f30x_dma.o (symbol from plugin)
                                                  obj/MPU6050_raw/serial_uart.o (symbol from plugin)
DMA_SetCurrDataCounter                            obj/MPU6050_raw/stm32f30x_dma.o (symbol from plugin)
                                                  obj/MPU6050_raw/serial_uart.o (symbol from plugin)
DMA_StructInit                                    obj/MPU6050_raw/stm32f30x_dma.o (symbol from plugin)
                                                  obj/MPU6050_raw/serial_uart.o (symbol from plugin)
DataStageIn.lto_priv.54                           /tmp/ccm9M6LD.ltrans1.ltrans.o
                                                  /tmp/ccm9M6LD.ltrans2.ltrans.o
Data_Mul_MaxPacketSize                            /tmp/ccm9M6LD.ltrans2.ltrans.o
                                                  obj/MPU6050_raw/usb_core.o (symbol from plugin)
                                                  /tmp/ccm9M6LD.ltrans1.ltrans.o
DebugMon_Handler                                  /tmp/ccm9M6LD.ltrans2.ltrans.o
                                                  obj/MPU6050_raw/vcp/stm32_it.o (symbol from plugin)
                                                  obj/MPU6050_raw/startup_stm32f30x_md_gcc.o
Default_Handler                                   obj/MPU6050_raw/startup_stm32f30x_md_gcc.o
Device_Descriptor                                 obj/MPU6050_raw/vcp/usb_prop.o (symbol from plugin)
Device_Info                                       /tmp/ccm9M6LD.ltrans0.ltrans.o
                                                  obj/MPU6050_raw/usb_init.o (symbol from plugin)
                                                  /tmp/ccm9M6LD.ltrans3.ltrans.o
                                                  obj/MPU6050_raw/vcp/usb_prop.o (symbol from plugin)
                                                  obj/MPU6050_raw/vcp/hw_config.o (symbol from plugin)
Device_Property                                   /tmp/ccm9M6LD.ltrans0.ltrans.o
                                                  obj/MPU6050_raw/vcp/usb_prop.o (symbol from plugin)
                                                  /tmp/ccm9M6LD.ltrans3.ltrans.o
                                                  /tmp/ccm9M6LD.ltrans2.ltrans.o
                                                  /tmp/ccm9M6LD.ltrans1.ltrans.o
                                                  obj/MPU6050_raw/vcp/usb_istr.o (symbol from plugin)
                                                  obj/MPU6050_raw/usb_init.o (symbol from plugin)
                                                  obj/MPU6050_raw/usb_core.o (symbol from plugin)
Device_Table                                      /tmp/ccm9M6LD.ltrans2.ltrans.o
                                                  obj/MPU6050_raw/vcp/usb_prop.o (symbol from plugin)
                                                  obj/MPU6050_raw/usb_core.o (symbol from plugin)
EP                                                obj/MPU6050_raw/vcp/usb_pwr.o (symbol from plugin)
EP1_IN_Callback                                   /tmp/ccm9M6LD.ltrans3.ltrans.o
                                                  obj/MPU6050_raw/vcp/usb_endp.o (symbol from plugin)
                                                  /tmp/ccm9M6LD.ltrans2.ltrans.o
                                                  obj/MPU6050_raw/vcp/usb_istr.o (symbol from plugin)
EP3_OUT_Callback                                  /tmp/ccm9M6LD.ltrans3.ltrans.o
                                                  obj/MPU6050_raw/vcp/usb_endp.o (symbol from plugin)
                                                  /tmp/ccm9M6LD.ltrans2.ltrans.o
                                                  obj/MPU6050_raw/vcp/usb_istr.o (symbol from plugin)
EPindex                                           obj/MPU6050_raw/usb_init.o (symbol from plugin)
                                                  obj/MPU6050_raw/usb_int.o (symbol from plugin)
EXTI0_IRQHandler                                  /tmp/ccm9M6LD.ltrans1.ltrans.o
                                                  obj/MPU6050_raw/exti.o (symbol from plugin)
                                                  obj/MPU6050_raw/startup_stm32f30x_md_gcc.o
EXTI15_10_IRQHandler                              /tmp/ccm9M6LD.ltrans1.ltrans.o
                                                  obj/MPU6050_raw/exti.o (symbol from plugin)
                                                  obj/MPU6050_raw/startup_stm32f30x_md_gcc.o
EXTI1_IRQHandler                                  /tmp/ccm9M6LD.ltrans1.ltrans.o
                                                  obj/MPU6050_raw/exti.o (symbol from plugin)
                                                  obj/MPU6050_raw/startup_stm32f30x_md_gcc.o
EXTI2_TS_IRQHandler                               /tmp/ccm9M6LD.ltrans1.ltrans.o
                                                  obj/MPU6050_raw/exti.o (symbol from plugin)
                                                  obj/MPU6050_raw/startup_stm32f30x_md_gcc.o
EXTI3_IRQHandler                                  /tmp/ccm9M6LD.ltrans1.ltrans.o
                                                  obj/MPU6050_raw/exti.o (symbol from plugin)
                                                  obj/MPU6050_raw/startup_stm32f30x_md_gcc.o
EXTI4_IRQHandler                                  /tmp/ccm9M6LD.ltrans1.ltrans.o
                                                  obj/MPU6050_raw/exti.o (symbol from plugin)
                                                  obj/MPU6050_raw/startup_stm32f30x_md_gcc.o
EXTI9_5_IRQHandler                                /tmp/ccm9M6LD.ltrans1.ltrans.o
                                                  obj/MPU6050_raw/exti.o (symbol from plugin)
                                                  obj/MPU6050_raw/startup_stm32f30x_md_gcc.o
EXTIConfig                                        obj/MPU6050_raw/exti.o (symbol from plugin)
EXTIEnable                                        obj/MPU6050_raw/exti.o (symbol from plugin)
EXTIHandlerInit                                   obj/MPU6050_raw/exti.o (symbol from plugin)
EXTIInit                                          obj/MPU6050_raw/exti.o (symbol from plugin)
EXTIRelease                                       obj/MPU6050_raw/exti.o (symbol from plugin)
EXTI_ClearFlag                                    obj/MPU6050_raw/stm32f30x_exti.o (symbol from plugin)
EXTI_ClearITPendingBit                            obj/MPU6050_raw/stm32f30x_exti.o (symbol from plugin)
                                                  obj/MPU6050_raw/vcp/stm32_it.o (symbol from plugin)
                                                  obj/MPU6050_raw/vcp/hw_config.o (symbol from plugin)
                                                  obj/MPU6050_raw/exti.o (symbol from plugin)
EXTI_DeInit                                       obj/MPU6050_raw/stm32f30x_exti.o (symbol from plugin)
EXTI_GenerateSWInterrupt                          obj/MPU6050_raw/stm32f30x_exti.o (symbol from plugin)
EXTI_GetFlagStatus                                obj/MPU6050_raw/stm32f30x_exti.o (symbol from plugin)
EXTI_GetITStatus                                  obj/MPU6050_raw/stm32f30x_exti.o (symbol from plugin)
EXTI_IRQHandler                                   obj/MPU6050_raw/exti.o (symbol from plugin)
EXTI_Init                                         obj/MPU6050_raw/stm32f30x_exti.o (symbol from plugin)
                                                  obj/MPU6050_raw/vcp/hw_config.o (symbol from plugin)
                                                  obj/MPU6050_raw/exti.o (symbol from plugin)
EXTI_InitStructure                                obj/MPU6050_raw/vcp/hw_config.o (symbol from plugin)
EXTI_StructInit                                   obj/MPU6050_raw/stm32f30x_exti.o (symbol from plugin)
Enter_LowPowerMode                                obj/MPU6050_raw/vcp/hw_config.o (symbol from plugin)
FLASH_ClearFlag                                   obj/MPU6050_raw/stm32f30x_flash.o (symbol from plugin)
FLASH_EraseAllPages                               obj/MPU6050_raw/stm32f30x_flash.o (symbol from plugin)
FLASH_ErasePage                                   obj/MPU6050_raw/stm32f30x_flash.o (symbol from plugin)
FLASH_GetFlagStatus                               obj/MPU6050_raw/stm32f30x_flash.o (symbol from plugin)
FLASH_GetStatus                                   obj/MPU6050_raw/stm32f30x_flash.o (symbol from plugin)
FLASH_HalfCycleAccessCmd                          obj/MPU6050_raw/stm32f30x_flash.o (symbol from plugin)
FLASH_IRQHandler                                  obj/MPU6050_raw/startup_stm32f30x_md_gcc.o
FLASH_ITConfig                                    obj/MPU6050_raw/stm32f30x_flash.o (symbol from plugin)
FLASH_Lock                                        obj/MPU6050_raw/stm32f30x_flash.o (symbol from plugin)
FLASH_OB_BOOTConfig                               obj/MPU6050_raw/stm32f30x_flash.o (symbol from plugin)
FLASH_OB_EnableWRP                                obj/MPU6050_raw/stm32f30x_flash.o (symbol from plugin)
FLASH_OB_Erase                                    obj/MPU6050_raw/stm32f30x_flash.o (symbol from plugin)
FLASH_OB_GetRDP                                   obj/MPU6050_raw/stm32f30x_flash.o (symbol from plugin)
FLASH_OB_GetUser                                  obj/MPU6050_raw/stm32f30x_flash.o (symbol from plugin)
FLASH_OB_GetWRP                                   obj/MPU6050_raw/stm32f30x_flash.o (symbol from plugin)
FLASH_OB_Launch                                   obj/MPU6050_raw/stm32f30x_flash.o (symbol from plugin)
FLASH_OB_Lock                                     obj/MPU6050_raw/stm32f30x_flash.o (symbol from plugin)
FLASH_OB_RDPConfig                                obj/MPU6050_raw/stm32f30x_flash.o (symbol from plugin)
FLASH_OB_SRAMParityConfig                         obj/MPU6050_raw/stm32f30x_flash.o (symbol from plugin)
FLASH_OB_Unlock                                   obj/MPU6050_raw/stm32f30x_flash.o (symbol from plugin)
FLASH_OB_UserConfig                               obj/MPU6050_raw/stm32f30x_flash.o (symbol from plugin)
FLASH_OB_VDDAConfig                               obj/MPU6050_raw/stm32f30x_flash.o (symbol from plugin)
FLASH_OB_WriteUser                                obj/MPU6050_raw/stm32f30x_flash.o (symbol from plugin)
FLASH_PrefetchBufferCmd                           obj/MPU6050_raw/stm32f30x_flash.o (symbol from plugin)
FLASH_ProgramHalfWord                             obj/MPU6050_raw/stm32f30x_flash.o (symbol from plugin)
FLASH_ProgramOptionByteData                       obj/MPU6050_raw/stm32f30x_flash.o (symbol from plugin)
FLASH_ProgramWord                                 obj/MPU6050_raw/stm32f30x_flash.o (symbol from plugin)
FLASH_SetLatency                                  obj/MPU6050_raw/stm32f30x_flash.o (symbol from plugin)
FLASH_Unlock                                      obj/MPU6050_raw/stm32f30x_flash.o (symbol from plugin)
FLASH_WaitForLastOperation                        obj/MPU6050_raw/stm32f30x_flash.o (symbol from plugin)
FPU_IRQHandler                                    obj/MPU6050_raw/startup_stm32f30x_md_gcc.o
FreeUserBuffer                                    obj/MPU6050_raw/usb_regs.o (symbol from plugin)
GPIO_DeInit                                       obj/MPU6050_raw/stm32f30x_gpio.o (symbol from plugin)
GPIO_Init                                         /tmp/ccm9M6LD.ltrans1.ltrans.o
                                                  obj/MPU6050_raw/stm32f30x_gpio.o (symbol from plugin)
                                                  /tmp/ccm9M6LD.ltrans0.ltrans.o
                                                  obj/MPU6050_raw/HardwareWire.o (symbol from plugin)
                                                  obj/MPU6050_raw/usb_io.o (symbol from plugin)
                                                  obj/MPU6050_raw/vcp/hw_config.o (symbol from plugin)
                                                  obj/MPU6050_raw/io.o (symbol from plugin)
                                                  obj/MPU6050_raw/serial_uart_stm32f30x.o (symbol from plugin)
                                                  obj/MPU6050_raw/gpio_stm32f30x.o (symbol from plugin)
GPIO_PinAFConfig                                  obj/MPU6050_raw/stm32f30x_gpio.o (symbol from plugin)
                                                  obj/MPU6050_raw/HardwareWire.o (symbol from plugin)
                                                  obj/MPU6050_raw/vcp/hw_config.o (symbol from plugin)
                                                  obj/MPU6050_raw/io.o (symbol from plugin)
                                                  obj/MPU6050_raw/serial_uart_stm32f30x.o (symbol from plugin)
                                                  obj/MPU6050_raw/timer.o (symbol from plugin)
GPIO_PinLockConfig                                obj/MPU6050_raw/stm32f30x_gpio.o (symbol from plugin)
GPIO_ReadInputData                                obj/MPU6050_raw/stm32f30x_gpio.o (symbol from plugin)
GPIO_ReadInputDataBit                             obj/MPU6050_raw/stm32f30x_gpio.o (symbol from plugin)
GPIO_ReadOutputData                               obj/MPU6050_raw/stm32f30x_gpio.o (symbol from plugin)
GPIO_ReadOutputDataBit                            obj/MPU6050_raw/stm32f30x_gpio.o (symbol from plugin)
GPIO_ResetBits                                    obj/MPU6050_raw/stm32f30x_gpio.o (symbol from plugin)
                                                  obj/MPU6050_raw/usb_io.o (symbol from plugin)
GPIO_SetBits                                      obj/MPU6050_raw/stm32f30x_gpio.o (symbol from plugin)
                                                  obj/MPU6050_raw/usb_io.o (symbol from plugin)
                                                  obj/MPU6050_raw/serial_uart_stm32f30x.o (symbol from plugin)
GPIO_StructInit                                   obj/MPU6050_raw/stm32f30x_gpio.o (symbol from plugin)
                                                  obj/MPU6050_raw/HardwareWire.o (symbol from plugin)
GPIO_Write                                        obj/MPU6050_raw/stm32f30x_gpio.o (symbol from plugin)
GPIO_WriteBit                                     obj/MPU6050_raw/stm32f30x_gpio.o (symbol from plugin)
GetBTABLE                                         obj/MPU6050_raw/usb_regs.o (symbol from plugin)
GetCNTR                                           obj/MPU6050_raw/usb_regs.o (symbol from plugin)
GetDADDR                                          obj/MPU6050_raw/usb_regs.o (symbol from plugin)
GetENDPOINT                                       obj/MPU6050_raw/usb_regs.o (symbol from plugin)
GetEPAddress                                      obj/MPU6050_raw/usb_regs.o (symbol from plugin)
GetEPDblBuf0Addr                                  obj/MPU6050_raw/usb_regs.o (symbol from plugin)
GetEPDblBuf0Count                                 obj/MPU6050_raw/usb_regs.o (symbol from plugin)
GetEPDblBuf1Addr                                  obj/MPU6050_raw/usb_regs.o (symbol from plugin)
GetEPDblBuf1Count                                 obj/MPU6050_raw/usb_regs.o (symbol from plugin)
GetEPDblBufDir                                    obj/MPU6050_raw/usb_regs.o (symbol from plugin)
GetEPRxAddr                                       obj/MPU6050_raw/usb_regs.o (symbol from plugin)
                                                  obj/MPU6050_raw/usb_sil.o (symbol from plugin)
                                                  obj/MPU6050_raw/usb_core.o (symbol from plugin)
GetEPRxCount                                      obj/MPU6050_raw/usb_regs.o (symbol from plugin)
                                                  obj/MPU6050_raw/vcp/usb_endp.o (symbol from plugin)
                                                  obj/MPU6050_raw/usb_sil.o (symbol from plugin)
GetEPRxStatus                                     obj/MPU6050_raw/usb_regs.o (symbol from plugin)
GetEPTxAddr                                       obj/MPU6050_raw/usb_regs.o (symbol from plugin)
                                                  obj/MPU6050_raw/usb_sil.o (symbol from plugin)
                                                  obj/MPU6050_raw/usb_core.o (symbol from plugin)
GetEPTxCount                                      obj/MPU6050_raw/usb_regs.o (symbol from plugin)
GetEPTxStatus                                     obj/MPU6050_raw/usb_regs.o (symbol from plugin)
GetEPType                                         obj/MPU6050_raw/usb_regs.o (symbol from plugin)
GetFNR                                            obj/MPU6050_raw/usb_regs.o (symbol from plugin)
GetISTR                                           obj/MPU6050_raw/usb_regs.o (symbol from plugin)
GetRxStallStatus                                  obj/MPU6050_raw/usb_regs.o (symbol from plugin)
GetTxStallStatus                                  obj/MPU6050_raw/usb_regs.o (symbol from plugin)
Get_SerialNum                                     obj/MPU6050_raw/vcp/hw_config.o (symbol from plugin)
                                                  obj/MPU6050_raw/vcp/usb_prop.o (symbol from plugin)
HRTIM_ADCTriggerConfig                            obj/MPU6050_raw/stm32f30x_hrtim.o (symbol from plugin)
HRTIM_BurstDMAConfig                              obj/MPU6050_raw/stm32f30x_hrtim.o (symbol from plugin)
HRTIM_BurstModeConfig                             obj/MPU6050_raw/stm32f30x_hrtim.o (symbol from plugin)
HRTIM_BurstModeCtl                                obj/MPU6050_raw/stm32f30x_hrtim.o (symbol from plugin)
HRTIM_ChopperModeConfig                           obj/MPU6050_raw/stm32f30x_hrtim.o (symbol from plugin)
HRTIM_ClearCommonFlag                             obj/MPU6050_raw/stm32f30x_hrtim.o (symbol from plugin)
HRTIM_ClearCommonITPendingBit                     obj/MPU6050_raw/stm32f30x_hrtim.o (symbol from plugin)
HRTIM_ClearFlag                                   obj/MPU6050_raw/stm32f30x_hrtim.o (symbol from plugin)
HRTIM_ClearITPendingBit                           obj/MPU6050_raw/stm32f30x_hrtim.o (symbol from plugin)
HRTIM_DLLCalibrationStart                         obj/MPU6050_raw/stm32f30x_hrtim.o (symbol from plugin)
HRTIM_DMACmd                                      obj/MPU6050_raw/stm32f30x_hrtim.o (symbol from plugin)
HRTIM_DeInit                                      obj/MPU6050_raw/stm32f30x_hrtim.o (symbol from plugin)
HRTIM_DeadTimeConfig                              obj/MPU6050_raw/stm32f30x_hrtim.o (symbol from plugin)
HRTIM_EventConfig                                 obj/MPU6050_raw/stm32f30x_hrtim.o (symbol from plugin)
HRTIM_EventPrescalerConfig                        obj/MPU6050_raw/stm32f30x_hrtim.o (symbol from plugin)
HRTIM_FaultConfig                                 obj/MPU6050_raw/stm32f30x_hrtim.o (symbol from plugin)
HRTIM_FaultModeCtl                                obj/MPU6050_raw/stm32f30x_hrtim.o (symbol from plugin)
HRTIM_FaultPrescalerConfig                        obj/MPU6050_raw/stm32f30x_hrtim.o (symbol from plugin)
HRTIM_GetBurstStatus                              obj/MPU6050_raw/stm32f30x_hrtim.o (symbol from plugin)
HRTIM_GetCapturedValue                            obj/MPU6050_raw/stm32f30x_hrtim.o (symbol from plugin)
HRTIM_GetCommonFlagStatus                         obj/MPU6050_raw/stm32f30x_hrtim.o (symbol from plugin)
HRTIM_GetCommonITStatus                           obj/MPU6050_raw/stm32f30x_hrtim.o (symbol from plugin)
HRTIM_GetCurrentPushPullStatus                    obj/MPU6050_raw/stm32f30x_hrtim.o (symbol from plugin)
HRTIM_GetDelayedProtectionStatus                  obj/MPU6050_raw/stm32f30x_hrtim.o (symbol from plugin)
HRTIM_GetFlagStatus                               obj/MPU6050_raw/stm32f30x_hrtim.o (symbol from plugin)
HRTIM_GetITStatus                                 obj/MPU6050_raw/stm32f30x_hrtim.o (symbol from plugin)
HRTIM_GetIdlePushPullStatus                       obj/MPU6050_raw/stm32f30x_hrtim.o (symbol from plugin)
HRTIM_ITCommonConfig                              obj/MPU6050_raw/stm32f30x_hrtim.o (symbol from plugin)
HRTIM_ITConfig                                    obj/MPU6050_raw/stm32f30x_hrtim.o (symbol from plugin)
HRTIM_MasterSetCompare                            obj/MPU6050_raw/stm32f30x_hrtim.o (symbol from plugin)
HRTIM_SimpleBaseStart                             obj/MPU6050_raw/stm32f30x_hrtim.o (symbol from plugin)
HRTIM_SimpleBaseStop                              obj/MPU6050_raw/stm32f30x_hrtim.o (symbol from plugin)
HRTIM_SimpleBase_Init                             obj/MPU6050_raw/stm32f30x_hrtim.o (symbol from plugin)
HRTIM_SimpleCaptureChannelConfig                  obj/MPU6050_raw/stm32f30x_hrtim.o (symbol from plugin)
HRTIM_SimpleCaptureStart                          obj/MPU6050_raw/stm32f30x_hrtim.o (symbol from plugin)
HRTIM_SimpleCaptureStop                           obj/MPU6050_raw/stm32f30x_hrtim.o (symbol from plugin)
HRTIM_SimpleCapture_Init                          obj/MPU6050_raw/stm32f30x_hrtim.o (symbol from plugin)
HRTIM_SimpleOCChannelConfig                       obj/MPU6050_raw/stm32f30x_hrtim.o (symbol from plugin)
HRTIM_SimpleOCStart                               obj/MPU6050_raw/stm32f30x_hrtim.o (symbol from plugin)
HRTIM_SimpleOCStop                                obj/MPU6050_raw/stm32f30x_hrtim.o (symbol from plugin)
HRTIM_SimpleOC_Init                               obj/MPU6050_raw/stm32f30x_hrtim.o (symbol from plugin)
HRTIM_SimpleOnePulseChannelConfig                 obj/MPU6050_raw/stm32f30x_hrtim.o (symbol from plugin)
HRTIM_SimpleOnePulseStart                         obj/MPU6050_raw/stm32f30x_hrtim.o (symbol from plugin)
HRTIM_SimpleOnePulseStop                          obj/MPU6050_raw/stm32f30x_hrtim.o (symbol from plugin)
HRTIM_SimpleOnePulse_Init                         obj/MPU6050_raw/stm32f30x_hrtim.o (symbol from plugin)
HRTIM_SimplePWMChannelConfig                      obj/MPU6050_raw/stm32f30x_hrtim.o (symbol from plugin)
HRTIM_SimplePWMStart                              obj/MPU6050_raw/stm32f30x_hrtim.o (symbol from plugin)
HRTIM_SimplePWMStop                               obj/MPU6050_raw/stm32f30x_hrtim.o (symbol from plugin)
HRTIM_SimplePWM_Init                              obj/MPU6050_raw/stm32f30x_hrtim.o (symbol from plugin)
HRTIM_SlaveSetCompare                             obj/MPU6050_raw/stm32f30x_hrtim.o (symbol from plugin)
HRTIM_SoftwareCapture                             obj/MPU6050_raw/stm32f30x_hrtim.o (symbol from plugin)
HRTIM_SoftwareReset                               obj/MPU6050_raw/stm32f30x_hrtim.o (symbol from plugin)
HRTIM_SoftwareUpdate                              obj/MPU6050_raw/stm32f30x_hrtim.o (symbol from plugin)
HRTIM_SynchronizationConfig                       obj/MPU6050_raw/stm32f30x_hrtim.o (symbol from plugin)
HRTIM_TimerEventFilteringConfig                   obj/MPU6050_raw/stm32f30x_hrtim.o (symbol from plugin)
HRTIM_WaveformCaptureConfig                       obj/MPU6050_raw/stm32f30x_hrtim.o (symbol from plugin)
HRTIM_WaveformCompareConfig                       obj/MPU6050_raw/stm32f30x_hrtim.o (symbol from plugin)
HRTIM_WaveformCounterStart                        obj/MPU6050_raw/stm32f30x_hrtim.o (symbol from plugin)
HRTIM_WaveformCounterStop                         obj/MPU6050_raw/stm32f30x_hrtim.o (symbol from plugin)
HRTIM_WaveformGetOutputLevel                      obj/MPU6050_raw/stm32f30x_hrtim.o (symbol from plugin)
HRTIM_WaveformGetOutputState                      obj/MPU6050_raw/stm32f30x_hrtim.o (symbol from plugin)
HRTIM_WaveformOutputConfig                        obj/MPU6050_raw/stm32f30x_hrtim.o (symbol from plugin)
HRTIM_WaveformOutputStart                         obj/MPU6050_raw/stm32f30x_hrtim.o (symbol from plugin)
HRTIM_WaveformOutputStop                          obj/MPU6050_raw/stm32f30x_hrtim.o (symbol from plugin)
HRTIM_WaveformSetOutputLevel                      obj/MPU6050_raw/stm32f30x_hrtim.o (symbol from plugin)
HRTIM_WaveformTimerConfig                         obj/MPU6050_raw/stm32f30x_hrtim.o (symbol from plugin)
HRTIM_Waveform_Init                               obj/MPU6050_raw/stm32f30x_hrtim.o (symbol from plugin)
HSEStartUpStatus                                  obj/MPU6050_raw/vcp/hw_config.o (symbol from plugin)
HardFault_Handler                                 /tmp/ccm9M6LD.ltrans4.ltrans.o
                                                  obj/MPU6050_raw/Arduino.o (symbol from plugin)
                                                  obj/MPU6050_raw/startup_stm32f30x_md_gcc.o
HardwareSerial0::begin(unsigned long)             obj/MPU6050_raw/Arduino.o (symbol from plugin)
                                                  obj/MPU6050_raw.o (symbol from plugin)
HardwareSerial0::read()                           obj/MPU6050_raw/Arduino.o (symbol from plugin)
HardwareSerial1::begin(unsigned long)             obj/MPU6050_raw/Arduino.o (symbol from plugin)
HardwareSerial1::read()                           obj/MPU6050_raw/Arduino.o (symbol from plugin)
HardwareSerial::available()                       obj/MPU6050_raw/Arduino.o (symbol from plugin)
HardwareSerial::flush()                           obj/MPU6050_raw/Arduino.o (symbol from plugin)
                                                  obj/MPU6050_raw.o (symbol from plugin)
HardwareSerial::printf(char const*, ...)          obj/MPU6050_raw.o (symbol from plugin)
HardwareSerial::printf(char const*, ...) [clone .constprop.12] /tmp/ccm9M6LD.ltrans4.ltrans.o
                                                  /tmp/ccm9M6LD.ltrans0.ltrans.o
HardwareSerial::write(unsigned char)              obj/MPU6050_raw/Arduino.o (symbol from plugin)
                                                  obj/MPU6050_raw.o (symbol from plugin)
HardwareWire::available()                         obj/MPU6050_raw/HardwareWire.o (symbol from plugin)
                                                  obj/MPU6050_raw/MPU6050.o (symbol from plugin)
HardwareWire::begin()                             obj/MPU6050_raw/HardwareWire.o (symbol from plugin)
                                                  obj/MPU6050_raw.o (symbol from plugin)
HardwareWire::beginTransmission(unsigned char)    obj/MPU6050_raw/HardwareWire.o (symbol from plugin)
                                                  obj/MPU6050_raw/MPU6050.o (symbol from plugin)
HardwareWire::endTransmission(bool)               obj/MPU6050_raw/HardwareWire.o (symbol from plugin)
                                                  obj/MPU6050_raw/MPU6050.o (symbol from plugin)
HardwareWire::read()                              obj/MPU6050_raw/HardwareWire.o (symbol from plugin)
                                                  obj/MPU6050_raw/MPU6050.o (symbol from plugin)
HardwareWire::requestFrom(unsigned char, unsigned char) obj/MPU6050_raw/HardwareWire.o (symbol from plugin)
                                                  obj/MPU6050_raw/MPU6050.o (symbol from plugin)
HardwareWire::write(unsigned char)                obj/MPU6050_raw/HardwareWire.o (symbol from plugin)
                                                  obj/MPU6050_raw/MPU6050.o (symbol from plugin)
I2C1_ER_IRQHandler                                obj/MPU6050_raw/startup_stm32f30x_md_gcc.o
I2C1_EV_IRQHandler                                obj/MPU6050_raw/startup_stm32f30x_md_gcc.o
I2C2_ER_IRQHandler                                obj/MPU6050_raw/startup_stm32f30x_md_gcc.o
I2C2_EV_IRQHandler                                obj/MPU6050_raw/startup_stm32f30x_md_gcc.o
I2C_10BitAddressHeaderCmd                         obj/MPU6050_raw/stm32f30x_i2c.o (symbol from plugin)
I2C_10BitAddressingModeCmd                        obj/MPU6050_raw/stm32f30x_i2c.o (symbol from plugin)
I2C_AcknowledgeConfig                             obj/MPU6050_raw/stm32f30x_i2c.o (symbol from plugin)
I2C_AutoEndCmd                                    obj/MPU6050_raw/stm32f30x_i2c.o (symbol from plugin)
I2C_CalculatePEC                                  obj/MPU6050_raw/stm32f30x_i2c.o (symbol from plugin)
I2C_ClearFlag                                     obj/MPU6050_raw/stm32f30x_i2c.o (symbol from plugin)
                                                  obj/MPU6050_raw/HardwareWire.o (symbol from plugin)
I2C_ClearITPendingBit                             obj/MPU6050_raw/stm32f30x_i2c.o (symbol from plugin)
I2C_ClockTimeoutCmd                               obj/MPU6050_raw/stm32f30x_i2c.o (symbol from plugin)
I2C_Cmd                                           obj/MPU6050_raw/stm32f30x_i2c.o (symbol from plugin)
                                                  obj/MPU6050_raw/HardwareWire.o (symbol from plugin)
I2C_DMACmd                                        obj/MPU6050_raw/stm32f30x_i2c.o (symbol from plugin)
I2C_DeInit                                        obj/MPU6050_raw/stm32f30x_i2c.o (symbol from plugin)
I2C_DualAddressCmd                                obj/MPU6050_raw/stm32f30x_i2c.o (symbol from plugin)
I2C_ExtendedClockTimeoutCmd                       obj/MPU6050_raw/stm32f30x_i2c.o (symbol from plugin)
I2C_GeneralCallCmd                                obj/MPU6050_raw/stm32f30x_i2c.o (symbol from plugin)
I2C_GenerateSTART                                 obj/MPU6050_raw/stm32f30x_i2c.o (symbol from plugin)
I2C_GenerateSTOP                                  obj/MPU6050_raw/stm32f30x_i2c.o (symbol from plugin)
I2C_GetAddressMatched                             obj/MPU6050_raw/stm32f30x_i2c.o (symbol from plugin)
I2C_GetFlagStatus                                 obj/MPU6050_raw/stm32f30x_i2c.o (symbol from plugin)
                                                  obj/MPU6050_raw/HardwareWire.o (symbol from plugin)
I2C_GetITStatus                                   obj/MPU6050_raw/stm32f30x_i2c.o (symbol from plugin)
I2C_GetPEC                                        obj/MPU6050_raw/stm32f30x_i2c.o (symbol from plugin)
I2C_GetTransferDirection                          obj/MPU6050_raw/stm32f30x_i2c.o (symbol from plugin)
I2C_ITConfig                                      obj/MPU6050_raw/stm32f30x_i2c.o (symbol from plugin)
I2C_IdleClockTimeoutCmd                           obj/MPU6050_raw/stm32f30x_i2c.o (symbol from plugin)