Archive member included to satisfy reference by file (symbol)

/usr/local/gcc-arm-none-eabi-5_4-2016q3/bin/../lib/gcc/arm-none-eabi/5.4.1/../../../../arm-none-eabi/lib/armv7e-m/fpu/libc_nano.a(lib_a-memset.o)
                              /tmp/ccJXnJ2G.ltrans2.ltrans.o (memset)

Allocating common symbols
Common symbol       size              file

sendLength          0x4               obj/ALIENFLIGHTF3/vcp/hw_config.o (symbol from plugin)
timerChannelInfo    0xb               obj/ALIENFLIGHTF3/timer.o (symbol from plugin)
HSEStartUpStatus    0x1               obj/ALIENFLIGHTF3/vcp/hw_config.o (symbol from plugin)
SaveState           0x2               obj/ALIENFLIGHTF3/usb_init.o (symbol from plugin)
wIstr               0x2               obj/ALIENFLIGHTF3/vcp/usb_istr.o (symbol from plugin)
EPindex             0x1               obj/ALIENFLIGHTF3/usb_init.o (symbol from plugin)
timerInfo           0x5               obj/ALIENFLIGHTF3/timer.o (symbol from plugin)
ioRecs              0x1a0             obj/ALIENFLIGHTF3/io.o (symbol from plugin)
StatusInfo          0x2               obj/ALIENFLIGHTF3/usb_core.o (symbol from plugin)
ResumeS             0x2               obj/ALIENFLIGHTF3/vcp/usb_pwr.o (symbol from plugin)
led_config          0x18              obj/ALIENFLIGHTF3/light_led_stm32f30x.o (symbol from plugin)
extiChannelRecs     0x40              obj/ALIENFLIGHTF3/exti.o (symbol from plugin)
EP                  0x20              obj/ALIENFLIGHTF3/vcp/usb_pwr.o (symbol from plugin)
EXTI_InitStructure  0x8               obj/ALIENFLIGHTF3/vcp/hw_config.o (symbol from plugin)
cachedRccCsrValue   0x4               obj/ALIENFLIGHTF3/system.o (symbol from plugin)

Discarded input sections

 .text          0x00000000       0x14 obj/ALIENFLIGHTF3/startup_stm32f30x_md_gcc.o
 .data          0x00000000        0x0 obj/ALIENFLIGHTF3/startup_stm32f30x_md_gcc.o
 .bss           0x00000000        0x0 obj/ALIENFLIGHTF3/startup_stm32f30x_md_gcc.o
 .text          0x00000000        0x0 obj/ALIENFLIGHTF3/target/system_stm32f30x.o (symbol from plugin)
 .data          0x00000000        0x0 /tmp/ccJXnJ2G.ltrans1.ltrans.o
 .ARM.extab.text.startup
                0x00000000        0x0 /tmp/ccJXnJ2G.ltrans2.ltrans.o
 .data          0x00000000        0x0 /tmp/ccJXnJ2G.ltrans4.ltrans.o
 .bss           0x00000000        0x0 /tmp/ccJXnJ2G.ltrans4.ltrans.o
 .ARM.extab     0x00000000        0x0 /tmp/ccJXnJ2G.ltrans4.ltrans.o
 .text          0x00000000        0x0 obj/ALIENFLIGHTF3/gpio_stm32f30x.o (symbol from plugin)
 .text          0x00000000        0x0 obj/ALIENFLIGHTF3/light_led_stm32f30x.o (symbol from plugin)
 .text          0x00000000        0x0 obj/ALIENFLIGHTF3/serial_uart.o (symbol from plugin)
 .text          0x00000000        0x0 obj/ALIENFLIGHTF3/serial_uart_stm32f30x.o (symbol from plugin)
 .text          0x00000000        0x0 obj/ALIENFLIGHTF3/system_stm32f30x.o (symbol from plugin)
 .text          0x00000000        0x0 obj/ALIENFLIGHTF3/timer.o (symbol from plugin)
 .text          0x00000000        0x0 obj/ALIENFLIGHTF3/timer_stm32f30x.o (symbol from plugin)
 .text          0x00000000        0x0 obj/ALIENFLIGHTF3/serial_usb_vcp.o (symbol from plugin)
 .text          0x00000000        0x0 obj/ALIENFLIGHTF3/exti.o (symbol from plugin)
 .text          0x00000000        0x0 obj/ALIENFLIGHTF3/io.o (symbol from plugin)
 .text          0x00000000        0x0 obj/ALIENFLIGHTF3/dma.o (symbol from plugin)
 .text          0x00000000        0x0 obj/ALIENFLIGHTF3/serial.o (symbol from plugin)
 .text          0x00000000        0x0 obj/ALIENFLIGHTF3/system.o (symbol from plugin)
 .text          0x00000000        0x0 obj/ALIENFLIGHTF3/stm32f30x_gpio.o (symbol from plugin)
 .text          0x00000000        0x0 obj/ALIENFLIGHTF3/stm32f30x_rcc.o (symbol from plugin)
 .text          0x00000000        0x0 obj/ALIENFLIGHTF3/stm32f30x_adc.o (symbol from plugin)
 .text          0x00000000        0x0 obj/ALIENFLIGHTF3/stm32f30x_comp.o (symbol from plugin)
 .text          0x00000000        0x0 obj/ALIENFLIGHTF3/stm32f30x_dac.o (symbol from plugin)
 .text          0x00000000        0x0 obj/ALIENFLIGHTF3/stm32f30x_dbgmcu.o (symbol from plugin)
 .text          0x00000000        0x0 obj/ALIENFLIGHTF3/stm32f30x_dma.o (symbol from plugin)
 .text          0x00000000        0x0 obj/ALIENFLIGHTF3/stm32f30x_exti.o (symbol from plugin)
 .text          0x00000000        0x0 obj/ALIENFLIGHTF3/stm32f30x_flash.o (symbol from plugin)
 .text          0x00000000        0x0 obj/ALIENFLIGHTF3/stm32f30x_hrtim.o (symbol from plugin)
 .text          0x00000000        0x0 obj/ALIENFLIGHTF3/stm32f30x_i2c.o (symbol from plugin)
 .text          0x00000000        0x0 obj/ALIENFLIGHTF3/stm32f30x_iwdg.o (symbol from plugin)
 .text          0x00000000        0x0 obj/ALIENFLIGHTF3/stm32f30x_misc.o (symbol from plugin)
 .text          0x00000000        0x0 obj/ALIENFLIGHTF3/stm32f30x_opamp.o (symbol from plugin)
[...]
Memory Configuration

Name             Origin             Length             Attributes
FLASH            0x08000000         0x0003f000         xr
FLASH_CONFIG     0x0803f000         0x00001000         r
RAM              0x20000000         0x0000a000         xrw
MEMORY_B1        0x60000000         0x00000000         xr
*default*        0x00000000         0xffffffff

Linker script and memory map

LOAD obj/ALIENFLIGHTF3/startup_stm32f30x_md_gcc.o
LOAD obj/ALIENFLIGHTF3/target/system_stm32f30x.o
LOAD /tmp/ccJXnJ2G.ltrans0.ltrans.o
LOAD /tmp/ccJXnJ2G.ltrans1.ltrans.o
LOAD /tmp/ccJXnJ2G.ltrans2.ltrans.o
LOAD /tmp/ccJXnJ2G.ltrans3.ltrans.o
LOAD /tmp/ccJXnJ2G.ltrans4.ltrans.o
LOAD obj/ALIENFLIGHTF3/gpio_stm32f30x.o
LOAD obj/ALIENFLIGHTF3/light_led_stm32f30x.o
LOAD obj/ALIENFLIGHTF3/serial_uart.o
LOAD obj/ALIENFLIGHTF3/serial_uart_stm32f30x.o
LOAD obj/ALIENFLIGHTF3/system_stm32f30x.o
LOAD obj/ALIENFLIGHTF3/timer.o
LOAD obj/ALIENFLIGHTF3/timer_stm32f30x.o
LOAD obj/ALIENFLIGHTF3/serial_usb_vcp.o
LOAD obj/ALIENFLIGHTF3/exti.o
LOAD obj/ALIENFLIGHTF3/io.o
LOAD obj/ALIENFLIGHTF3/dma.o
LOAD obj/ALIENFLIGHTF3/serial.o
LOAD obj/ALIENFLIGHTF3/system.o
LOAD obj/ALIENFLIGHTF3/stm32f30x_gpio.o
LOAD obj/ALIENFLIGHTF3/stm32f30x_rcc.o
LOAD obj/ALIENFLIGHTF3/stm32f30x_adc.o
LOAD obj/ALIENFLIGHTF3/stm32f30x_comp.o
LOAD obj/ALIENFLIGHTF3/stm32f30x_dac.o
LOAD obj/ALIENFLIGHTF3/stm32f30x_dbgmcu.o
LOAD obj/ALIENFLIGHTF3/stm32f30x_dma.o
LOAD obj/ALIENFLIGHTF3/stm32f30x_exti.o
LOAD obj/ALIENFLIGHTF3/stm32f30x_flash.o
LOAD obj/ALIENFLIGHTF3/stm32f30x_hrtim.o
LOAD obj/ALIENFLIGHTF3/stm32f30x_i2c.o
LOAD obj/ALIENFLIGHTF3/stm32f30x_iwdg.o
LOAD obj/ALIENFLIGHTF3/stm32f30x_misc.o
LOAD obj/ALIENFLIGHTF3/stm32f30x_opamp.o
LOAD obj/ALIENFLIGHTF3/stm32f30x_pwr.o
LOAD obj/ALIENFLIGHTF3/stm32f30x_rtc.o
LOAD obj/ALIENFLIGHTF3/stm32f30x_spi.o
LOAD obj/ALIENFLIGHTF3/stm32f30x_syscfg.o
LOAD obj/ALIENFLIGHTF3/stm32f30x_tim.o
LOAD obj/ALIENFLIGHTF3/stm32f30x_usart.o
LOAD obj/ALIENFLIGHTF3/stm32f30x_wwdg.o
LOAD obj/ALIENFLIGHTF3/usb_core.o
LOAD obj/ALIENFLIGHTF3/usb_init.o
LOAD obj/ALIENFLIGHTF3/usb_int.o
LOAD obj/ALIENFLIGHTF3/usb_mem.o
LOAD obj/ALIENFLIGHTF3/usb_regs.o
LOAD obj/ALIENFLIGHTF3/usb_sil.o
LOAD obj/ALIENFLIGHTF3/vcp/hw_config.o
LOAD obj/ALIENFLIGHTF3/vcp/stm32_it.o
LOAD obj/ALIENFLIGHTF3/vcp/usb_desc.o
LOAD obj/ALIENFLIGHTF3/vcp/usb_endp.o
LOAD obj/ALIENFLIGHTF3/vcp/usb_istr.o
LOAD obj/ALIENFLIGHTF3/vcp/usb_prop.o
LOAD obj/ALIENFLIGHTF3/vcp/usb_pwr.o
LOAD obj/ALIENFLIGHTF3/usb_io.o
LOAD obj/ALIENFLIGHTF3/Blink.o
LOAD obj/ALIENFLIGHTF3/Arduino.o
LOAD /usr/local/gcc-arm-none-eabi-5_4-2016q3/bin/../lib/gcc/arm-none-eabi/5.4.1/../../../../arm-none-eabi/lib/armv7e-m/fpu/libm.a
LOAD /usr/local/gcc-arm-none-eabi-5_4-2016q3/bin/../lib/gcc/arm-none-eabi/5.4.1/../../../../arm-none-eabi/lib/armv7e-m/fpu/libc_nano.a
LOAD /usr/local/gcc-arm-none-eabi-5_4-2016q3/bin/../lib/gcc/arm-none-eabi/5.4.1/../../../../arm-none-eabi/lib/armv7e-m/fpu/libnosys.a
START GROUP
LOAD /usr/local/gcc-arm-none-eabi-5_4-2016q3/bin/../lib/gcc/arm-none-eabi/5.4.1/armv7e-m/fpu/libgcc.a
LOAD /usr/local/gcc-arm-none-eabi-5_4-2016q3/bin/../lib/gcc/arm-none-eabi/5.4.1/../../../../arm-none-eabi/lib/armv7e-m/fpu/libg_nano.a
LOAD /usr/local/gcc-arm-none-eabi-5_4-2016q3/bin/../lib/gcc/arm-none-eabi/5.4.1/../../../../arm-none-eabi/lib/armv7e-m/fpu/libc_nano.a
END GROUP
START GROUP
LOAD /usr/local/gcc-arm-none-eabi-5_4-2016q3/bin/../lib/gcc/arm-none-eabi/5.4.1/armv7e-m/fpu/libgcc.a
LOAD /usr/local/gcc-arm-none-eabi-5_4-2016q3/bin/../lib/gcc/arm-none-eabi/5.4.1/../../../../arm-none-eabi/lib/armv7e-m/fpu/libc_nano.a
END GROUP
                0x2000a000                _estack = (ORIGIN (RAM) + LENGTH (RAM))
                0x0803f000                __config_start = (ORIGIN (FLASH) + LENGTH (FLASH))
                0x08040000                __config_end = (ORIGIN (FLASH_CONFIG) + LENGTH (FLASH_CONFIG))
                0x00000000                _Min_Heap_Size = 0x0
                0x00000400                _Min_Stack_Size = 0x400

.isr_vector     0x08000000      0x188
                0x08000000                . = ALIGN (0x4)
                [!provide]                PROVIDE (isr_vector_table_base, .)
 *(.isr_vector)
 .isr_vector    0x08000000      0x188 obj/ALIENFLIGHTF3/startup_stm32f30x_md_gcc.o
                0x08000000                g_pfnVectors
                0x08000188                . = ALIGN (0x4)

.text           0x08000188     0x1db8
                0x08000188                . = ALIGN (0x4)
 *(.text)
 .text          0x08000188      0x864 /tmp/ccJXnJ2G.ltrans0.ltrans.o
                0x08000188                Standard_GetStatus
                0x0800021c                Standard_GetInterface
                0x08000240                Standard_GetConfiguration
                0x080002b2                usbTxBytesFree
                0x080002b6                usbVcpBeginWrite.lto_priv.33
                0x080002be                usbVcpAvailable.lto_priv.27
                0x080002c8                isUsbVcpTransmitBufferEmpty.lto_priv.30
                0x080002cc                usbVcpSetMode.lto_priv.31
                0x080002ce                usbVcpSetBaudRate.lto_priv.29
                0x0800033e                usbVcpRead.lto_priv.28
                0x080004f0                usbVcpEndWrite.lto_priv.34
                0x080004f8                usbVcpWrite.lto_priv.26
                0x08000518                usbVcpWriteBuf.lto_priv.32
                0x0800056c                Post0_Process
                0x080005ac                DataStageIn.lto_priv.36
                0x08000684                Standard_ClearFeature
                0x080007a4                GPIO_Init
                0x0800082e                delay
                0x0800084c                SysTick_Handler
                0x0800085c                DMA2_Channel5_IRQHandler
                0x08000864                DMA2_Channel4_IRQHandler
                0x0800086c                DMA2_Channel3_IRQHandler
                0x08000874                DMA2_Channel2_IRQHandler
                0x0800087c                DMA2_Channel1_IRQHandler
                0x08000884                DMA1_Channel7_IRQHandler
                0x0800088c                DMA1_Channel6_IRQHandler
                0x08000894                DMA1_Channel5_IRQHandler
                0x0800089c                DMA1_Channel4_IRQHandler
                0x080008a4                DMA1_Channel3_IRQHandler
                0x080008ac                DMA1_Channel2_IRQHandler
                0x080008b4                DMA1_Channel1_IRQHandler
                0x080008bc                EXTI15_10_IRQHandler
                0x080008be                EXTI0_IRQHandler
                0x080008c0                EXTI9_5_IRQHandler
                0x080008c2                EXTI4_IRQHandler
                0x080008c4                EXTI3_IRQHandler
                0x080008c6                EXTI2_TS_IRQHandler
                0x080008c8                EXTI1_IRQHandler
                0x080008ca                TIM1_TRG_COM_TIM17_IRQHandler
                0x080008d8                TIM1_BRK_TIM15_IRQHandler
                0x080008e8                TIM3_IRQHandler
                0x080008f8                TIM2_IRQHandler
                0x08000904                TIM1_CC_IRQHandler
                0x08000914                TIM1_UP_TIM16_IRQHandler
                0x08000918                USART3_IRQHandler
                0x08000920                USART2_IRQHandler
                0x08000928                USART1_IRQHandler
                0x08000930                gpioInit
                0x08000984                SystemInit
 .text          0x080009ec      0x8c0 /tmp/ccJXnJ2G.ltrans1.ltrans.o
                0x080009ec                dmaInit
                0x080009ec                NOP_Process
                0x080009ee                PendSV_Handler
                0x080009f0                DebugMon_Handler
                0x080009f2                SVC_Handler
                0x080009f4                UsageFault_Handler
                0x080009f6                BusFault_Handler
                0x080009f8                MemManage_Handler
                0x080009fa                NMI_Handler
                0x080009fc                IntToUnicode.lto_priv.35
                0x08000a24                SetEPRxCount
                0x08000a68                SetEPTxCount
                0x08000a88                CDC_Send_DATA.part.0
                0x08000ae8                SetDeviceAddress
                0x08000b20                USB_LP_CAN1_RX0_IRQHandler
 .text          0x080012ac       0x50 /tmp/ccJXnJ2G.ltrans2.ltrans.o
                0x080012ac                Virtual_Com_Port_SetLineCoding
                0x080012c4                Resume_Init
 .text          0x080012fc      0x3f4 /tmp/ccJXnJ2G.ltrans3.ltrans.o
                0x080012fc                Virtual_Com_Port_Get_Interface_Setting
                0x0800130c                Virtual_Com_Port_GetStringDescriptor
                0x08001340                Virtual_Com_Port_GetConfigDescriptor
                0x08001360                Virtual_Com_Port_GetDeviceDescriptor
                0x08001380                Virtual_Com_Port_NoData_Setup
                0x080013a4                Virtual_Com_Port_Data_Setup
                0x08001404                Virtual_Com_Port_Status_Out
                0x08001406                Virtual_Com_Port_Status_In
                0x08001418                Virtual_Com_Port_SetDeviceAddress
                0x08001424                Virtual_Com_Port_SetConfiguration
                0x0800143c                EP3_OUT_Callback
                0x08001488                EP1_IN_Callback
                0x08001494                Virtual_Com_Port_Reset
                0x08001664                Virtual_Com_Port_init
                0x080016e0                USBWakeUp_IRQHandler
 .text          0x080016f0       0x44 /tmp/ccJXnJ2G.ltrans4.ltrans.o
                0x080016f0                NVIC_Init.part.0.constprop.18
                0x08001730                HardFault_Handler
 *(.text*)
 .text.Reset_Handler
                0x08001734       0x68 obj/ALIENFLIGHTF3/startup_stm32f30x_md_gcc.o
                0x08001734                Reset_Handler
 .text.Default_Handler
                0x0800179c        0x2 obj/ALIENFLIGHTF3/startup_stm32f30x_md_gcc.o
                0x0800179c                RTC_Alarm_IRQHandler
                0x0800179c                TIM8_TRG_COM_IRQHandler
                0x0800179c                TIM8_CC_IRQHandler
                0x0800179c                USB_HP_IRQHandler
                0x0800179c                PVD_IRQHandler
                0x0800179c                I2C2_EV_IRQHandler
                0x0800179c                FPU_IRQHandler
                0x0800179c                ADC1_2_IRQHandler
                0x0800179c                SPI1_IRQHandler
                0x0800179c                TIM6_DAC_IRQHandler
                0x0800179c                TIM8_UP_IRQHandler
                0x0800179c                CAN1_RX1_IRQHandler
                0x0800179c                UART5_IRQHandler
                0x0800179c                ADC3_IRQHandler
                0x0800179c                TIM4_IRQHandler
                0x0800179c                I2C1_EV_IRQHandler
                0x0800179c                UART4_IRQHandler
                0x0800179c                RCC_IRQHandler
                0x0800179c                Default_Handler
                0x0800179c                USBWakeUp_RMP_IRQHandler
                0x0800179c                TIM7_IRQHandler
                0x0800179c                TAMPER_STAMP_IRQHandler
                0x0800179c                RTC_WKUP_IRQHandler
                0x0800179c                SPI2_IRQHandler
                0x0800179c                USB_LP_IRQHandler
                0x0800179c                USB_HP_CAN1_TX_IRQHandler
                0x0800179c                ADC4_IRQHandler
                0x0800179c                WWDG_IRQHandler
                0x0800179c                COMP7_IRQHandler
                0x0800179c                COMP1_2_3_IRQHandler
                0x0800179c                COMP4_5_6_IRQHandler
                0x0800179c                I2C2_ER_IRQHandler
                0x0800179c                TIM8_BRK_IRQHandler
                0x0800179c                CAN1_SCE_IRQHandler
                0x0800179c                FLASH_IRQHandler
                0x0800179c                SPI3_IRQHandler
                0x0800179c                I2C1_ER_IRQHandler
 *fill*         0x0800179e        0x2 
 .text.startup  0x080017a0      0x5bc /tmp/ccJXnJ2G.ltrans2.ltrans.o
                0x080017a0                main
 .text.memset   0x08001d5c       0x10 /usr/local/gcc-arm-none-eabi-5_4-2016q3/bin/../lib/gcc/arm-none-eabi/5.4.1/../../../../arm-none-eabi/lib/armv7e-m/fpu/libc_nano.a(lib_a-memset.o)
                0x08001d5c                memset
 *(.rodata)
 .rodata        0x08001d6c       0x3a /tmp/ccJXnJ2G.ltrans1.ltrans.o
                0x08001da4                Device_Table
 *fill*         0x08001da6        0x2 
 .rodata        0x08001da8       0xe4 /tmp/ccJXnJ2G.ltrans2.ltrans.o
 .rodata        0x08001e8c       0xb1 /tmp/ccJXnJ2G.ltrans3.ltrans.o
 *(.rodata*)
 *(.glue_7)
 .glue_7        0x08001f3d        0x0 linker stubs
 *(.glue_7t)
 .glue_7t       0x08001f3d        0x0 linker stubs
 *(.eh_frame)
 *(.init)
 *(.fini)
                0x08001f40                . = ALIGN (0x4)
 *fill*         0x08001f3d        0x3 
                0x08001f40                _etext = .

.vfp11_veneer   0x08001f40        0x0
 .vfp11_veneer  0x08001f40        0x0 linker stubs

.v4_bx          0x08001f40        0x0
 .v4_bx         0x08001f40        0x0 linker stubs

.iplt           0x08001f40        0x0
 .iplt          0x08001f40        0x0 obj/ALIENFLIGHTF3/startup_stm32f30x_md_gcc.o

.ARM.extab
 *(.ARM.extab* .gnu.linkonce.armextab.*)

.ARM            0x08001f40        0x8
                0x08001f40                __exidx_start = .
 *(.ARM.exidx*)
 .ARM.exidx.text.startup
                0x08001f48        0x0 /tmp/ccJXnJ2G.ltrans2.ltrans.o
                                  0x8 (size before relaxing)
 .ARM.exidx     0x08001f40        0x8 /tmp/ccJXnJ2G.ltrans4.ltrans.o
                0x08001f48                __exidx_end = .

.rel.dyn        0x08001f48        0x0
 .rel.iplt      0x08001f48        0x0 obj/ALIENFLIGHTF3/startup_stm32f30x_md_gcc.o

.preinit_array  0x08001f48        0x0
                [!provide]                PROVIDE (__preinit_array_start, .)
 *(.preinit_array*)
                [!provide]                PROVIDE (__preinit_array_end, .)

.init_array     0x08001f48        0x0
                [!provide]                PROVIDE (__init_array_start, .)
 *(SORT(.init_array.*))
 *(.init_array*)
                [!provide]                PROVIDE (__init_array_end, .)

.fini_array     0x08001f48        0x0
                [!provide]                PROVIDE (__fini_array_start, .)
 *(.fini_array*)
 *(SORT(.fini_array.*))
                [!provide]                PROVIDE (__fini_array_end, .)

.pg_registry    0x08001f48        0x0
                [!provide]                PROVIDE (__pg_registry_start, .)
 *(.pg_registry)
 *(SORT(.pg_registry.*))
                [!provide]                PROVIDE (__pg_registry_end, .)

.pg_resetdata   0x08001f48        0x0
                [!provide]                PROVIDE (__pg_resetdata_start, .)
 *(.pg_resetdata)
                [!provide]                PROVIDE (__pg_resetdata_end, .)
                0x08001f48                _sidata = .

.data           0x20000000      0x1dc load address 0x08001f48
                0x20000000                . = ALIGN (0x4)
                0x20000000                _sdata = .
 *(.data)
 .data          0x20000000      0x101 /tmp/ccJXnJ2G.ltrans0.ltrans.o
 *fill*         0x20000101        0x3 
 .data          0x20000104       0x8c /tmp/ccJXnJ2G.ltrans2.ltrans.o
                0x2000013c                Device_Property
 .data          0x20000190       0x4a /tmp/ccJXnJ2G.ltrans3.ltrans.o
 *(.data*)
                0x200001dc                . = ALIGN (0x4)
 *fill*         0x200001da        0x2 
                0x200001dc                _edata = .

.igot.plt       0x200001dc        0x0 load address 0x08002124
 .igot.plt      0x200001dc        0x0 obj/ALIENFLIGHTF3/startup_stm32f30x_md_gcc.o
                0x200001dc                . = ALIGN (0x4)

.bss            0x200001dc      0xaac load address 0x08002124
                0x200001dc                _sbss = .
                0x200001dc                __bss_start__ = _sbss
 *(.bss)
 .bss           0x200001dc      0x758 /tmp/ccJXnJ2G.ltrans0.ltrans.o
 .bss           0x20000934       0x10 /tmp/ccJXnJ2G.ltrans1.ltrans.o
                0x20000938                SaveRState
                0x2000093a                SaveTState
                0x2000093c                Data_Mul_MaxPacketSize
 .bss           0x20000944      0x2f4 /tmp/ccJXnJ2G.ltrans2.ltrans.o
                0x20000944                pInformation
                0x20000ae8                usTicks.lto_priv.38
                0x20000aec                timerConfig
                0x20000bbc                Device_Info
                0x20000bd8                pProperty
                0x20000bdc                pUser_Standard_Requests
                0x20000c2c                sysTickUptime.lto_priv.37
                0x20000c34                bDeviceState
 .bss           0x20000c38       0x4e /tmp/ccJXnJ2G.ltrans3.ltrans.o
                0x20000c3c                receiveLength
                0x20000c40                receiveBuffer
                0x20000c80                packetSent
                0x20000c84                wInterrupt_Mask
 *(SORT(.bss*))
 *(COMMON)
                0x20000c88                . = ALIGN (0x4)
 *fill*         0x20000c86        0x2 
                0x20000c88                _ebss = .
                0x20000c88                __bss_end__ = _ebss

._user_heap_stack
                0x20000c88      0x400 load address 0x08002124
                0x20000c88                . = ALIGN (0x4)
                [!provide]                PROVIDE (end, .)
                [!provide]                PROVIDE (_end, .)
                0x20000c88                . = (. + _Min_Heap_Size)
                0x20001088                . = (. + _Min_Stack_Size)
 *fill*         0x20000c88      0x400 
                0x20001088                . = ALIGN (0x4)

.memory_b1_text
 *(.mb1text)
 *(.mb1text*)
 *(.mb1rodata)
 *(.mb1rodata*)

/DISCARD/
 libc.a(*)
 libm.a(*)
 libgcc.a(*)

.ARM.attributes
                0x00000000       0x35
 *(.ARM.attributes)
 .ARM.attributes
                0x00000000       0x21 obj/ALIENFLIGHTF3/startup_stm32f30x_md_gcc.o
 .ARM.attributes
                0x00000021       0x37 /tmp/ccJXnJ2G.ltrans0.ltrans.o
 .ARM.attributes
                0x00000058       0x37 /tmp/ccJXnJ2G.ltrans1.ltrans.o
 .ARM.attributes
                0x0000008f       0x37 /tmp/ccJXnJ2G.ltrans2.ltrans.o
 .ARM.attributes
                0x000000c6       0x37 /tmp/ccJXnJ2G.ltrans3.ltrans.o
 .ARM.attributes
                0x000000fd       0x37 /tmp/ccJXnJ2G.ltrans4.ltrans.o
 .ARM.attributes
                0x00000134       0x34 /usr/local/gcc-arm-none-eabi-5_4-2016q3/bin/../lib/gcc/arm-none-eabi/5.4.1/../../../../arm-none-eabi/lib/armv7e-m/fpu/libc_nano.a(lib_a-memset.o)
OUTPUT(obj/ALIENFLIGHTF3.elf elf32-littlearm)

.debug_info     0x00000000     0x6358
 .debug_info    0x00000000     0x2285 /tmp/ccJXnJ2G.ltrans0.ltrans.o
 .debug_info    0x00002285      0xcc6 /tmp/ccJXnJ2G.ltrans1.ltrans.o
 .debug_info    0x00002f4b     0x2551 /tmp/ccJXnJ2G.ltrans2.ltrans.o
 .debug_info    0x0000549c      0xd69 /tmp/ccJXnJ2G.ltrans3.ltrans.o
 .debug_info    0x00006205      0x153 /tmp/ccJXnJ2G.ltrans4.ltrans.o

.debug_abbrev   0x00000000     0x124e
 .debug_abbrev  0x00000000      0x5c8 /tmp/ccJXnJ2G.ltrans0.ltrans.o
 .debug_abbrev  0x000005c8      0x42d /tmp/ccJXnJ2G.ltrans1.ltrans.o
 .debug_abbrev  0x000009f5      0x463 /tmp/ccJXnJ2G.ltrans2.ltrans.o
 .debug_abbrev  0x00000e58      0x311 /tmp/ccJXnJ2G.ltrans3.ltrans.o
 .debug_abbrev  0x00001169       0xe5 /tmp/ccJXnJ2G.ltrans4.ltrans.o

.debug_loc      0x00000000     0x232b
 .debug_loc     0x00000000      0xb8d /tmp/ccJXnJ2G.ltrans0.ltrans.o
 .debug_loc     0x00000b8d      0x7a7 /tmp/ccJXnJ2G.ltrans1.ltrans.o
 .debug_loc     0x00001334      0x7b4 /tmp/ccJXnJ2G.ltrans2.ltrans.o
 .debug_loc     0x00001ae8      0x7ca /tmp/ccJXnJ2G.ltrans3.ltrans.o
 .debug_loc     0x000022b2       0x79 /tmp/ccJXnJ2G.ltrans4.ltrans.o

.debug_aranges  0x00000000       0xa8
 .debug_aranges
                0x00000000       0x20 /tmp/ccJXnJ2G.ltrans0.ltrans.o
 .debug_aranges
                0x00000020       0x20 /tmp/ccJXnJ2G.ltrans1.ltrans.o
 .debug_aranges
                0x00000040       0x28 /tmp/ccJXnJ2G.ltrans2.ltrans.o
 .debug_aranges
                0x00000068       0x20 /tmp/ccJXnJ2G.ltrans3.ltrans.o
 .debug_aranges
                0x00000088       0x20 /tmp/ccJXnJ2G.ltrans4.ltrans.o

.debug_ranges   0x00000000      0x6b8
 .debug_ranges  0x00000000      0x150 /tmp/ccJXnJ2G.ltrans0.ltrans.o
 .debug_ranges  0x00000150      0x230 /tmp/ccJXnJ2G.ltrans1.ltrans.o
 .debug_ranges  0x00000380      0x288 /tmp/ccJXnJ2G.ltrans2.ltrans.o
 .debug_ranges  0x00000608       0xb0 /tmp/ccJXnJ2G.ltrans3.ltrans.o

.debug_line     0x00000000     0x1a14
 .debug_line    0x00000000      0x6f0 /tmp/ccJXnJ2G.ltrans0.ltrans.o
 .debug_line    0x000006f0      0x4b6 /tmp/ccJXnJ2G.ltrans1.ltrans.o
 .debug_line    0x00000ba6      0x7d0 /tmp/ccJXnJ2G.ltrans2.ltrans.o
 .debug_line    0x00001376      0x46f /tmp/ccJXnJ2G.ltrans3.ltrans.o
 .debug_line    0x000017e5      0x22f /tmp/ccJXnJ2G.ltrans4.ltrans.o

.debug_str      0x00000000     0x2a12
 .debug_str     0x00000000     0x15e0 /tmp/ccJXnJ2G.ltrans0.ltrans.o
                               0x167a (size before relaxing)
 .debug_str     0x000015e0      0x35e /tmp/ccJXnJ2G.ltrans1.ltrans.o
                                0x712 (size before relaxing)
 .debug_str     0x0000193e      0xcb3 /tmp/ccJXnJ2G.ltrans2.ltrans.o
                               0x1685 (size before relaxing)
 .debug_str     0x000025f1      0x3e0 /tmp/ccJXnJ2G.ltrans3.ltrans.o
                                0x835 (size before relaxing)
 .debug_str     0x000029d1       0x41 /tmp/ccJXnJ2G.ltrans4.ltrans.o
                                0x2b9 (size before relaxing)

.comment        0x00000000       0x6e
 .comment       0x00000000       0x6e /tmp/ccJXnJ2G.ltrans0.ltrans.o
                                 0x6f (size before relaxing)
 .comment       0x0000006e       0x6f /tmp/ccJXnJ2G.ltrans1.ltrans.o
 .comment       0x0000006e       0x6f /tmp/ccJXnJ2G.ltrans2.ltrans.o
 .comment       0x0000006e       0x6f /tmp/ccJXnJ2G.ltrans3.ltrans.o
 .comment       0x0000006e       0x6f /tmp/ccJXnJ2G.ltrans4.ltrans.o

.debug_frame    0x00000000      0x760
 .debug_frame   0x00000000      0x450 /tmp/ccJXnJ2G.ltrans0.ltrans.o
 .debug_frame   0x00000450      0x128 /tmp/ccJXnJ2G.ltrans1.ltrans.o
 .debug_frame   0x00000578       0x54 /tmp/ccJXnJ2G.ltrans2.ltrans.o
 .debug_frame   0x000005cc      0x144 /tmp/ccJXnJ2G.ltrans3.ltrans.o
 .debug_frame   0x00000710       0x30 /tmp/ccJXnJ2G.ltrans4.ltrans.o
 .debug_frame   0x00000740       0x20 /usr/local/gcc-arm-none-eabi-5_4-2016q3/bin/../lib/gcc/arm-none-eabi/5.4.1/../../../../arm-none-eabi/lib/armv7e-m/fpu/libc_nano.a(lib_a-memset.o)

Cross Reference Table

Symbol                                            File
ADC1_2_IRQHandler                                 obj/ALIENFLIGHTF3/startup_stm32f30x_md_gcc.o
ADC3_IRQHandler                                   obj/ALIENFLIGHTF3/startup_stm32f30x_md_gcc.o
ADC4_IRQHandler                                   obj/ALIENFLIGHTF3/startup_stm32f30x_md_gcc.o
ADC_AnalogWatchdog1SingleChannelConfig            obj/ALIENFLIGHTF3/stm32f30x_adc.o (symbol from plugin)
ADC_AnalogWatchdog1ThresholdsConfig               obj/ALIENFLIGHTF3/stm32f30x_adc.o (symbol from plugin)
ADC_AnalogWatchdog2SingleChannelConfig            obj/ALIENFLIGHTF3/stm32f30x_adc.o (symbol from plugin)
ADC_AnalogWatchdog2ThresholdsConfig               obj/ALIENFLIGHTF3/stm32f30x_adc.o (symbol from plugin)
ADC_AnalogWatchdog3SingleChannelConfig            obj/ALIENFLIGHTF3/stm32f30x_adc.o (symbol from plugin)
ADC_AnalogWatchdog3ThresholdsConfig               obj/ALIENFLIGHTF3/stm32f30x_adc.o (symbol from plugin)
ADC_AnalogWatchdogCmd                             obj/ALIENFLIGHTF3/stm32f30x_adc.o (symbol from plugin)
ADC_AutoDelayCmd                                  obj/ALIENFLIGHTF3/stm32f30x_adc.o (symbol from plugin)
ADC_AutoInjectedConvCmd                           obj/ALIENFLIGHTF3/stm32f30x_adc.o (symbol from plugin)
ADC_ChannelOffset1Cmd                             obj/ALIENFLIGHTF3/stm32f30x_adc.o (symbol from plugin)
ADC_ChannelOffset2Cmd                             obj/ALIENFLIGHTF3/stm32f30x_adc.o (symbol from plugin)
ADC_ChannelOffset3Cmd                             obj/ALIENFLIGHTF3/stm32f30x_adc.o (symbol from plugin)
ADC_ChannelOffset4Cmd                             obj/ALIENFLIGHTF3/stm32f30x_adc.o (symbol from plugin)
ADC_ClearCommonFlag                               obj/ALIENFLIGHTF3/stm32f30x_adc.o (symbol from plugin)
ADC_ClearFlag                                     obj/ALIENFLIGHTF3/stm32f30x_adc.o (symbol from plugin)
ADC_ClearITPendingBit                             obj/ALIENFLIGHTF3/stm32f30x_adc.o (symbol from plugin)
ADC_Cmd                                           obj/ALIENFLIGHTF3/stm32f30x_adc.o (symbol from plugin)
ADC_CommonInit                                    obj/ALIENFLIGHTF3/stm32f30x_adc.o (symbol from plugin)
ADC_CommonStructInit                              obj/ALIENFLIGHTF3/stm32f30x_adc.o (symbol from plugin)
ADC_DMACmd                                        obj/ALIENFLIGHTF3/stm32f30x_adc.o (symbol from plugin)
ADC_DMAConfig                                     obj/ALIENFLIGHTF3/stm32f30x_adc.o (symbol from plugin)
ADC_DeInit                                        obj/ALIENFLIGHTF3/stm32f30x_adc.o (symbol from plugin)
ADC_DisableCmd                                    obj/ALIENFLIGHTF3/stm32f30x_adc.o (symbol from plugin)
ADC_DiscModeChannelCountConfig                    obj/ALIENFLIGHTF3/stm32f30x_adc.o (symbol from plugin)
ADC_DiscModeCmd                                   obj/ALIENFLIGHTF3/stm32f30x_adc.o (symbol from plugin)
ADC_ExternalTriggerConfig                         obj/ALIENFLIGHTF3/stm32f30x_adc.o (symbol from plugin)
ADC_GetCalibrationStatus                          obj/ALIENFLIGHTF3/stm32f30x_adc.o (symbol from plugin)
ADC_GetCalibrationValue                           obj/ALIENFLIGHTF3/stm32f30x_adc.o (symbol from plugin)
ADC_GetCommonFlagStatus                           obj/ALIENFLIGHTF3/stm32f30x_adc.o (symbol from plugin)
ADC_GetConversionValue                            obj/ALIENFLIGHTF3/stm32f30x_adc.o (symbol from plugin)
ADC_GetDisableCmdStatus                           obj/ALIENFLIGHTF3/stm32f30x_adc.o (symbol from plugin)
ADC_GetDualModeConversionValue                    obj/ALIENFLIGHTF3/stm32f30x_adc.o (symbol from plugin)
ADC_GetFlagStatus                                 obj/ALIENFLIGHTF3/stm32f30x_adc.o (symbol from plugin)
ADC_GetITStatus                                   obj/ALIENFLIGHTF3/stm32f30x_adc.o (symbol from plugin)
ADC_GetInjectedConversionValue                    obj/ALIENFLIGHTF3/stm32f30x_adc.o (symbol from plugin)
ADC_GetStartConversionStatus                      obj/ALIENFLIGHTF3/stm32f30x_adc.o (symbol from plugin)
ADC_GetStartInjectedConversionStatus              obj/ALIENFLIGHTF3/stm32f30x_adc.o (symbol from plugin)
ADC_ITConfig                                      obj/ALIENFLIGHTF3/stm32f30x_adc.o (symbol from plugin)
ADC_Init                                          obj/ALIENFLIGHTF3/stm32f30x_adc.o (symbol from plugin)
ADC_InjectedChannelSampleTimeConfig               obj/ALIENFLIGHTF3/stm32f30x_adc.o (symbol from plugin)
ADC_InjectedDiscModeCmd                           obj/ALIENFLIGHTF3/stm32f30x_adc.o (symbol from plugin)
ADC_InjectedInit                                  obj/ALIENFLIGHTF3/stm32f30x_adc.o (symbol from plugin)
ADC_InjectedStructInit                            obj/ALIENFLIGHTF3/stm32f30x_adc.o (symbol from plugin)
ADC_RegularChannelConfig                          obj/ALIENFLIGHTF3/stm32f30x_adc.o (symbol from plugin)
ADC_RegularChannelSequencerLengthConfig           obj/ALIENFLIGHTF3/stm32f30x_adc.o (symbol from plugin)
ADC_SelectCalibrationMode                         obj/ALIENFLIGHTF3/stm32f30x_adc.o (symbol from plugin)
ADC_SelectDifferentialMode                        obj/ALIENFLIGHTF3/stm32f30x_adc.o (symbol from plugin)
ADC_SelectQueueOfContextMode                      obj/ALIENFLIGHTF3/stm32f30x_adc.o (symbol from plugin)
ADC_SetCalibrationValue                           obj/ALIENFLIGHTF3/stm32f30x_adc.o (symbol from plugin)
ADC_SetChannelOffset1                             obj/ALIENFLIGHTF3/stm32f30x_adc.o (symbol from plugin)
ADC_SetChannelOffset2                             obj/ALIENFLIGHTF3/stm32f30x_adc.o (symbol from plugin)
ADC_SetChannelOffset3                             obj/ALIENFLIGHTF3/stm32f30x_adc.o (symbol from plugin)
ADC_SetChannelOffset4                             obj/ALIENFLIGHTF3/stm32f30x_adc.o (symbol from plugin)
ADC_StartCalibration                              obj/ALIENFLIGHTF3/stm32f30x_adc.o (symbol from plugin)
ADC_StartConversion                               obj/ALIENFLIGHTF3/stm32f30x_adc.o (symbol from plugin)
ADC_StartInjectedConversion                       obj/ALIENFLIGHTF3/stm32f30x_adc.o (symbol from plugin)
ADC_StopConversion                                obj/ALIENFLIGHTF3/stm32f30x_adc.o (symbol from plugin)
ADC_StopInjectedConversion                        obj/ALIENFLIGHTF3/stm32f30x_adc.o (symbol from plugin)
ADC_StructInit                                    obj/ALIENFLIGHTF3/stm32f30x_adc.o (symbol from plugin)
ADC_TempSensorCmd                                 obj/ALIENFLIGHTF3/stm32f30x_adc.o (symbol from plugin)
ADC_VbatCmd                                       obj/ALIENFLIGHTF3/stm32f30x_adc.o (symbol from plugin)
ADC_VoltageRegulatorCmd                           obj/ALIENFLIGHTF3/stm32f30x_adc.o (symbol from plugin)
ADC_VrefintCmd                                    obj/ALIENFLIGHTF3/stm32f30x_adc.o (symbol from plugin)
AHBPrescTable                                     obj/ALIENFLIGHTF3/target/system_stm32f30x.o (symbol from plugin)
BusFault_Handler                                  /tmp/ccJXnJ2G.ltrans1.ltrans.o
                                                  obj/ALIENFLIGHTF3/vcp/stm32_it.o (symbol from plugin)
                                                  obj/ALIENFLIGHTF3/startup_stm32f30x_md_gcc.o
ByteSwap                                          obj/ALIENFLIGHTF3/usb_regs.o (symbol from plugin)
                                                  obj/ALIENFLIGHTF3/usb_core.o (symbol from plugin)
CAN1_RX1_IRQHandler                               obj/ALIENFLIGHTF3/startup_stm32f30x_md_gcc.o
CAN1_SCE_IRQHandler                               obj/ALIENFLIGHTF3/startup_stm32f30x_md_gcc.o
CDC_BaudRate                                      obj/ALIENFLIGHTF3/vcp/hw_config.o (symbol from plugin)
                                                  obj/ALIENFLIGHTF3/serial_usb_vcp.o (symbol from plugin)
CDC_Receive_DATA                                  obj/ALIENFLIGHTF3/vcp/hw_config.o (symbol from plugin)
                                                  obj/ALIENFLIGHTF3/serial_usb_vcp.o (symbol from plugin)
CDC_Send_DATA                                     obj/ALIENFLIGHTF3/vcp/hw_config.o (symbol from plugin)
                                                  obj/ALIENFLIGHTF3/serial_usb_vcp.o (symbol from plugin)
CDC_Send_DATA.part.0                              /tmp/ccJXnJ2G.ltrans1.ltrans.o
                                                  /tmp/ccJXnJ2G.ltrans0.ltrans.o
COMP1_2_3_IRQHandler                              obj/ALIENFLIGHTF3/startup_stm32f30x_md_gcc.o
COMP4_5_6_IRQHandler                              obj/ALIENFLIGHTF3/startup_stm32f30x_md_gcc.o
COMP7_IRQHandler                                  obj/ALIENFLIGHTF3/startup_stm32f30x_md_gcc.o
COMP_Cmd                                          obj/ALIENFLIGHTF3/stm32f30x_comp.o (symbol from plugin)
COMP_DeInit                                       obj/ALIENFLIGHTF3/stm32f30x_comp.o (symbol from plugin)
COMP_GetOutputLevel                               obj/ALIENFLIGHTF3/stm32f30x_comp.o (symbol from plugin)
COMP_Init                                         obj/ALIENFLIGHTF3/stm32f30x_comp.o (symbol from plugin)
COMP_LockConfig                                   obj/ALIENFLIGHTF3/stm32f30x_comp.o (symbol from plugin)
COMP_StructInit                                   obj/ALIENFLIGHTF3/stm32f30x_comp.o (symbol from plugin)
COMP_SwitchCmd                                    obj/ALIENFLIGHTF3/stm32f30x_comp.o (symbol from plugin)
COMP_WindowCmd                                    obj/ALIENFLIGHTF3/stm32f30x_comp.o (symbol from plugin)
CTR_HP                                            obj/ALIENFLIGHTF3/usb_int.o (symbol from plugin)
CTR_LP                                            obj/ALIENFLIGHTF3/usb_int.o (symbol from plugin)
                                                  obj/ALIENFLIGHTF3/vcp/usb_istr.o (symbol from plugin)
ClearDTOG_RX                                      obj/ALIENFLIGHTF3/usb_regs.o (symbol from plugin)
                                                  obj/ALIENFLIGHTF3/usb_core.o (symbol from plugin)
ClearDTOG_TX                                      obj/ALIENFLIGHTF3/usb_regs.o (symbol from plugin)
                                                  obj/ALIENFLIGHTF3/usb_core.o (symbol from plugin)
ClearEPDoubleBuff                                 obj/ALIENFLIGHTF3/usb_regs.o (symbol from plugin)
ClearEP_CTR_RX                                    obj/ALIENFLIGHTF3/usb_regs.o (symbol from plugin)
ClearEP_CTR_TX                                    obj/ALIENFLIGHTF3/usb_regs.o (symbol from plugin)
ClearEP_KIND                                      obj/ALIENFLIGHTF3/usb_regs.o (symbol from plugin)
Clear_Status_Out                                  obj/ALIENFLIGHTF3/usb_regs.o (symbol from plugin)
                                                  obj/ALIENFLIGHTF3/vcp/usb_prop.o (symbol from plugin)
Config_Descriptor                                 obj/ALIENFLIGHTF3/vcp/usb_prop.o (symbol from plugin)
DAC_ClearFlag                                     obj/ALIENFLIGHTF3/stm32f30x_dac.o (symbol from plugin)
DAC_ClearITPendingBit                             obj/ALIENFLIGHTF3/stm32f30x_dac.o (symbol from plugin)
DAC_Cmd                                           obj/ALIENFLIGHTF3/stm32f30x_dac.o (symbol from plugin)
DAC_DMACmd                                        obj/ALIENFLIGHTF3/stm32f30x_dac.o (symbol from plugin)
DAC_DeInit                                        obj/ALIENFLIGHTF3/stm32f30x_dac.o (symbol from plugin)
DAC_DualSoftwareTriggerCmd                        obj/ALIENFLIGHTF3/stm32f30x_dac.o (symbol from plugin)
DAC_GetDataOutputValue                            obj/ALIENFLIGHTF3/stm32f30x_dac.o (symbol from plugin)
DAC_GetFlagStatus                                 obj/ALIENFLIGHTF3/stm32f30x_dac.o (symbol from plugin)
DAC_GetITStatus                                   obj/ALIENFLIGHTF3/stm32f30x_dac.o (symbol from plugin)
DAC_ITConfig                                      obj/ALIENFLIGHTF3/stm32f30x_dac.o (symbol from plugin)
DAC_Init                                          obj/ALIENFLIGHTF3/stm32f30x_dac.o (symbol from plugin)
DAC_SetChannel1Data                               obj/ALIENFLIGHTF3/stm32f30x_dac.o (symbol from plugin)
DAC_SetChannel2Data                               obj/ALIENFLIGHTF3/stm32f30x_dac.o (symbol from plugin)
DAC_SetDualChannelData                            obj/ALIENFLIGHTF3/stm32f30x_dac.o (symbol from plugin)
DAC_SoftwareTriggerCmd                            obj/ALIENFLIGHTF3/stm32f30x_dac.o (symbol from plugin)
DAC_StructInit                                    obj/ALIENFLIGHTF3/stm32f30x_dac.o (symbol from plugin)
DAC_WaveGenerationCmd                             obj/ALIENFLIGHTF3/stm32f30x_dac.o (symbol from plugin)
DBGMCU_APB1PeriphConfig                           obj/ALIENFLIGHTF3/stm32f30x_dbgmcu.o (symbol from plugin)
DBGMCU_APB2PeriphConfig                           obj/ALIENFLIGHTF3/stm32f30x_dbgmcu.o (symbol from plugin)
DBGMCU_Config                                     obj/ALIENFLIGHTF3/stm32f30x_dbgmcu.o (symbol from plugin)
DBGMCU_GetDEVID                                   obj/ALIENFLIGHTF3/stm32f30x_dbgmcu.o (symbol from plugin)
DBGMCU_GetREVID                                   obj/ALIENFLIGHTF3/stm32f30x_dbgmcu.o (symbol from plugin)
DMA1_Channel1_IRQHandler                          /tmp/ccJXnJ2G.ltrans0.ltrans.o
                                                  obj/ALIENFLIGHTF3/dma.o (symbol from plugin)
                                                  obj/ALIENFLIGHTF3/startup_stm32f30x_md_gcc.o
DMA1_Channel2_IRQHandler                          /tmp/ccJXnJ2G.ltrans0.ltrans.o
                                                  obj/ALIENFLIGHTF3/dma.o (symbol from plugin)
                                                  obj/ALIENFLIGHTF3/startup_stm32f30x_md_gcc.o
DMA1_Channel3_IRQHandler                          /tmp/ccJXnJ2G.ltrans0.ltrans.o
                                                  obj/ALIENFLIGHTF3/dma.o (symbol from plugin)
                                                  obj/ALIENFLIGHTF3/startup_stm32f30x_md_gcc.o
DMA1_Channel4_IRQHandler                          /tmp/ccJXnJ2G.ltrans0.ltrans.o
                                                  obj/ALIENFLIGHTF3/dma.o (symbol from plugin)
                                                  obj/ALIENFLIGHTF3/startup_stm32f30x_md_gcc.o
DMA1_Channel5_IRQHandler                          /tmp/ccJXnJ2G.ltrans0.ltrans.o
                                                  obj/ALIENFLIGHTF3/dma.o (symbol from plugin)
                                                  obj/ALIENFLIGHTF3/startup_stm32f30x_md_gcc.o
DMA1_Channel6_IRQHandler                          /tmp/ccJXnJ2G.ltrans0.ltrans.o
                                                  obj/ALIENFLIGHTF3/dma.o (symbol from plugin)
                                                  obj/ALIENFLIGHTF3/startup_stm32f30x_md_gcc.o
DMA1_Channel7_IRQHandler                          /tmp/ccJXnJ2G.ltrans0.ltrans.o
                                                  obj/ALIENFLIGHTF3/dma.o (symbol from plugin)
                                                  obj/ALIENFLIGHTF3/startup_stm32f30x_md_gcc.o
DMA2_Channel1_IRQHandler                          /tmp/ccJXnJ2G.ltrans0.ltrans.o
                                                  obj/ALIENFLIGHTF3/dma.o (symbol from plugin)
                                                  obj/ALIENFLIGHTF3/startup_stm32f30x_md_gcc.o
DMA2_Channel2_IRQHandler                          /tmp/ccJXnJ2G.ltrans0.ltrans.o
                                                  obj/ALIENFLIGHTF3/dma.o (symbol from plugin)
                                                  obj/ALIENFLIGHTF3/startup_stm32f30x_md_gcc.o
DMA2_Channel3_IRQHandler                          /tmp/ccJXnJ2G.ltrans0.ltrans.o
                                                  obj/ALIENFLIGHTF3/dma.o (symbol from plugin)
                                                  obj/ALIENFLIGHTF3/startup_stm32f30x_md_gcc.o
DMA2_Channel4_IRQHandler                          /tmp/ccJXnJ2G.ltrans0.ltrans.o
                                                  obj/ALIENFLIGHTF3/dma.o (symbol from plugin)
                                                  obj/ALIENFLIGHTF3/startup_stm32f30x_md_gcc.o
DMA2_Channel5_IRQHandler                          /tmp/ccJXnJ2G.ltrans0.ltrans.o
                                                  obj/ALIENFLIGHTF3/dma.o (symbol from plugin)
                                                  obj/ALIENFLIGHTF3/startup_stm32f30x_md_gcc.o
DMA_ClearFlag                                     obj/ALIENFLIGHTF3/stm32f30x_dma.o (symbol from plugin)
DMA_ClearITPendingBit                             obj/ALIENFLIGHTF3/stm32f30x_dma.o (symbol from plugin)
DMA_Cmd                                           obj/ALIENFLIGHTF3/stm32f30x_dma.o (symbol from plugin)
                                                  obj/ALIENFLIGHTF3/serial_uart_stm32f30x.o (symbol from plugin)
                                                  obj/ALIENFLIGHTF3/serial_uart.o (symbol from plugin)
DMA_DeInit                                        obj/ALIENFLIGHTF3/stm32f30x_dma.o (symbol from plugin)
                                                  obj/ALIENFLIGHTF3/serial_uart.o (symbol from plugin)
DMA_GetCurrDataCounter                            obj/ALIENFLIGHTF3/stm32f30x_dma.o (symbol from plugin)
                                                  obj/ALIENFLIGHTF3/serial_uart.o (symbol from plugin)
DMA_GetFlagStatus                                 obj/ALIENFLIGHTF3/stm32f30x_dma.o (symbol from plugin)
DMA_GetITStatus                                   obj/ALIENFLIGHTF3/stm32f30x_dma.o (symbol from plugin)
DMA_IRQHandler                                    obj/ALIENFLIGHTF3/dma.o (symbol from plugin)
DMA_ITConfig                                      obj/ALIENFLIGHTF3/stm32f30x_dma.o (symbol from plugin)
                                                  obj/ALIENFLIGHTF3/serial_uart.o (symbol from plugin)
DMA_Init                                          obj/ALIENFLIGHTF3/stm32f30x_dma.o (symbol from plugin)
                                                  obj/ALIENFLIGHTF3/serial_uart.o (symbol from plugin)
DMA_SetCurrDataCounter                            obj/ALIENFLIGHTF3/stm32f30x_dma.o (symbol from plugin)
                                                  obj/ALIENFLIGHTF3/serial_uart.o (symbol from plugin)
DMA_StructInit                                    obj/ALIENFLIGHTF3/stm32f30x_dma.o (symbol from plugin)
                                                  obj/ALIENFLIGHTF3/serial_uart.o (symbol from plugin)
DataStageIn.lto_priv.36                           /tmp/ccJXnJ2G.ltrans0.ltrans.o
                                                  /tmp/ccJXnJ2G.ltrans1.ltrans.o
Data_Mul_MaxPacketSize                            /tmp/ccJXnJ2G.ltrans1.ltrans.o
                                                  obj/ALIENFLIGHTF3/usb_core.o (symbol from plugin)
                                                  /tmp/ccJXnJ2G.ltrans0.ltrans.o
DebugMon_Handler                                  /tmp/ccJXnJ2G.ltrans1.ltrans.o
                                                  obj/ALIENFLIGHTF3/vcp/stm32_it.o (symbol from plugin)
                                                  obj/ALIENFLIGHTF3/startup_stm32f30x_md_gcc.o
Default_Handler                                   obj/ALIENFLIGHTF3/startup_stm32f30x_md_gcc.o
Device_Descriptor                                 obj/ALIENFLIGHTF3/vcp/usb_prop.o (symbol from plugin)
Device_Info                                       /tmp/ccJXnJ2G.ltrans2.ltrans.o
                                                  obj/ALIENFLIGHTF3/usb_init.o (symbol from plugin)
                                                  /tmp/ccJXnJ2G.ltrans3.ltrans.o
                                                  obj/ALIENFLIGHTF3/vcp/usb_prop.o (symbol from plugin)
                                                  obj/ALIENFLIGHTF3/vcp/hw_config.o (symbol from plugin)
Device_Property                                   /tmp/ccJXnJ2G.ltrans2.ltrans.o
                                                  obj/ALIENFLIGHTF3/vcp/usb_prop.o (symbol from plugin)
                                                  /tmp/ccJXnJ2G.ltrans3.ltrans.o
                                                  /tmp/ccJXnJ2G.ltrans1.ltrans.o
                                                  /tmp/ccJXnJ2G.ltrans0.ltrans.o
                                                  obj/ALIENFLIGHTF3/vcp/usb_istr.o (symbol from plugin)
                                                  obj/ALIENFLIGHTF3/usb_init.o (symbol from plugin)
                                                  obj/ALIENFLIGHTF3/usb_core.o (symbol from plugin)
Device_Table                                      /tmp/ccJXnJ2G.ltrans1.ltrans.o
                                                  obj/ALIENFLIGHTF3/vcp/usb_prop.o (symbol from plugin)
                                                  obj/ALIENFLIGHTF3/usb_core.o (symbol from plugin)
EP                                                obj/ALIENFLIGHTF3/vcp/usb_pwr.o (symbol from plugin)
EP1_IN_Callback                                   /tmp/ccJXnJ2G.ltrans3.ltrans.o
                                                  obj/ALIENFLIGHTF3/vcp/usb_endp.o (symbol from plugin)
                                                  /tmp/ccJXnJ2G.ltrans1.ltrans.o
                                                  obj/ALIENFLIGHTF3/vcp/usb_istr.o (symbol from plugin)
EP3_OUT_Callback                                  /tmp/ccJXnJ2G.ltrans3.ltrans.o
                                                  obj/ALIENFLIGHTF3/vcp/usb_endp.o (symbol from plugin)
                                                  /tmp/ccJXnJ2G.ltrans1.ltrans.o
                                                  obj/ALIENFLIGHTF3/vcp/usb_istr.o (symbol from plugin)
EPindex                                           obj/ALIENFLIGHTF3/usb_init.o (symbol from plugin)
                                                  obj/ALIENFLIGHTF3/usb_int.o (symbol from plugin)
EXTI0_IRQHandler                                  /tmp/ccJXnJ2G.ltrans0.ltrans.o
                                                  obj/ALIENFLIGHTF3/exti.o (symbol from plugin)
                                                  obj/ALIENFLIGHTF3/startup_stm32f30x_md_gcc.o
EXTI15_10_IRQHandler                              /tmp/ccJXnJ2G.ltrans0.ltrans.o
                                                  obj/ALIENFLIGHTF3/exti.o (symbol from plugin)
                                                  obj/ALIENFLIGHTF3/startup_stm32f30x_md_gcc.o
EXTI1_IRQHandler                                  /tmp/ccJXnJ2G.ltrans0.ltrans.o
                                                  obj/ALIENFLIGHTF3/exti.o (symbol from plugin)
                                                  obj/ALIENFLIGHTF3/startup_stm32f30x_md_gcc.o
EXTI2_TS_IRQHandler                               /tmp/ccJXnJ2G.ltrans0.ltrans.o
                                                  obj/ALIENFLIGHTF3/exti.o (symbol from plugin)
                                                  obj/ALIENFLIGHTF3/startup_stm32f30x_md_gcc.o
EXTI3_IRQHandler                                  /tmp/ccJXnJ2G.ltrans0.ltrans.o
                                                  obj/ALIENFLIGHTF3/exti.o (symbol from plugin)
                                                  obj/ALIENFLIGHTF3/startup_stm32f30x_md_gcc.o
EXTI4_IRQHandler                                  /tmp/ccJXnJ2G.ltrans0.ltrans.o
                                                  obj/ALIENFLIGHTF3/exti.o (symbol from plugin)
                                                  obj/ALIENFLIGHTF3/startup_stm32f30x_md_gcc.o
EXTI9_5_IRQHandler                                /tmp/ccJXnJ2G.ltrans0.ltrans.o
                                                  obj/ALIENFLIGHTF3/exti.o (symbol from plugin)
                                                  obj/ALIENFLIGHTF3/startup_stm32f30x_md_gcc.o
EXTIConfig                                        obj/ALIENFLIGHTF3/exti.o (symbol from plugin)
EXTIEnable                                        obj/ALIENFLIGHTF3/exti.o (symbol from plugin)
EXTIHandlerInit                                   obj/ALIENFLIGHTF3/exti.o (symbol from plugin)
EXTIInit                                          obj/ALIENFLIGHTF3/exti.o (symbol from plugin)
EXTIRelease                                       obj/ALIENFLIGHTF3/exti.o (symbol from plugin)
EXTI_ClearFlag                                    obj/ALIENFLIGHTF3/stm32f30x_exti.o (symbol from plugin)
EXTI_ClearITPendingBit                            obj/ALIENFLIGHTF3/stm32f30x_exti.o (symbol from plugin)
                                                  obj/ALIENFLIGHTF3/vcp/stm32_it.o (symbol from plugin)
                                                  obj/ALIENFLIGHTF3/vcp/hw_config.o (symbol from plugin)
                                                  obj/ALIENFLIGHTF3/exti.o (symbol from plugin)
EXTI_DeInit                                       obj/ALIENFLIGHTF3/stm32f30x_exti.o (symbol from plugin)
EXTI_GenerateSWInterrupt                          obj/ALIENFLIGHTF3/stm32f30x_exti.o (symbol from plugin)
EXTI_GetFlagStatus                                obj/ALIENFLIGHTF3/stm32f30x_exti.o (symbol from plugin)
EXTI_GetITStatus                                  obj/ALIENFLIGHTF3/stm32f30x_exti.o (symbol from plugin)
EXTI_IRQHandler                                   obj/ALIENFLIGHTF3/exti.o (symbol from plugin)
EXTI_Init                                         obj/ALIENFLIGHTF3/stm32f30x_exti.o (symbol from plugin)
                                                  obj/ALIENFLIGHTF3/vcp/hw_config.o (symbol from plugin)
                                                  obj/ALIENFLIGHTF3/exti.o (symbol from plugin)
EXTI_InitStructure                                obj/ALIENFLIGHTF3/vcp/hw_config.o (symbol from plugin)
EXTI_StructInit                                   obj/ALIENFLIGHTF3/stm32f30x_exti.o (symbol from plugin)
Enter_LowPowerMode                                obj/ALIENFLIGHTF3/vcp/hw_config.o (symbol from plugin)
FLASH_ClearFlag                                   obj/ALIENFLIGHTF3/stm32f30x_flash.o (symbol from plugin)
FLASH_EraseAllPages                               obj/ALIENFLIGHTF3/stm32f30x_flash.o (symbol from plugin)
FLASH_ErasePage                                   obj/ALIENFLIGHTF3/stm32f30x_flash.o (symbol from plugin)
FLASH_GetFlagStatus                               obj/ALIENFLIGHTF3/stm32f30x_flash.o (symbol from plugin)
FLASH_GetStatus                                   obj/ALIENFLIGHTF3/stm32f30x_flash.o (symbol from plugin)
FLASH_HalfCycleAccessCmd                          obj/ALIENFLIGHTF3/stm32f30x_flash.o (symbol from plugin)
FLASH_IRQHandler                                  obj/ALIENFLIGHTF3/startup_stm32f30x_md_gcc.o
FLASH_ITConfig                                    obj/ALIENFLIGHTF3/stm32f30x_flash.o (symbol from plugin)
FLASH_Lock                                        obj/ALIENFLIGHTF3/stm32f30x_flash.o (symbol from plugin)
FLASH_OB_BOOTConfig                               obj/ALIENFLIGHTF3/stm32f30x_flash.o (symbol from plugin)
FLASH_OB_EnableWRP                                obj/ALIENFLIGHTF3/stm32f30x_flash.o (symbol from plugin)
FLASH_OB_Erase                                    obj/ALIENFLIGHTF3/stm32f30x_flash.o (symbol from plugin)
FLASH_OB_GetRDP                                   obj/ALIENFLIGHTF3/stm32f30x_flash.o (symbol from plugin)
FLASH_OB_GetUser                                  obj/ALIENFLIGHTF3/stm32f30x_flash.o (symbol from plugin)
FLASH_OB_GetWRP                                   obj/ALIENFLIGHTF3/stm32f30x_flash.o (symbol from plugin)
FLASH_OB_Launch                                   obj/ALIENFLIGHTF3/stm32f30x_flash.o (symbol from plugin)
FLASH_OB_Lock                                     obj/ALIENFLIGHTF3/stm32f30x_flash.o (symbol from plugin)
FLASH_OB_RDPConfig                                obj/ALIENFLIGHTF3/stm32f30x_flash.o (symbol from plugin)
FLASH_OB_SRAMParityConfig                         obj/ALIENFLIGHTF3/stm32f30x_flash.o (symbol from plugin)
FLASH_OB_Unlock                                   obj/ALIENFLIGHTF3/stm32f30x_flash.o (symbol from plugin)
FLASH_OB_UserConfig                               obj/ALIENFLIGHTF3/stm32f30x_flash.o (symbol from plugin)
FLASH_OB_VDDAConfig                               obj/ALIENFLIGHTF3/stm32f30x_flash.o (symbol from plugin)
FLASH_OB_WriteUser                                obj/ALIENFLIGHTF3/stm32f30x_flash.o (symbol from plugin)
FLASH_PrefetchBufferCmd                           obj/ALIENFLIGHTF3/stm32f30x_flash.o (symbol from plugin)
FLASH_ProgramHalfWord                             obj/ALIENFLIGHTF3/stm32f30x_flash.o (symbol from plugin)
FLASH_ProgramOptionByteData                       obj/ALIENFLIGHTF3/stm32f30x_flash.o (symbol from plugin)
FLASH_ProgramWord                                 obj/ALIENFLIGHTF3/stm32f30x_flash.o (symbol from plugin)
FLASH_SetLatency                                  obj/ALIENFLIGHTF3/stm32f30x_flash.o (symbol from plugin)
FLASH_Unlock                                      obj/ALIENFLIGHTF3/stm32f30x_flash.o (symbol from plugin)
FLASH_WaitForLastOperation                        obj/ALIENFLIGHTF3/stm32f30x_flash.o (symbol from plugin)
FPU_IRQHandler                                    obj/ALIENFLIGHTF3/startup_stm32f30x_md_gcc.o
FreeUserBuffer                                    obj/ALIENFLIGHTF3/usb_regs.o (symbol from plugin)
GPIO_DeInit                                       obj/ALIENFLIGHTF3/stm32f30x_gpio.o (symbol from plugin)
GPIO_Init                                         /tmp/ccJXnJ2G.ltrans0.ltrans.o
                                                  obj/ALIENFLIGHTF3/stm32f30x_gpio.o (symbol from plugin)
                                                  /tmp/ccJXnJ2G.ltrans2.ltrans.o
                                                  obj/ALIENFLIGHTF3/usb_io.o (symbol from plugin)
                                                  obj/ALIENFLIGHTF3/vcp/hw_config.o (symbol from plugin)
                                                  obj/ALIENFLIGHTF3/io.o (symbol from plugin)
                                                  obj/ALIENFLIGHTF3/serial_uart_stm32f30x.o (symbol from plugin)
                                                  obj/ALIENFLIGHTF3/gpio_stm32f30x.o (symbol from plugin)
GPIO_PinAFConfig                                  obj/ALIENFLIGHTF3/stm32f30x_gpio.o (symbol from plugin)
                                                  obj/ALIENFLIGHTF3/vcp/hw_config.o (symbol from plugin)
                                                  obj/ALIENFLIGHTF3/io.o (symbol from plugin)
                                                  obj/ALIENFLIGHTF3/timer.o (symbol from plugin)
                                                  obj/ALIENFLIGHTF3/serial_uart_stm32f30x.o (symbol from plugin)
GPIO_PinLockConfig                                obj/ALIENFLIGHTF3/stm32f30x_gpio.o (symbol from plugin)
GPIO_ReadInputData                                obj/ALIENFLIGHTF3/stm32f30x_gpio.o (symbol from plugin)
GPIO_ReadInputDataBit                             obj/ALIENFLIGHTF3/stm32f30x_gpio.o (symbol from plugin)
GPIO_ReadOutputData                               obj/ALIENFLIGHTF3/stm32f30x_gpio.o (symbol from plugin)
GPIO_ReadOutputDataBit                            obj/ALIENFLIGHTF3/stm32f30x_gpio.o (symbol from plugin)
GPIO_ResetBits                                    obj/ALIENFLIGHTF3/stm32f30x_gpio.o (symbol from plugin)
                                                  obj/ALIENFLIGHTF3/usb_io.o (symbol from plugin)
GPIO_SetBits                                      obj/ALIENFLIGHTF3/stm32f30x_gpio.o (symbol from plugin)
                                                  obj/ALIENFLIGHTF3/usb_io.o (symbol from plugin)
                                                  obj/ALIENFLIGHTF3/serial_uart_stm32f30x.o (symbol from plugin)
GPIO_StructInit                                   obj/ALIENFLIGHTF3/stm32f30x_gpio.o (symbol from plugin)
GPIO_Write                                        obj/ALIENFLIGHTF3/stm32f30x_gpio.o (symbol from plugin)
GPIO_WriteBit                                     obj/ALIENFLIGHTF3/stm32f30x_gpio.o (symbol from plugin)
GetBTABLE                                         obj/ALIENFLIGHTF3/usb_regs.o (symbol from plugin)
GetCNTR                                           obj/ALIENFLIGHTF3/usb_regs.o (symbol from plugin)
GetDADDR                                          obj/ALIENFLIGHTF3/usb_regs.o (symbol from plugin)
GetENDPOINT                                       obj/ALIENFLIGHTF3/usb_regs.o (symbol from plugin)
GetEPAddress                                      obj/ALIENFLIGHTF3/usb_regs.o (symbol from plugin)
GetEPDblBuf0Addr                                  obj/ALIENFLIGHTF3/usb_regs.o (symbol from plugin)
GetEPDblBuf0Count                                 obj/ALIENFLIGHTF3/usb_regs.o (symbol from plugin)
GetEPDblBuf1Addr                                  obj/ALIENFLIGHTF3/usb_regs.o (symbol from plugin)
GetEPDblBuf1Count                                 obj/ALIENFLIGHTF3/usb_regs.o (symbol from plugin)
GetEPDblBufDir                                    obj/ALIENFLIGHTF3/usb_regs.o (symbol from plugin)
GetEPRxAddr                                       obj/ALIENFLIGHTF3/usb_regs.o (symbol from plugin)
                                                  obj/ALIENFLIGHTF3/usb_sil.o (symbol from plugin)
                                                  obj/ALIENFLIGHTF3/usb_core.o (symbol from plugin)
GetEPRxCount                                      obj/ALIENFLIGHTF3/usb_regs.o (symbol from plugin)
                                                  obj/ALIENFLIGHTF3/vcp/usb_endp.o (symbol from plugin)
                                                  obj/ALIENFLIGHTF3/usb_sil.o (symbol from plugin)
GetEPRxStatus                                     obj/ALIENFLIGHTF3/usb_regs.o (symbol from plugin)
GetEPTxAddr                                       obj/ALIENFLIGHTF3/usb_regs.o (symbol from plugin)
                                                  obj/ALIENFLIGHTF3/usb_sil.o (symbol from plugin)
                                                  obj/ALIENFLIGHTF3/usb_core.o (symbol from plugin)
GetEPTxCount                                      obj/ALIENFLIGHTF3/usb_regs.o (symbol from plugin)
GetEPTxStatus                                     obj/ALIENFLIGHTF3/usb_regs.o (symbol from plugin)
GetEPType                                         obj/ALIENFLIGHTF3/usb_regs.o (symbol from plugin)
GetFNR                                            obj/ALIENFLIGHTF3/usb_regs.o (symbol from plugin)
GetISTR                                           obj/ALIENFLIGHTF3/usb_regs.o (symbol from plugin)
GetRxStallStatus                                  obj/ALIENFLIGHTF3/usb_regs.o (symbol from plugin)
GetTxStallStatus                                  obj/ALIENFLIGHTF3/usb_regs.o (symbol from plugin)
Get_SerialNum                                     obj/ALIENFLIGHTF3/vcp/hw_config.o (symbol from plugin)
                                                  obj/ALIENFLIGHTF3/vcp/usb_prop.o (symbol from plugin)
HRTIM_ADCTriggerConfig                            obj/ALIENFLIGHTF3/stm32f30x_hrtim.o (symbol from plugin)
HRTIM_BurstDMAConfig                              obj/ALIENFLIGHTF3/stm32f30x_hrtim.o (symbol from plugin)
HRTIM_BurstModeConfig                             obj/ALIENFLIGHTF3/stm32f30x_hrtim.o (symbol from plugin)
HRTIM_BurstModeCtl                                obj/ALIENFLIGHTF3/stm32f30x_hrtim.o (symbol from plugin)
HRTIM_ChopperModeConfig                           obj/ALIENFLIGHTF3/stm32f30x_hrtim.o (symbol from plugin)
HRTIM_ClearCommonFlag                             obj/ALIENFLIGHTF3/stm32f30x_hrtim.o (symbol from plugin)
HRTIM_ClearCommonITPendingBit                     obj/ALIENFLIGHTF3/stm32f30x_hrtim.o (symbol from plugin)
HRTIM_ClearFlag                                   obj/ALIENFLIGHTF3/stm32f30x_hrtim.o (symbol from plugin)
HRTIM_ClearITPendingBit                           obj/ALIENFLIGHTF3/stm32f30x_hrtim.o (symbol from plugin)
HRTIM_DLLCalibrationStart                         obj/ALIENFLIGHTF3/stm32f30x_hrtim.o (symbol from plugin)
HRTIM_DMACmd                                      obj/ALIENFLIGHTF3/stm32f30x_hrtim.o (symbol from plugin)
HRTIM_DeInit                                      obj/ALIENFLIGHTF3/stm32f30x_hrtim.o (symbol from plugin)
HRTIM_DeadTimeConfig                              obj/ALIENFLIGHTF3/stm32f30x_hrtim.o (symbol from plugin)
HRTIM_EventConfig                                 obj/ALIENFLIGHTF3/stm32f30x_hrtim.o (symbol from plugin)
HRTIM_EventPrescalerConfig                        obj/ALIENFLIGHTF3/stm32f30x_hrtim.o (symbol from plugin)
HRTIM_FaultConfig                                 obj/ALIENFLIGHTF3/stm32f30x_hrtim.o (symbol from plugin)
HRTIM_FaultModeCtl                                obj/ALIENFLIGHTF3/stm32f30x_hrtim.o (symbol from plugin)
HRTIM_FaultPrescalerConfig                        obj/ALIENFLIGHTF3/stm32f30x_hrtim.o (symbol from plugin)
HRTIM_GetBurstStatus                              obj/ALIENFLIGHTF3/stm32f30x_hrtim.o (symbol from plugin)
HRTIM_GetCapturedValue                            obj/ALIENFLIGHTF3/stm32f30x_hrtim.o (symbol from plugin)
HRTIM_GetCommonFlagStatus                         obj/ALIENFLIGHTF3/stm32f30x_hrtim.o (symbol from plugin)
HRTIM_GetCommonITStatus                           obj/ALIENFLIGHTF3/stm32f30x_hrtim.o (symbol from plugin)
HRTIM_GetCurrentPushPullStatus                    obj/ALIENFLIGHTF3/stm32f30x_hrtim.o (symbol from plugin)
HRTIM_GetDelayedProtectionStatus                  obj/ALIENFLIGHTF3/stm32f30x_hrtim.o (symbol from plugin)
HRTIM_GetFlagStatus                               obj/ALIENFLIGHTF3/stm32f30x_hrtim.o (symbol from plugin)
HRTIM_GetITStatus                                 obj/ALIENFLIGHTF3/stm32f30x_hrtim.o (symbol from plugin)
HRTIM_GetIdlePushPullStatus                       obj/ALIENFLIGHTF3/stm32f30x_hrtim.o (symbol from plugin)
HRTIM_ITCommonConfig                              obj/ALIENFLIGHTF3/stm32f30x_hrtim.o (symbol from plugin)
HRTIM_ITConfig                                    obj/ALIENFLIGHTF3/stm32f30x_hrtim.o (symbol from plugin)
HRTIM_MasterSetCompare                            obj/ALIENFLIGHTF3/stm32f30x_hrtim.o (symbol from plugin)
HRTIM_SimpleBaseStart                             obj/ALIENFLIGHTF3/stm32f30x_hrtim.o (symbol from plugin)
HRTIM_SimpleBaseStop                              obj/ALIENFLIGHTF3/stm32f30x_hrtim.o (symbol from plugin)
HRTIM_SimpleBase_Init                             obj/ALIENFLIGHTF3/stm32f30x_hrtim.o (symbol from plugin)
HRTIM_SimpleCaptureChannelConfig                  obj/ALIENFLIGHTF3/stm32f30x_hrtim.o (symbol from plugin)
HRTIM_SimpleCaptureStart                          obj/ALIENFLIGHTF3/stm32f30x_hrtim.o (symbol from plugin)
HRTIM_SimpleCaptureStop                           obj/ALIENFLIGHTF3/stm32f30x_hrtim.o (symbol from plugin)
HRTIM_SimpleCapture_Init                          obj/ALIENFLIGHTF3/stm32f30x_hrtim.o (symbol from plugin)
HRTIM_SimpleOCChannelConfig                       obj/ALIENFLIGHTF3/stm32f30x_hrtim.o (symbol from plugin)
HRTIM_SimpleOCStart                               obj/ALIENFLIGHTF3/stm32f30x_hrtim.o (symbol from plugin)
HRTIM_SimpleOCStop                                obj/ALIENFLIGHTF3/stm32f30x_hrtim.o (symbol from plugin)
HRTIM_SimpleOC_Init                               obj/ALIENFLIGHTF3/stm32f30x_hrtim.o (symbol from plugin)
HRTIM_SimpleOnePulseChannelConfig                 obj/ALIENFLIGHTF3/stm32f30x_hrtim.o (symbol from plugin)
HRTIM_SimpleOnePulseStart                         obj/ALIENFLIGHTF3/stm32f30x_hrtim.o (symbol from plugin)
HRTIM_SimpleOnePulseStop                          obj/ALIENFLIGHTF3/stm32f30x_hrtim.o (symbol from plugin)
HRTIM_SimpleOnePulse_Init                         obj/ALIENFLIGHTF3/stm32f30x_hrtim.o (symbol from plugin)
HRTIM_SimplePWMChannelConfig                      obj/ALIENFLIGHTF3/stm32f30x_hrtim.o (symbol from plugin)
HRTIM_SimplePWMStart                              obj/ALIENFLIGHTF3/stm32f30x_hrtim.o (symbol from plugin)
HRTIM_SimplePWMStop                               obj/ALIENFLIGHTF3/stm32f30x_hrtim.o (symbol from plugin)
HRTIM_SimplePWM_Init                              obj/ALIENFLIGHTF3/stm32f30x_hrtim.o (symbol from plugin)
HRTIM_SlaveSetCompare                             obj/ALIENFLIGHTF3/stm32f30x_hrtim.o (symbol from plugin)
HRTIM_SoftwareCapture                             obj/ALIENFLIGHTF3/stm32f30x_hrtim.o (symbol from plugin)
HRTIM_SoftwareReset                               obj/ALIENFLIGHTF3/stm32f30x_hrtim.o (symbol from plugin)
HRTIM_SoftwareUpdate                              obj/ALIENFLIGHTF3/stm32f30x_hrtim.o (symbol from plugin)
HRTIM_SynchronizationConfig                       obj/ALIENFLIGHTF3/stm32f30x_hrtim.o (symbol from plugin)
HRTIM_TimerEventFilteringConfig                   obj/ALIENFLIGHTF3/stm32f30x_hrtim.o (symbol from plugin)
HRTIM_WaveformCaptureConfig                       obj/ALIENFLIGHTF3/stm32f30x_hrtim.o (symbol from plugin)
HRTIM_WaveformCompareConfig                       obj/ALIENFLIGHTF3/stm32f30x_hrtim.o (symbol from plugin)
HRTIM_WaveformCounterStart                        obj/ALIENFLIGHTF3/stm32f30x_hrtim.o (symbol from plugin)
HRTIM_WaveformCounterStop                         obj/ALIENFLIGHTF3/stm32f30x_hrtim.o (symbol from plugin)
HRTIM_WaveformGetOutputLevel                      obj/ALIENFLIGHTF3/stm32f30x_hrtim.o (symbol from plugin)
HRTIM_WaveformGetOutputState                      obj/ALIENFLIGHTF3/stm32f30x_hrtim.o (symbol from plugin)
HRTIM_WaveformOutputConfig                        obj/ALIENFLIGHTF3/stm32f30x_hrtim.o (symbol from plugin)
HRTIM_WaveformOutputStart                         obj/ALIENFLIGHTF3/stm32f30x_hrtim.o (symbol from plugin)
HRTIM_WaveformOutputStop                          obj/ALIENFLIGHTF3/stm32f30x_hrtim.o (symbol from plugin)
HRTIM_WaveformSetOutputLevel                      obj/ALIENFLIGHTF3/stm32f30x_hrtim.o (symbol from plugin)
HRTIM_WaveformTimerConfig                         obj/ALIENFLIGHTF3/stm32f30x_hrtim.o (symbol from plugin)
HRTIM_Waveform_Init                               obj/ALIENFLIGHTF3/stm32f30x_hrtim.o (symbol from plugin)
HSEStartUpStatus                                  obj/ALIENFLIGHTF3/vcp/hw_config.o (symbol from plugin)
HardFault_Handler                                 /tmp/ccJXnJ2G.ltrans4.ltrans.o
                                                  obj/ALIENFLIGHTF3/Arduino.o (symbol from plugin)
                                                  obj/ALIENFLIGHTF3/startup_stm32f30x_md_gcc.o
HardwareSerial0::begin(unsigned long)             obj/ALIENFLIGHTF3/Arduino.o (symbol from plugin)
HardwareSerial0::read()                           obj/ALIENFLIGHTF3/Arduino.o (symbol from plugin)
HardwareSerial1::begin(unsigned long)             obj/ALIENFLIGHTF3/Arduino.o (symbol from plugin)
HardwareSerial1::read()                           obj/ALIENFLIGHTF3/Arduino.o (symbol from plugin)
HardwareSerial::available()                       obj/ALIENFLIGHTF3/Arduino.o (symbol from plugin)
HardwareSerial::flush()                           obj/ALIENFLIGHTF3/Arduino.o (symbol from plugin)
HardwareSerial::write(unsigned char)              obj/ALIENFLIGHTF3/Arduino.o (symbol from plugin)
I2C1_ER_IRQHandler                                obj/ALIENFLIGHTF3/startup_stm32f30x_md_gcc.o
I2C1_EV_IRQHandler                                obj/ALIENFLIGHTF3/startup_stm32f30x_md_gcc.o
I2C2_ER_IRQHandler                                obj/ALIENFLIGHTF3/startup_stm32f30x_md_gcc.o
I2C2_EV_IRQHandler                                obj/ALIENFLIGHTF3/startup_stm32f30x_md_gcc.o
I2C_10BitAddressHeaderCmd                         obj/ALIENFLIGHTF3/stm32f30x_i2c.o (symbol from plugin)
I2C_10BitAddressingModeCmd                        obj/ALIENFLIGHTF3/stm32f30x_i2c.o (symbol from plugin)
I2C_AcknowledgeConfig                             obj/ALIENFLIGHTF3/stm32f30x_i2c.o (symbol from plugin)
I2C_AutoEndCmd                                    obj/ALIENFLIGHTF3/stm32f30x_i2c.o (symbol from plugin)
I2C_CalculatePEC                                  obj/ALIENFLIGHTF3/stm32f30x_i2c.o (symbol from plugin)
I2C_ClearFlag                                     obj/ALIENFLIGHTF3/stm32f30x_i2c.o (symbol from plugin)
I2C_ClearITPendingBit                             obj/ALIENFLIGHTF3/stm32f30x_i2c.o (symbol from plugin)
I2C_ClockTimeoutCmd                               obj/ALIENFLIGHTF3/stm32f30x_i2c.o (symbol from plugin)
I2C_Cmd                                           obj/ALIENFLIGHTF3/stm32f30x_i2c.o (symbol from plugin)
I2C_DMACmd                                        obj/ALIENFLIGHTF3/stm32f30x_i2c.o (symbol from plugin)
I2C_DeInit                                        obj/ALIENFLIGHTF3/stm32f30x_i2c.o (symbol from plugin)
I2C_DualAddressCmd                                obj/ALIENFLIGHTF3/stm32f30x_i2c.o (symbol from plugin)
I2C_ExtendedClockTimeoutCmd                       obj/ALIENFLIGHTF3/stm32f30x_i2c.o (symbol from plugin)
I2C_GeneralCallCmd                                obj/ALIENFLIGHTF3/stm32f30x_i2c.o (symbol from plugin)
I2C_GenerateSTART                                 obj/ALIENFLIGHTF3/stm32f30x_i2c.o (symbol from plugin)
I2C_GenerateSTOP                                  obj/ALIENFLIGHTF3/stm32f30x_i2c.o (symbol from plugin)
I2C_GetAddressMatched                             obj/ALIENFLIGHTF3/stm32f30x_i2c.o (symbol from plugin)
I2C_GetFlagStatus                                 obj/ALIENFLIGHTF3/stm32f30x_i2c.o (symbol from plugin)
I2C_GetITStatus                                   obj/ALIENFLIGHTF3/stm32f30x_i2c.o (symbol from plugin)
I2C_GetPEC                                        obj/ALIENFLIGHTF3/stm32f30x_i2c.o (symbol from plugin)
I2C_GetTransferDirection                          obj/ALIENFLIGHTF3/stm32f30x_i2c.o (symbol from plugin)
I2C_ITConfig                                      obj/ALIENFLIGHTF3/stm32f30x_i2c.o (symbol from plugin)
I2C_IdleClockTimeoutCmd                           obj/ALIENFLIGHTF3/stm32f30x_i2c.o (symbol from plugin)
I2C_Init                                          obj/ALIENFLIGHTF3/stm32f30x_i2c.o (symbol from plugin)
I2C_MasterRequestConfig                           obj/ALIENFLIGHTF3/stm32f30x_i2c.o (symbol from plugin)
I2C_NumberOfBytesConfig                           obj/ALIENFLIGHTF3/stm32f30x_i2c.o (symbol from plugin)
I2C_OwnAddress2Config                             obj/ALIENFLIGHTF3/stm32f30x_i2c.o (symbol from plugin)
I2C_PECRequestCmd                                 obj/ALIENFLIGHTF3/stm32f30x_i2c.o (symbol from plugin)
I2C_ReadRegister                                  obj/ALIENFLIGHTF3/stm32f30x_i2c.o (symbol from plugin)
I2C_ReceiveData                                   obj/ALIENFLIGHTF3/stm32f30x_i2c.o (symbol from plugin)
I2C_ReloadCmd                                     obj/ALIENFLIGHTF3/stm32f30x_i2c.o (symbol from plugin)
I2C_SMBusAlertCmd                                 obj/ALIENFLIGHTF3/stm32f30x_i2c.o (symbol from plugin)
I2C_SendData                                      obj/ALIENFLIGHTF3/stm32f30x_i2c.o (symbol from plugin)
I2C_SlaveAddressConfig                            obj/ALIENFLIGHTF3/stm32f30x_i2c.o (symbol from plugin)
I2C_SlaveByteControlCmd                           obj/ALIENFLIGHTF3/stm32f30x_i2c.o (symbol from plugin)
I2C_SoftwareResetCmd                              obj/ALIENFLIGHTF3/stm32f30x_i2c.o (symbol from plugin)
I2C_StopModeCmd                                   obj/ALIENFLIGHTF3/stm32f30x_i2c.o (symbol from plugin)
I2C_StretchClockCmd                               obj/ALIENFLIGHTF3/stm32f30x_i2c.o (symbol from plugin)
I2C_StructInit                                    obj/ALIENFLIGHTF3/stm32f30x_i2c.o (symbol from plugin)
I2C_TimeoutAConfig                                obj/ALIENFLIGHTF3/stm32f30x_i2c.o (symbol from plugin)
I2C_TimeoutBConfig                                obj/ALIENFLIGHTF3/stm32f30x_i2c.o (symbol from plugin)
I2C_TransferHandling                              obj/ALIENFLIGHTF3/stm32f30x_i2c.o (symbol from plugin)
I2S_Cmd                                           obj/ALIENFLIGHTF3/stm32f30x_spi.o (symbol from plugin)
I2S_FullDuplexConfig                              obj/ALIENFLIGHTF3/stm32f30x_spi.o (symbol from plugin)
I2S_Init                                          obj/ALIENFLIGHTF3/stm32f30x_spi.o (symbol from plugin)
I2S_StructInit                                    obj/ALIENFLIGHTF3/stm32f30x_spi.o (symbol from plugin)
IOConfigGPIO                                      obj/ALIENFLIGHTF3/io.o (symbol from plugin)
IOConfigGPIOAF                                    obj/ALIENFLIGHTF3/io.o (symbol from plugin)
IOGetByTag                                        obj/ALIENFLIGHTF3/io.o (symbol from plugin)
IOGetOwner                                        obj/ALIENFLIGHTF3/io.o (symbol from plugin)
IOGetResources                                    obj/ALIENFLIGHTF3/io.o (symbol from plugin)
IOHi                                              obj/ALIENFLIGHTF3/io.o (symbol from plugin)
IOInit                                            obj/ALIENFLIGHTF3/io.o (symbol from plugin)
IOInitGlobal                                      obj/ALIENFLIGHTF3/io.o (symbol from plugin)
                                                  obj/ALIENFLIGHTF3/Arduino.o (symbol from plugin)
IOLo                                              obj/ALIENFLIGHTF3/io.o (symbol from plugin)
IORead                                            obj/ALIENFLIGHTF3/io.o (symbol from plugin)
IORelease                                         obj/ALIENFLIGHTF3/io.o (symbol from plugin)
IOToggle                                          obj/ALIENFLIGHTF3/io.o (symbol from plugin)
IOWrite                                           obj/ALIENFLIGHTF3/io.o (symbol from plugin)
IO_EXTI_Line                                      obj/ALIENFLIGHTF3/io.o (symbol from plugin)
                                                  obj/ALIENFLIGHTF3/exti.o (symbol from plugin)
IO_EXTI_PinSource                                 obj/ALIENFLIGHTF3/io.o (symbol from plugin)
                                                  obj/ALIENFLIGHTF3/exti.o (symbol from plugin)
IO_EXTI_PortSourceGPIO                            obj/ALIENFLIGHTF3/io.o (symbol from plugin)
                                                  obj/ALIENFLIGHTF3/exti.o (symbol from plugin)
IO_GPIO                                           obj/ALIENFLIGHTF3/io.o (symbol from plugin)
IO_GPIOPinIdx                                     obj/ALIENFLIGHTF3/io.o (symbol from plugin)
                                                  obj/ALIENFLIGHTF3/exti.o (symbol from plugin)
IO_GPIOPortIdx                                    obj/ALIENFLIGHTF3/io.o (symbol from plugin)
IO_GPIO_PinSource                                 obj/ALIENFLIGHTF3/io.o (symbol from plugin)
IO_GPIO_PortSource                                obj/ALIENFLIGHTF3/io.o (symbol from plugin)
IO_Pin                                            obj/ALIENFLIGHTF3/io.o (symbol from plugin)
IO_Rec                                            obj/ALIENFLIGHTF3/io.o (symbol from plugin)
IWDG_Enable                                       obj/ALIENFLIGHTF3/stm32f30x_iwdg.o (symbol from plugin)
IWDG_GetFlagStatus                                obj/ALIENFLIGHTF3/stm32f30x_iwdg.o (symbol from plugin)
IWDG_ReloadCounter                                obj/ALIENFLIGHTF3/stm32f30x_iwdg.o (symbol from plugin)
IWDG_SetPrescaler                                 obj/ALIENFLIGHTF3/stm32f30x_iwdg.o (symbol from plugin)
IWDG_SetReload                                    obj/ALIENFLIGHTF3/stm32f30x_iwdg.o (symbol from plugin)
IWDG_SetWindowValue                               obj/ALIENFLIGHTF3/stm32f30x_iwdg.o (symbol from plugin)
IWDG_WriteAccessCmd                               obj/ALIENFLIGHTF3/stm32f30x_iwdg.o (symbol from plugin)
In0_Process                                       obj/ALIENFLIGHTF3/usb_core.o (symbol from plugin)
                                                  obj/ALIENFLIGHTF3/usb_int.o (symbol from plugin)
IntToUnicode.lto_priv.35                          /tmp/ccJXnJ2G.ltrans1.ltrans.o
                                                  /tmp/ccJXnJ2G.ltrans3.ltrans.o
Leave_LowPowerMode                                obj/ALIENFLIGHTF3/vcp/hw_config.o (symbol from plugin)
                                                  obj/ALIENFLIGHTF3/vcp/usb_pwr.o (symbol from plugin)
MemManage_Handler                                 /tmp/ccJXnJ2G.ltrans1.ltrans.o
                                                  obj/ALIENFLIGHTF3/vcp/stm32_it.o (symbol from plugin)
                                                  obj/ALIENFLIGHTF3/startup_stm32f30x_md_gcc.o
NMI_Handler                                       /tmp/ccJXnJ2G.ltrans1.ltrans.o
                                                  obj/ALIENFLIGHTF3/vcp/stm32_it.o (symbol from plugin)
                                                  obj/ALIENFLIGHTF3/startup_stm32f30x_md_gcc.o
NOP_Process                                       /tmp/ccJXnJ2G.ltrans1.ltrans.o
                                                  obj/ALIENFLIGHTF3/usb_core.o (symbol from plugin)
                                                  /tmp/ccJXnJ2G.ltrans2.ltrans.o
                                                  obj/ALIENFLIGHTF3/vcp/usb_prop.o (symbol from plugin)
                                                  obj/ALIENFLIGHTF3/vcp/usb_istr.o (symbol from plugin)
NVIC_Init                                         obj/ALIENFLIGHTF3/stm32f30x_misc.o (symbol from plugin)
                                                  obj/ALIENFLIGHTF3/vcp/hw_config.o (symbol from plugin)
                                                  obj/ALIENFLIGHTF3/dma.o (symbol from plugin)
                                                  obj/ALIENFLIGHTF3/exti.o (symbol from plugin)
                                                  obj/ALIENFLIGHTF3/timer.o (symbol from plugin)
                                                  obj/ALIENFLIGHTF3/serial_uart_stm32f30x.o (symbol from plugin)
NVIC_Init.part.0.constprop.18                     /tmp/ccJXnJ2G.ltrans4.ltrans.o
                                                  /tmp/ccJXnJ2G.ltrans2.ltrans.o
NVIC_PriorityGroupConfig                          obj/ALIENFLIGHTF3/stm32f30x_misc.o (symbol from plugin)
                                                  obj/ALIENFLIGHTF3/vcp/hw_config.o (symbol from plugin)
                                                  obj/ALIENFLIGHTF3/system.o (symbol from plugin)
NVIC_SetVectorTable                               obj/ALIENFLIGHTF3/stm32f30x_misc.o (symbol from plugin)
NVIC_SystemLPConfig                               obj/ALIENFLIGHTF3/stm32f30x_misc.o (symbol from plugin)
OPAMP_Cmd                                         obj/ALIENFLIGHTF3/stm32f30x_opamp.o (symbol from plugin)
OPAMP_DeInit                                      obj/ALIENFLIGHTF3/stm32f30x_opamp.o (symbol from plugin)
OPAMP_GetOutputLevel                              obj/ALIENFLIGHTF3/stm32f30x_opamp.o (symbol from plugin)
OPAMP_Init                                        obj/ALIENFLIGHTF3/stm32f30x_opamp.o (symbol from plugin)
OPAMP_LockConfig                                  obj/ALIENFLIGHTF3/stm32f30x_opamp.o (symbol from plugin)
OPAMP_OffsetTrimConfig                            obj/ALIENFLIGHTF3/stm32f30x_opamp.o (symbol from plugin)
OPAMP_OffsetTrimModeSelect                        obj/ALIENFLIGHTF3/stm32f30x_opamp.o (symbol from plugin)
OPAMP_PGAConfig                                   obj/ALIENFLIGHTF3/stm32f30x_opamp.o (symbol from plugin)
OPAMP_StartCalibration                            obj/ALIENFLIGHTF3/stm32f30x_opamp.o (symbol from plugin)
OPAMP_StructInit                                  obj/ALIENFLIGHTF3/stm32f30x_opamp.o (symbol from plugin)
OPAMP_TimerControlledMuxCmd                       obj/ALIENFLIGHTF3/stm32f30x_opamp.o (symbol from plugin)
OPAMP_TimerControlledMuxConfig                    obj/ALIENFLIGHTF3/stm32f30x_opamp.o (symbol from plugin)
OPAMP_VrefConfig                                  obj/ALIENFLIGHTF3/stm32f30x_opamp.o (symbol from plugin)
OPAMP_VrefConnectADCCmd                           obj/ALIENFLIGHTF3/stm32f30x_opamp.o (symbol from plugin)
OPAMP_VrefConnectNonInvertingInput                obj/ALIENFLIGHTF3/stm32f30x_opamp.o (symbol from plugin)
Out0_Process                                      obj/ALIENFLIGHTF3/usb_core.o (symbol from plugin)
                                                  obj/ALIENFLIGHTF3/usb_int.o (symbol from plugin)
PMAToUserBufferCopy                               obj/ALIENFLIGHTF3/usb_mem.o (symbol from plugin)
                                                  obj/ALIENFLIGHTF3/vcp/usb_endp.o (symbol from plugin)
                                                  obj/ALIENFLIGHTF3/usb_sil.o (symbol from plugin)
                                                  obj/ALIENFLIGHTF3/usb_core.o (symbol from plugin)
PVD_IRQHandler                                    obj/ALIENFLIGHTF3/startup_stm32f30x_md_gcc.o
PWR_BackupAccessCmd                               obj/ALIENFLIGHTF3/stm32f30x_pwr.o (symbol from plugin)
PWR_ClearFlag                                     obj/ALIENFLIGHTF3/stm32f30x_pwr.o (symbol from plugin)
PWR_DeInit                                        obj/ALIENFLIGHTF3/stm32f30x_pwr.o (symbol from plugin)
PWR_EnterSTANDBYMode                              obj/ALIENFLIGHTF3/stm32f30x_pwr.o (symbol from plugin)
PWR_EnterSTOPMode                                 obj/ALIENFLIGHTF3/stm32f30x_pwr.o (symbol from plugin)
PWR_EnterSleepMode                                obj/ALIENFLIGHTF3/stm32f30x_pwr.o (symbol from plugin)
PWR_GetFlagStatus                                 obj/ALIENFLIGHTF3/stm32f30x_pwr.o (symbol from plugin)
PWR_PVDCmd                                        obj/ALIENFLIGHTF3/stm32f30x_pwr.o (symbol from plugin)
PWR_PVDLevelConfig                                obj/ALIENFLIGHTF3/stm32f30x_pwr.o (symbol from plugin)
PWR_WakeUpPinCmd                                  obj/ALIENFLIGHTF3/stm32f30x_pwr.o (symbol from plugin)
PendSV_Handler                                    /tmp/ccJXnJ2G.ltrans1.ltrans.o
                                                  obj/ALIENFLIGHTF3/vcp/stm32_it.o (symbol from plugin)
                                                  obj/ALIENFLIGHTF3/startup_stm32f30x_md_gcc.o
Post0_Process                                     /tmp/ccJXnJ2G.ltrans0.ltrans.o
                                                  obj/ALIENFLIGHTF3/usb_core.o (symbol from plugin)
                                                  /tmp/ccJXnJ2G.ltrans1.ltrans.o
PowerOff                                          obj/ALIENFLIGHTF3/vcp/usb_pwr.o (symbol from plugin)
PowerOn                                           obj/ALIENFLIGHTF3/vcp/usb_pwr.o (symbol from plugin)
                                                  obj/ALIENFLIGHTF3/vcp/usb_prop.o (symbol from plugin)
RCC_ADCCLKConfig                                  obj/ALIENFLIGHTF3/stm32f30x_rcc.o (symbol from plugin)
RCC_AHBPeriphClockCmd                             obj/ALIENFLIGHTF3/stm32f30x_rcc.o (symbol from plugin)
                                                  obj/ALIENFLIGHTF3/usb_io.o (symbol from plugin)
                                                  obj/ALIENFLIGHTF3/vcp/hw_config.o (symbol from plugin)
                                                  obj/ALIENFLIGHTF3/dma.o (symbol from plugin)
                                                  obj/ALIENFLIGHTF3/timer.o (symbol from plugin)
                                                  obj/ALIENFLIGHTF3/system_stm32f30x.o (symbol from plugin)
                                                  obj/ALIENFLIGHTF3/light_led_stm32f30x.o (symbol from plugin)
RCC_AHBPeriphResetCmd                             obj/ALIENFLIGHTF3/stm32f30x_rcc.o (symbol from plugin)
                                                  obj/ALIENFLIGHTF3/stm32f30x_adc.o (symbol from plugin)
                                                  obj/ALIENFLIGHTF3/stm32f30x_gpio.o (symbol from plugin)
RCC_APB1PeriphClockCmd                            obj/ALIENFLIGHTF3/stm32f30x_rcc.o (symbol from plugin)
                                                  obj/ALIENFLIGHTF3/vcp/hw_config.o (symbol from plugin)
                                                  obj/ALIENFLIGHTF3/timer.o (symbol from plugin)
                                                  obj/ALIENFLIGHTF3/serial_uart_stm32f30x.o (symbol from plugin)
RCC_APB1PeriphResetCmd                            obj/ALIENFLIGHTF3/stm32f30x_rcc.o (symbol from plugin)
                                                  obj/ALIENFLIGHTF3/stm32f30x_wwdg.o (symbol from plugin)
                                                  obj/ALIENFLIGHTF3/stm32f30x_usart.o (symbol from plugin)
                                                  obj/ALIENFLIGHTF3/stm32f30x_tim.o (symbol from plugin)
                                                  obj/ALIENFLIGHTF3/stm32f30x_spi.o (symbol from plugin)
                                                  obj/ALIENFLIGHTF3/stm32f30x_pwr.o (symbol from plugin)
                                                  obj/ALIENFLIGHTF3/stm32f30x_i2c.o (symbol from plugin)
                                                  obj/ALIENFLIGHTF3/stm32f30x_dac.o (symbol from plugin)
RCC_APB2PeriphClockCmd                            obj/ALIENFLIGHTF3/stm32f30x_rcc.o (symbol from plugin)
                                                  obj/ALIENFLIGHTF3/vcp/hw_config.o (symbol from plugin)
                                                  obj/ALIENFLIGHTF3/exti.o (symbol from plugin)
                                                  obj/ALIENFLIGHTF3/timer.o (symbol from plugin)
                                                  obj/ALIENFLIGHTF3/serial_uart_stm32f30x.o (symbol from plugin)
RCC_APB2PeriphResetCmd                            obj/ALIENFLIGHTF3/stm32f30x_rcc.o (symbol from plugin)
                                                  obj/ALIENFLIGHTF3/stm32f30x_usart.o (symbol from plugin)
                                                  obj/ALIENFLIGHTF3/stm32f30x_tim.o (symbol from plugin)
                                                  obj/ALIENFLIGHTF3/stm32f30x_spi.o (symbol from plugin)
                                                  obj/ALIENFLIGHTF3/stm32f30x_hrtim.o (symbol from plugin)
RCC_AdjustHSICalibrationValue                     obj/ALIENFLIGHTF3/stm32f30x_rcc.o (symbol from plugin)
RCC_BackupResetCmd                                obj/ALIENFLIGHTF3/stm32f30x_rcc.o (symbol from plugin)
RCC_ClearFlag                                     obj/ALIENFLIGHTF3/stm32f30x_rcc.o (symbol from plugin)
                                                  obj/ALIENFLIGHTF3/system.o (symbol from plugin)
RCC_ClearITPendingBit                             obj/ALIENFLIGHTF3/stm32f30x_rcc.o (symbol from plugin)
RCC_ClockCmd                                      obj/ALIENFLIGHTF3/io.o (symbol from plugin)
RCC_ClockSecuritySystemCmd                        obj/ALIENFLIGHTF3/stm32f30x_rcc.o (symbol from plugin)
RCC_DeInit                                        obj/ALIENFLIGHTF3/stm32f30x_rcc.o (symbol from plugin)
RCC_GetClocksFreq                                 obj/ALIENFLIGHTF3/stm32f30x_rcc.o (symbol from plugin)
                                                  obj/ALIENFLIGHTF3/stm32f30x_usart.o (symbol from plugin)
                                                  obj/ALIENFLIGHTF3/stm32f30x_spi.o (symbol from plugin)
                                                  obj/ALIENFLIGHTF3/system.o (symbol from plugin)
RCC_GetFlagStatus                                 obj/ALIENFLIGHTF3/stm32f30x_rcc.o (symbol from plugin)
RCC_GetITStatus                                   obj/ALIENFLIGHTF3/stm32f30x_rcc.o (symbol from plugin)
RCC_GetSYSCLKSource                               obj/ALIENFLIGHTF3/stm32f30x_rcc.o (symbol from plugin)
RCC_HCLKConfig                                    obj/ALIENFLIGHTF3/stm32f30x_rcc.o (symbol from plugin)
RCC_HRTIM1CLKConfig                               obj/ALIENFLIGHTF3/stm32f30x_rcc.o (symbol from plugin)
RCC_HSEConfig                                     obj/ALIENFLIGHTF3/stm32f30x_rcc.o (symbol from plugin)
RCC_HSICmd                                        obj/ALIENFLIGHTF3/stm32f30x_rcc.o (symbol from plugin)
RCC_I2CCLKConfig                                  obj/ALIENFLIGHTF3/stm32f30x_rcc.o (symbol from plugin)
RCC_I2SCLKConfig                                  obj/ALIENFLIGHTF3/stm32f30x_rcc.o (symbol from plugin)
RCC_IRQHandler                                    obj/ALIENFLIGHTF3/startup_stm32f30x_md_gcc.o
RCC_ITConfig                                      obj/ALIENFLIGHTF3/stm32f30x_rcc.o (symbol from plugin)
RCC_LSEConfig                                     obj/ALIENFLIGHTF3/stm32f30x_rcc.o (symbol from plugin)
RCC_LSEDriveConfig                                obj/ALIENFLIGHTF3/stm32f30x_rcc.o (symbol from plugin)
RCC_LSICmd                                        obj/ALIENFLIGHTF3/stm32f30x_rcc.o (symbol from plugin)
RCC_MCOConfig                                     obj/ALIENFLIGHTF3/stm32f30x_rcc.o (symbol from plugin)
RCC_PCLK1Config                                   obj/ALIENFLIGHTF3/stm32f30x_rcc.o (symbol from plugin)
RCC_PCLK2Config                                   obj/ALIENFLIGHTF3/stm32f30x_rcc.o (symbol from plugin)
RCC_PLLCmd                                        obj/ALIENFLIGHTF3/stm32f30x_rcc.o (symbol from plugin)
RCC_PLLConfig                                     obj/ALIENFLIGHTF3/stm32f30x_rcc.o (symbol from plugin)
RCC_PREDIV1Config                                 obj/ALIENFLIGHTF3/stm32f30x_rcc.o (symbol from plugin)
RCC_RTCCLKCmd                                     obj/ALIENFLIGHTF3/stm32f30x_rcc.o (symbol from plugin)
RCC_RTCCLKConfig                                  obj/ALIENFLIGHTF3/stm32f30x_rcc.o (symbol from plugin)
RCC_SYSCLKConfig                                  obj/ALIENFLIGHTF3/stm32f30x_rcc.o (symbol from plugin)
RCC_TIMCLKConfig                                  obj/ALIENFLIGHTF3/stm32f30x_rcc.o (symbol from plugin)
RCC_USARTCLKConfig                                obj/ALIENFLIGHTF3/stm32f30x_rcc.o (symbol from plugin)
RCC_USBCLKConfig                                  obj/ALIENFLIGHTF3/stm32f30x_rcc.o (symbol from plugin)
                                                  obj/ALIENFLIGHTF3/vcp/hw_config.o (symbol from plugin)
RCC_WaitForHSEStartUp                             obj/ALIENFLIGHTF3/stm32f30x_rcc.o (symbol from plugin)
RTC_AlarmCmd                                      obj/ALIENFLIGHTF3/stm32f30x_rtc.o (symbol from plugin)
RTC_AlarmStructInit                               obj/ALIENFLIGHTF3/stm32f30x_rtc.o (symbol from plugin)
RTC_AlarmSubSecondConfig                          obj/ALIENFLIGHTF3/stm32f30x_rtc.o (symbol from plugin)
RTC_Alarm_IRQHandler                              obj/ALIENFLIGHTF3/startup_stm32f30x_md_gcc.o
RTC_BypassShadowCmd                               obj/ALIENFLIGHTF3/stm32f30x_rtc.o (symbol from plugin)
RTC_CalibOutputCmd                                obj/ALIENFLIGHTF3/stm32f30x_rtc.o (symbol from plugin)
RTC_CalibOutputConfig                             obj/ALIENFLIGHTF3/stm32f30x_rtc.o (symbol from plugin)
RTC_ClearFlag                                     obj/ALIENFLIGHTF3/stm32f30x_rtc.o (symbol from plugin)
RTC_ClearITPendingBit                             obj/ALIENFLIGHTF3/stm32f30x_rtc.o (symbol from plugin)
RTC_DateStructInit                                obj/ALIENFLIGHTF3/stm32f30x_rtc.o (symbol from plugin)
RTC_DayLightSavingConfig                          obj/ALIENFLIGHTF3/stm32f30x_rtc.o (symbol from plugin)
RTC_DeInit                                        obj/ALIENFLIGHTF3/stm32f30x_rtc.o (symbol from plugin)
RTC_EnterInitMode                                 obj/ALIENFLIGHTF3/stm32f30x_rtc.o (symbol from plugin)
RTC_ExitInitMode                                  obj/ALIENFLIGHTF3/stm32f30x_rtc.o (symbol from plugin)
RTC_GetAlarm                                      obj/ALIENFLIGHTF3/stm32f30x_rtc.o (symbol from plugin)
RTC_GetAlarmSubSecond                             obj/ALIENFLIGHTF3/stm32f30x_rtc.o (symbol from plugin)
RTC_GetDate                                       obj/ALIENFLIGHTF3/stm32f30x_rtc.o (symbol from plugin)
RTC_GetFlagStatus                                 obj/ALIENFLIGHTF3/stm32f30x_rtc.o (symbol from plugin)
RTC_GetITStatus                                   obj/ALIENFLIGHTF3/stm32f30x_rtc.o (symbol from plugin)
RTC_GetStoreOperation                             obj/ALIENFLIGHTF3/stm32f30x_rtc.o (symbol from plugin)
RTC_GetSubSecond                                  obj/ALIENFLIGHTF3/stm32f30x_rtc.o (symbol from plugin)
RTC_GetTime                                       obj/ALIENFLIGHTF3/stm32f30x_rtc.o (symbol from plugin)
RTC_GetTimeStamp                                  obj/ALIENFLIGHTF3/stm32f30x_rtc.o (symbol from plugin)
RTC_GetTimeStampSubSecond                         obj/ALIENFLIGHTF3/stm32f30x_rtc.o (symbol from plugin)
RTC_GetWakeUpCounter                              obj/ALIENFLIGHTF3/stm32f30x_rtc.o (symbol from plugin)
RTC_ITConfig                                      obj/ALIENFLIGHTF3/stm32f30x_rtc.o (symbol from plugin)
RTC_Init                                          obj/ALIENFLIGHTF3/stm32f30x_rtc.o (symbol from plugin)
RTC_OutputConfig                                  obj/ALIENFLIGHTF3/stm32f30x_rtc.o (symbol from plugin)
RTC_OutputTypeConfig                              obj/ALIENFLIGHTF3/stm32f30x_rtc.o (symbol from plugin)
RTC_ReadBackupRegister                            obj/ALIENFLIGHTF3/stm32f30x_rtc.o (symbol from plugin)
RTC_RefClockCmd                                   obj/ALIENFLIGHTF3/stm32f30x_rtc.o (symbol from plugin)
RTC_SetAlarm                                      obj/ALIENFLIGHTF3/stm32f30x_rtc.o (symbol from plugin)
RTC_SetDate                                       obj/ALIENFLIGHTF3/stm32f30x_rtc.o (symbol from plugin)
RTC_SetTime                                       obj/ALIENFLIGHTF3/stm32f30x_rtc.o (symbol from plugin)
RTC_SetWakeUpCounter                              obj/ALIENFLIGHTF3/stm32f30x_rtc.o (symbol from plugin)
RTC_SmoothCalibConfig                             obj/ALIENFLIGHTF3/stm32f30x_rtc.o (symbol from plugin)
RTC_StructInit                                    obj/ALIENFLIGHTF3/stm32f30x_rtc.o (symbol from plugin)
RTC_SynchroShiftConfig                            obj/ALIENFLIGHTF3/stm32f30x_rtc.o (symbol from plugin)
RTC_TamperCmd                                     obj/ALIENFLIGHTF3/stm32f30x_rtc.o (symbol from plugin)
RTC_TamperFilterConfig                            obj/ALIENFLIGHTF3/stm32f30x_rtc.o (symbol from plugin)
RTC_TamperPinsPrechargeDuration                   obj/ALIENFLIGHTF3/stm32f30x_rtc.o (symbol from plugin)
RTC_TamperPullUpCmd                               obj/ALIENFLIGHTF3/stm32f30x_rtc.o (symbol from plugin)